--------- beginning of crash
02-27 08:35:20.899  1006  1006 I libpq_sec: mtk-brm-commit-id:8d52b75ecea4b0c2129c05428261104d5b4c7e6f
02-27 08:35:20.899  1006  1006 I libpq_sec: mtk-brm-change-id:Idfe06ff5198c0d6cc7248bb4a94299f37013c3e3
02-27 08:35:20.899  1006  1006 I libpq_sec: mtk-brm-merge-id:none
02-27 08:35:20.900  1003  1003 I libpq_sec: mtk-brm-commit-id:8d52b75ecea4b0c2129c05428261104d5b4c7e6f
02-27 08:35:20.900  1003  1003 I libpq_sec: mtk-brm-change-id:Idfe06ff5198c0d6cc7248bb4a94299f37013c3e3
02-27 08:35:20.900  1003  1003 I libpq_sec: mtk-brm-merge-id:none
02-27 08:35:21.175  1075  1141 I libged  : mtk-brm-commit-id:8f279a13f0709684183c66949c3aedba30471847
02-27 08:35:21.175  1075  1141 I libged  : mtk-brm-change-id:I9678c768ba1e3699d9c1b78051980c2e6eb41dfa
02-27 08:35:21.175  1075  1141 I libged  : mtk-brm-merge-id:none
02-27 08:35:21.206  1075  1141 I libGLES_mali: mtk-brm-commit-id:2dd3679a7a9ae1ac1c71018445b123e29438be5c
02-27 08:35:21.206  1075  1141 I libGLES_mali: mtk-brm-change-id:I2fd435266d7e8eadf0bdf45a2881b673239705c1
02-27 08:35:21.206  1075  1141 I libGLES_mali: mtk-brm-merge-id:none
02-27 08:35:21.519  1188  1188 I libneuralnetworks_sl_driver: mtk-brm-commit-id:161f105d8fdcda4d5f9ff10858623788849cd706
02-27 08:35:21.519  1188  1188 I libneuralnetworks_sl_driver: mtk-brm-change-id:I3cc60e15bedb425deae97e4ba62ce9795469d0f0
02-27 08:35:21.519  1188  1188 I libneuralnetworks_sl_driver: mtk-brm-merge-id:none
02-27 08:35:21.520  1188  1188 I neuralnetworks_shim: mtk-brm-commit-id:25a38658d8fcdbb20664f319d3ecf9d75fd3654c
02-27 08:35:21.520  1188  1188 I neuralnetworks_shim: mtk-brm-change-id:I98bca291cad1df955fc3a2dd4a672c689604df9b
02-27 08:35:21.520  1188  1188 I neuralnetworks_shim: mtk-brm-merge-id:none
02-27 08:35:21.522  1189  1189 I thermal_core: mtk-brm-commit-id:234641ae27aad1cfcf52a5ba536c107c965a52ab
02-27 08:35:21.522  1189  1189 I thermal_core: mtk-brm-change-id:Ieb2106d5ec215adedae5ff15a92923dc35fdb2bc
02-27 08:35:21.522  1189  1189 I thermal_core: mtk-brm-merge-id:none
02-27 08:35:21.562  1188  1188 I cpu_nn  : mtk-brm-commit-id:e0b1e6a299e09326d1e3c00df0bee88777f15fb0
02-27 08:35:21.562  1188  1188 I cpu_nn  : mtk-brm-change-id:Ia06225ca2806a5f28be95902c2303b12e9a90c38
02-27 08:35:21.562  1188  1188 I cpu_nn  : mtk-brm-merge-id:none
02-27 08:35:21.583  1188  1188 I cmdl    : mtk-brm-commit-id:83b79bc206164073c4933dac9048e8bbf2468a2f
02-27 08:35:21.583  1188  1188 I cmdl    : mtk-brm-change-id:I3f996dc2e36f9014a83a3c7740956ca173b56f36
02-27 08:35:21.583  1188  1188 I cmdl    : mtk-brm-merge-id:none
02-27 08:35:21.586  1188  1188 I gpu_nn  : mtk-brm-commit-id:0b5fce9d2ecbb9be75db033475f121621364bbd0
02-27 08:35:21.588  1188  1188 I gpu_nn  : mtk-brm-change-id:Icf488c65b434d1938ee3d916fb07216f278b708b
02-27 08:35:21.588  1188  1188 I gpu_nn  : mtk-brm-merge-id:none
02-27 08:35:21.602  1182  1182 I libimsma_adapt: mtk-brm-commit-id:86b746c21fd235c214611f3344cf70649e895fd7
02-27 08:35:21.603  1182  1182 I libimsma_adapt: mtk-brm-change-id:I44c926fb2a62b0816d0a8d12e3957bca373f1721
02-27 08:35:21.603  1182  1182 I libimsma_adapt: mtk-brm-merge-id:none
02-27 08:35:21.695  1244  1244 I emdlogger: mtk-brm-commit-id:9d634ad4aaec05afd61a48cc390c2f3e7ba213ba
02-27 08:35:21.695  1244  1244 I emdlogger: mtk-brm-change-id:I95f7f5b11ef3b8f02e5bc26abd93bf70033f9e48
02-27 08:35:21.695  1244  1244 I emdlogger: mtk-brm-merge-id:none
02-27 08:35:21.812  1293  1293 I libpq_sec: mtk-brm-commit-id:8d52b75ecea4b0c2129c05428261104d5b4c7e6f
02-27 08:35:21.812  1293  1293 I libpq_sec: mtk-brm-change-id:Idfe06ff5198c0d6cc7248bb4a94299f37013c3e3
02-27 08:35:21.812  1293  1293 I libpq_sec: mtk-brm-merge-id:none
02-27 08:35:21.886  1294  1294 I libpq_sec: mtk-brm-commit-id:8d52b75ecea4b0c2129c05428261104d5b4c7e6f
02-27 08:35:21.886  1294  1294 I libpq_sec: mtk-brm-change-id:Idfe06ff5198c0d6cc7248bb4a94299f37013c3e3
02-27 08:35:21.886  1294  1294 I libpq_sec: mtk-brm-merge-id:none
02-27 08:35:23.624  1258  1258 I mcnr_algo: mtk-brm-commit-id:dd4929e6a71bd0be06b2d18234833692e8dec44f
02-27 08:35:23.624  1258  1258 I mcnr_algo: mtk-brm-change-id:I4260c971d731b542818aac96725266c809617407
02-27 08:35:23.624  1258  1258 I mcnr_algo: mtk-brm-merge-id:none
02-27 08:35:23.663  1258  1258 I libpq_sec: mtk-brm-commit-id:8d52b75ecea4b0c2129c05428261104d5b4c7e6f
02-27 08:35:23.663  1258  1258 I libpq_sec: mtk-brm-change-id:Idfe06ff5198c0d6cc7248bb4a94299f37013c3e3
02-27 08:35:23.663  1258  1258 I libpq_sec: mtk-brm-merge-id:none
02-27 08:35:33.150  2842  2842 I thermal_core: mtk-brm-commit-id:74ef16098784dd698d10950c8fd3f47295ee3fc0
02-27 08:35:33.150  2842  2842 I thermal_core: mtk-brm-change-id:I4b22c22d8511bdb8c07debbac82b1564676111e8
02-27 08:35:33.150  2842  2842 I thermal_core: mtk-brm-merge-id:none
02-27 08:35:58.260  1050  1050 I liboemcrypto: mtk-brm-commit-id:42dd6e7f89438f3318124f9493ca62ece27e05cf
02-27 08:35:58.260  1050  1050 I liboemcrypto: mtk-brm-change-id:Ifa8f19c763601e53c5a662fc54eb11853ade09e0
02-27 08:35:58.260  1050  1050 I liboemcrypto: mtk-brm-merge-id:none
02-27 18:51:05.033  9827  9827 F libc    : error: "/data/data/com.termux/files/home/.openfang/bin/openfang": executable's TLS segment is underaligned: alignment is 8 (skew 0), needs to be at least 64 for ARM64 Bionic
02-27 18:51:05.033  9827  9827 F libc    : Fatal signal 6 (SIGABRT), code -1 (SI_QUEUE) in tid 9827 (linker64), pid 9827 (linker64)
02-27 18:51:05.155  9830  9830 F DEBUG   : *** *** *** *** *** *** *** *** *** *** *** *** *** *** *** ***
02-27 18:51:05.155  9830  9830 F DEBUG   : Build fingerprint: 'Nothing/Tetris/Tetris:16/BP2A.250605.031.A3/2601081653:user/release-keys'
02-27 18:51:05.155  9830  9830 F DEBUG   : Revision: '0'
02-27 18:51:05.155  9830  9830 F DEBUG   : ABI: 'arm64'
02-27 18:51:05.155  9830  9830 F DEBUG   : Timestamp: 2026-02-27 18:51:05.130129387-0800
02-27 18:51:05.155  9830  9830 F DEBUG   : Process uptime: 1s
02-27 18:51:05.155  9830  9830 F DEBUG   : Cmdline: /data/data/com.termux/files/home/.openfang/bin/openfang /data/data/com.termux/files/home/.openfang/bin/openfang --version
02-27 18:51:05.155  9830  9830 F DEBUG   : pid: 9827, tid: 9827, name: linker64  >>> /data/data/com.termux/files/home/.openfang/bin/openfang <<<
02-27 18:51:05.155  9830  9830 F DEBUG   : uid: 10377
02-27 18:51:05.155  9830  9830 F DEBUG   : tagged_addr_ctrl: 0000000000000001 (PR_TAGGED_ADDR_ENABLE)
02-27 18:51:05.155  9830  9830 F DEBUG   : signal 6 (SIGABRT), code -1 (SI_QUEUE), fault addr --------
02-27 18:51:05.155  9830  9830 F DEBUG   : Abort message: 'error: "/data/data/com.termux/files/home/.openfang/bin/openfang": executable's TLS segment is underaligned: alignment is 8 (skew 0), needs to be at least 64 for ARM64 Bionic'
02-27 18:51:05.155  9830  9830 F DEBUG   :     x0  0000000000000000  x1  0000000000002663  x2  0000000000000006  x3  0000007fe92e6bf0
02-27 18:51:05.155  9830  9830 F DEBUG   :     x4  68652e77746c7164  x5  68652e77746c7164  x6  68652e77746c7164  x7  7f7f7f7f7f7f7f7f
02-27 18:51:05.155  9830  9830 F DEBUG   :     x8  00000000000000f0  x9  d7dd5b83faccdc4d  x10 0000000000000001  x11 00000071cd526760
02-27 18:51:05.155  9830  9830 F DEBUG   :     x12 0000000069a25819  x13 000000007fffffff  x14 0000000000de9d7c  x15 0000006fda52a0af
02-27 18:51:05.155  9830  9830 F DEBUG   :     x16 00000071cd5e3cb0  x17 00000071cd51d340  x18 00000071cc454000  x19 0000000000002663
02-27 18:51:05.155  9830  9830 F DEBUG   :     x20 0000000000002663  x21 00000000ffffffff  x22 0000007fe92e8288  x23 0000000000000018
02-27 18:51:05.155  9830  9830 F DEBUG   :     x24 00000071cc300010  x25 00000071cd5f58d0  x26 00000071cd5fdd90  x27 00000071cd5fd000
02-27 18:51:05.156  9830  9830 F DEBUG   :     x28 00000071cd5f5000  x29 0000007fe92e6c70
02-27 18:51:05.156  9830  9830 F DEBUG   :     lr  00000071cd4ab068  sp  0000007fe92e6bf0  pc  00000071cd4ab08c  pst 0000000000001000
02-27 18:51:05.156  9830  9830 F DEBUG   : 6 total frames
02-27 18:51:05.156  9830  9830 F DEBUG   : backtrace:
02-27 18:51:05.156  9830  9830 F DEBUG   :       #00 pc 000000000005d08c  /apex/com.android.runtime/bin/linker64 (__dl_abort+156) (BuildId: 091881ffc1e2ebc7f7aaf0cbf7c9d587)
02-27 18:51:05.156  9830  9830 F DEBUG   :       #01 pc 000000000007e834  /apex/com.android.runtime/bin/linker64 (__dl__ZN15StaticTlsLayout27reserve_exe_segment_and_tcbEPK10TlsSegmentPKc+292) (BuildId: 091881ffc1e2ebc7f7aaf0cbf7c9d587)
02-27 18:51:05.156  9830  9830 F DEBUG   :       #02 pc 000000000007e66c  /apex/com.android.runtime/bin/linker64 (__dl__Z27linker_setup_exe_static_tlsPKc+60) (BuildId: 091881ffc1e2ebc7f7aaf0cbf7c9d587)
02-27 18:51:05.156  9830  9830 F DEBUG   :       #03 pc 000000000017cdec  /apex/com.android.runtime/bin/linker64 (__dl__ZL29__linker_init_post_relocationR19KernelArgumentBlockR6soinfo+1852) (BuildId: 091881ffc1e2ebc7f7aaf0cbf7c9d587)
02-27 18:51:05.156  9830  9830 F DEBUG   :       #04 pc 000000000017c548  /apex/com.android.runtime/bin/linker64 (__dl___linker_init+776) (BuildId: 091881ffc1e2ebc7f7aaf0cbf7c9d587)
02-27 18:51:05.156  9830  9830 F DEBUG   :       #05 pc 0000000000082d84  /apex/com.android.runtime/bin/linker64 (__dl__start+4) (BuildId: 091881ffc1e2ebc7f7aaf0cbf7c9d587)
02-27 18:51:23.922  9888  9888 F libc    : error: "/data/data/com.termux/files/home/.openfang/bin/openfang": executable's TLS segment is underaligned: alignment is 8 (skew 0), needs to be at least 64 for ARM64 Bionic
02-27 18:51:23.922  9888  9888 F libc    : Fatal signal 6 (SIGABRT), code -1 (SI_QUEUE) in tid 9888 (linker64), pid 9888 (linker64)
02-27 18:51:23.949  9891  9891 F DEBUG   : *** *** *** *** *** *** *** *** *** *** *** *** *** *** *** ***
02-27 18:51:23.949  9891  9891 F DEBUG   : Build fingerprint: 'Nothing/Tetris/Tetris:16/BP2A.250605.031.A3/2601081653:user/release-keys'
02-27 18:51:23.949  9891  9891 F DEBUG   : Revision: '0'
02-27 18:51:23.949  9891  9891 F DEBUG   : ABI: 'arm64'
02-27 18:51:23.949  9891  9891 F DEBUG   : Timestamp: 2026-02-27 18:51:23.944882696-0800
02-27 18:51:23.949  9891  9891 F DEBUG   : Process uptime: 1s
02-27 18:51:23.949  9891  9891 F DEBUG   : Cmdline: openfang /data/data/com.termux/files/home/.openfang/bin/openfang init
02-27 18:51:23.949  9891  9891 F DEBUG   : pid: 9888, tid: 9888, name: linker64  >>> openfang <<<
02-27 18:51:23.949  9891  9891 F DEBUG   : uid: 10377
02-27 18:51:23.950  9891  9891 F DEBUG   : tagged_addr_ctrl: 0000000000000001 (PR_TAGGED_ADDR_ENABLE)
02-27 18:51:23.950  9891  9891 F DEBUG   : signal 6 (SIGABRT), code -1 (SI_QUEUE), fault addr --------
02-27 18:51:23.950  9891  9891 F DEBUG   : Abort message: 'error: "/data/data/com.termux/files/home/.openfang/bin/openfang": executable's TLS segment is underaligned: alignment is 8 (skew 0), needs to be at least 64 for ARM64 Bionic'
02-27 18:51:23.950  9891  9891 F DEBUG   :     x0  0000000000000000  x1  00000000000026a0  x2  0000000000000006  x3  0000007ff180db20
02-27 18:51:23.950  9891  9891 F DEBUG   :     x4  68652e77746c7164  x5  68652e77746c7164  x6  68652e77746c7164  x7  7f7f7f7f7f7f7f7f
02-27 18:51:23.950  9891  9891 F DEBUG   :     x8  00000000000000f0  x9  7861be757c4e3c4e  x10 0000000000000001  x11 0000007c1504b760
02-27 18:51:23.950  9891  9891 F DEBUG   :     x12 0000000069a2582b  x13 000000007fffffff  x14 0000000000dec20c  x15 0000006fe8f594d4
02-27 18:51:23.950  9891  9891 F DEBUG   :     x16 0000007c15108cb0  x17 0000007c15042340  x18 0000007c14468000  x19 00000000000026a0
02-27 18:51:23.950  9891  9891 F DEBUG   :     x20 00000000000026a0  x21 00000000ffffffff  x22 0000007ff180f1b8  x23 0000000000000018
02-27 18:51:23.950  9891  9891 F DEBUG   :     x24 0000007c13e25010  x25 0000007c1511a8d0  x26 0000007c15122d90  x27 0000007c15122000
02-27 18:51:23.951  9891  9891 F DEBUG   :     x28 0000007c1511a000  x29 0000007ff180dba0
02-27 18:51:23.951  9891  9891 F DEBUG   :     lr  0000007c14fd0068  sp  0000007ff180db20  pc  0000007c14fd008c  pst 0000000000001000
02-27 18:51:23.951  9891  9891 F DEBUG   : 6 total frames
02-27 18:51:23.951  9891  9891 F DEBUG   : backtrace:
02-27 18:51:23.951  9891  9891 F DEBUG   :       #00 pc 000000000005d08c  /apex/com.android.runtime/bin/linker64 (__dl_abort+156) (BuildId: 091881ffc1e2ebc7f7aaf0cbf7c9d587)
02-27 18:51:23.951  9891  9891 F DEBUG   :       #01 pc 000000000007e834  /apex/com.android.runtime/bin/linker64 (__dl__ZN15StaticTlsLayout27reserve_exe_segment_and_tcbEPK10TlsSegmentPKc+292) (BuildId: 091881ffc1e2ebc7f7aaf0cbf7c9d587)
02-27 18:51:23.951  9891  9891 F DEBUG   :       #02 pc 000000000007e66c  /apex/com.android.runtime/bin/linker64 (__dl__Z27linker_setup_exe_static_tlsPKc+60) (BuildId: 091881ffc1e2ebc7f7aaf0cbf7c9d587)
02-27 18:51:23.951  9891  9891 F DEBUG   :       #03 pc 000000000017cdec  /apex/com.android.runtime/bin/linker64 (__dl__ZL29__linker_init_post_relocationR19KernelArgumentBlockR6soinfo+1852) (BuildId: 091881ffc1e2ebc7f7aaf0cbf7c9d587)
02-27 18:51:23.951  9891  9891 F DEBUG   :       #04 pc 000000000017c548  /apex/com.android.runtime/bin/linker64 (__dl___linker_init+776) (BuildId: 091881ffc1e2ebc7f7aaf0cbf7c9d587)
02-27 18:51:23.951  9891  9891 F DEBUG   :       #05 pc 0000000000082d84  /apex/com.android.runtime/bin/linker64 (__dl__start+4) (BuildId: 091881ffc1e2ebc7f7aaf0cbf7c9d587)
02-27 20:15:52.773 16241 16241 F libc    : error: "/data/data/com.termux/files/home/.openfang/bin/openfang": executable's TLS segment is underaligned: alignment is 8 (skew 0), needs to be at least 64 for ARM64 Bionic
02-27 20:15:52.774 16241 16241 F libc    : Fatal signal 6 (SIGABRT), code -1 (SI_QUEUE) in tid 16241 (linker64), pid 16241 (linker64)
02-27 20:15:52.856 16244 16244 F DEBUG   : *** *** *** *** *** *** *** *** *** *** *** *** *** *** *** ***
02-27 20:15:52.857 16244 16244 F DEBUG   : Build fingerprint: 'Nothing/Tetris/Tetris:16/BP2A.250605.031.A3/2601081653:user/release-keys'
02-27 20:15:52.857 16244 16244 F DEBUG   : Revision: '0'
02-27 20:15:52.857 16244 16244 F DEBUG   : ABI: 'arm64'
02-27 20:15:52.857 16244 16244 F DEBUG   : Timestamp: 2026-02-27 20:15:52.827696152-0800
02-27 20:15:52.857 16244 16244 F DEBUG   : Process uptime: 1s
02-27 20:15:52.858 16244 16244 F DEBUG   : Cmdline: /data/data/com.termux/files/home/.openfang/bin/openfang /data/data/com.termux/files/home/.openfang/bin/openfang --version
02-27 20:15:52.858 16244 16244 F DEBUG   : pid: 16241, tid: 16241, name: linker64  >>> /data/data/com.termux/files/home/.openfang/bin/openfang <<<
02-27 20:15:52.858 16244 16244 F DEBUG   : uid: 10377
02-27 20:15:52.858 16244 16244 F DEBUG   : tagged_addr_ctrl: 0000000000000001 (PR_TAGGED_ADDR_ENABLE)
02-27 20:15:52.858 16244 16244 F DEBUG   : signal 6 (SIGABRT), code -1 (SI_QUEUE), fault addr --------
02-27 20:15:52.859 16244 16244 F DEBUG   : Abort message: 'error: "/data/data/com.termux/files/home/.openfang/bin/openfang": executable's TLS segment is underaligned: alignment is 8 (skew 0), needs to be at least 64 for ARM64 Bionic'
02-27 20:15:52.859 16244 16244 F DEBUG   :     x0  0000000000000000  x1  0000000000003f71  x2  0000000000000006  x3  0000007fdee9fb70
02-27 20:15:52.859 16244 16244 F DEBUG   :     x4  68652e77746c7164  x5  68652e77746c7164  x6  68652e77746c7164  x7  7f7f7f7f7f7f7f7f
02-27 20:15:52.859 16244 16244 F DEBUG   :     x8  00000000000000f0  x9  2ea9279d16729a71  x10 0000000000000001  x11 00000078eb9db760
02-27 20:15:52.859 16244 16244 F DEBUG   :     x12 0000000069a26bf8  x13 000000007fffffff  x14 0000000000f62718  x15 0000007f409c82a4
02-27 20:15:52.860 16244 16244 F DEBUG   :     x16 00000078eba98cb0  x17 00000078eb9d2340  x18 00000078eb3b0000  x19 0000000000003f71
02-27 20:15:52.860 16244 16244 F DEBUG   :     x20 0000000000003f71  x21 00000000ffffffff  x22 0000007fdeea1208  x23 0000000000000018
02-27 20:15:52.860 16244 16244 F DEBUG   :     x24 00000078e87a0010  x25 00000078ebaaa8d0  x26 00000078ebab2d90  x27 00000078ebab2000
02-27 20:15:52.860 16244 16244 F DEBUG   :     x28 00000078ebaaa000  x29 0000007fdee9fbf0
02-27 20:15:52.860 16244 16244 F DEBUG   :     lr  00000078eb960068  sp  0000007fdee9fb70  pc  00000078eb96008c  pst 0000000000001000
02-27 20:15:52.860 16244 16244 F DEBUG   : 6 total frames
02-27 20:15:52.861 16244 16244 F DEBUG   : backtrace:
02-27 20:15:52.861 16244 16244 F DEBUG   :       #00 pc 000000000005d08c  /apex/com.android.runtime/bin/linker64 (__dl_abort+156) (BuildId: 091881ffc1e2ebc7f7aaf0cbf7c9d587)
02-27 20:15:52.861 16244 16244 F DEBUG   :       #01 pc 000000000007e834  /apex/com.android.runtime/bin/linker64 (__dl__ZN15StaticTlsLayout27reserve_exe_segment_and_tcbEPK10TlsSegmentPKc+292) (BuildId: 091881ffc1e2ebc7f7aaf0cbf7c9d587)
02-27 20:15:52.861 16244 16244 F DEBUG   :       #02 pc 000000000007e66c  /apex/com.android.runtime/bin/linker64 (__dl__Z27linker_setup_exe_static_tlsPKc+60) (BuildId: 091881ffc1e2ebc7f7aaf0cbf7c9d587)
02-27 20:15:52.861 16244 16244 F DEBUG   :       #03 pc 000000000017cdec  /apex/com.android.runtime/bin/linker64 (__dl__ZL29__linker_init_post_relocationR19KernelArgumentBlockR6soinfo+1852) (BuildId: 091881ffc1e2ebc7f7aaf0cbf7c9d587)
02-27 20:15:52.861 16244 16244 F DEBUG   :       #04 pc 000000000017c548  /apex/com.android.runtime/bin/linker64 (__dl___linker_init+776) (BuildId: 091881ffc1e2ebc7f7aaf0cbf7c9d587)
02-27 20:15:52.862 16244 16244 F DEBUG   :       #05 pc 0000000000082d84  /apex/com.android.runtime/bin/linker64 (__dl__start+4) (BuildId: 091881ffc1e2ebc7f7aaf0cbf7c9d587)
02-27 20:16:01.705 16289 16289 F libc    : error: "/data/data/com.termux/files/home/.openfang/bin/openfang": executable's TLS segment is underaligned: alignment is 8 (skew 0), needs to be at least 64 for ARM64 Bionic
02-27 20:16:01.705 16289 16289 F libc    : Fatal signal 6 (SIGABRT), code -1 (SI_QUEUE) in tid 16289 (linker64), pid 16289 (linker64)
02-27 20:16:01.726 16292 16292 F DEBUG   : *** *** *** *** *** *** *** *** *** *** *** *** *** *** *** ***
02-27 20:16:01.726 16292 16292 F DEBUG   : Build fingerprint: 'Nothing/Tetris/Tetris:16/BP2A.250605.031.A3/2601081653:user/release-keys'
02-27 20:16:01.726 16292 16292 F DEBUG   : Revision: '0'
02-27 20:16:01.726 16292 16292 F DEBUG   : ABI: 'arm64'
02-27 20:16:01.726 16292 16292 F DEBUG   : Timestamp: 2026-02-27 20:16:01.723226998-0800
02-27 20:16:01.726 16292 16292 F DEBUG   : Process uptime: 2s
02-27 20:16:01.726 16292 16292 F DEBUG   : Cmdline: openfang /data/data/com.termux/files/home/.openfang/bin/openfang init
02-27 20:16:01.726 16292 16292 F DEBUG   : pid: 16289, tid: 16289, name: linker64  >>> openfang <<<
02-27 20:16:01.726 16292 16292 F DEBUG   : uid: 10377
02-27 20:16:01.726 16292 16292 F DEBUG   : tagged_addr_ctrl: 0000000000000001 (PR_TAGGED_ADDR_ENABLE)
02-27 20:16:01.726 16292 16292 F DEBUG   : signal 6 (SIGABRT), code -1 (SI_QUEUE), fault addr --------
02-27 20:16:01.726 16292 16292 F DEBUG   : Abort message: 'error: "/data/data/com.termux/files/home/.openfang/bin/openfang": executable's TLS segment is underaligned: alignment is 8 (skew 0), needs to be at least 64 for ARM64 Bionic'
02-27 20:16:01.726 16292 16292 F DEBUG   :     x0  0000000000000000  x1  0000000000003fa1  x2  0000000000000006  x3  0000007fea376270
02-27 20:16:01.726 16292 16292 F DEBUG   :     x4  68652e77746c7164  x5  68652e77746c7164  x6  68652e77746c7164  x7  7f7f7f7f7f7f7f7f
02-27 20:16:01.726 16292 16292 F DEBUG   :     x8  00000000000000f0  x9  5f3ef4ced7ac87b3  x10 0000000000000001  x11 0000007b8c043760
02-27 20:16:01.727 16292 16292 F DEBUG   :     x12 0000000069a26c01  x13 000000007fffffff  x14 0000000000f6388a  x15 0000007f47882e13
02-27 20:16:01.727 16292 16292 F DEBUG   :     x16 0000007b8c100cb0  x17 0000007b8c03a340  x18 0000007b8b874000  x19 0000000000003fa1
02-27 20:16:01.727 16292 16292 F DEBUG   :     x20 0000000000003fa1  x21 00000000ffffffff  x22 0000007fea377908  x23 0000000000000018
02-27 20:16:01.727 16292 16292 F DEBUG   :     x24 0000007b8ae1d010  x25 0000007b8c1128d0  x26 0000007b8c11ad90  x27 0000007b8c11a000
02-27 20:16:01.727 16292 16292 F DEBUG   :     x28 0000007b8c112000  x29 0000007fea3762f0
02-27 20:16:01.727 16292 16292 F DEBUG   :     lr  0000007b8bfc8068  sp  0000007fea376270  pc  0000007b8bfc808c  pst 0000000000001000
02-27 20:16:01.727 16292 16292 F DEBUG   : 6 total frames
02-27 20:16:01.727 16292 16292 F DEBUG   : backtrace:
02-27 20:16:01.727 16292 16292 F DEBUG   :       #00 pc 000000000005d08c  /apex/com.android.runtime/bin/linker64 (__dl_abort+156) (BuildId: 091881ffc1e2ebc7f7aaf0cbf7c9d587)
02-27 20:16:01.727 16292 16292 F DEBUG   :       #01 pc 000000000007e834  /apex/com.android.runtime/bin/linker64 (__dl__ZN15StaticTlsLayout27reserve_exe_segment_and_tcbEPK10TlsSegmentPKc+292) (BuildId: 091881ffc1e2ebc7f7aaf0cbf7c9d587)
02-27 20:16:01.727 16292 16292 F DEBUG   :       #02 pc 000000000007e66c  /apex/com.android.runtime/bin/linker64 (__dl__Z27linker_setup_exe_static_tlsPKc+60) (BuildId: 091881ffc1e2ebc7f7aaf0cbf7c9d587)
02-27 20:16:01.727 16292 16292 F DEBUG   :       #03 pc 000000000017cdec  /apex/com.android.runtime/bin/linker64 (__dl__ZL29__linker_init_post_relocationR19KernelArgumentBlockR6soinfo+1852) (BuildId: 091881ffc1e2ebc7f7aaf0cbf7c9d587)
02-27 20:16:01.727 16292 16292 F DEBUG   :       #04 pc 000000000017c548  /apex/com.android.runtime/bin/linker64 (__dl___linker_init+776) (BuildId: 091881ffc1e2ebc7f7aaf0cbf7c9d587)
02-27 20:16:01.727 16292 16292 F DEBUG   :       #05 pc 0000000000082d84  /apex/com.android.runtime/bin/linker64 (__dl__start+4) (BuildId: 091881ffc1e2ebc7f7aaf0cbf7c9d587)
03-01 13:08:26.972   516   516 F libc    : Unwind request: crash_dump helper failed to exec, or was killed
03-01 18:46:17.713 29769 29769 F libc    : error: "/data/data/com.termux/files/home/.openfang/bin/openfang": executable's TLS segment is underaligned: alignment is 8 (skew 0), needs to be at least 64 for ARM64 Bionic
03-01 18:46:17.714 29769 29769 F libc    : Fatal signal 6 (SIGABRT), code -1 (SI_QUEUE) in tid 29769 (linker64), pid 29769 (linker64)
03-01 18:46:17.812 29772 29772 F DEBUG   : *** *** *** *** *** *** *** *** *** *** *** *** *** *** *** ***
03-01 18:46:17.812 29772 29772 F DEBUG   : Build fingerprint: 'Nothing/Tetris/Tetris:16/BP2A.250605.031.A3/2601081653:user/release-keys'
03-01 18:46:17.812 29772 29772 F DEBUG   : Revision: '0'
03-01 18:46:17.812 29772 29772 F DEBUG   : ABI: 'arm64'
03-01 18:46:17.812 29772 29772 F DEBUG   : Timestamp: 2026-03-01 18:46:17.781994205-0800
03-01 18:46:17.812 29772 29772 F DEBUG   : Process uptime: 1s
03-01 18:46:17.812 29772 29772 F DEBUG   : Cmdline: /data/data/com.termux/files/home/.openfang/bin/openfang /data/data/com.termux/files/home/.openfang/bin/openfang --version
03-01 18:46:17.812 29772 29772 F DEBUG   : pid: 29769, tid: 29769, name: linker64  >>> /data/data/com.termux/files/home/.openfang/bin/openfang <<<
03-01 18:46:17.812 29772 29772 F DEBUG   : uid: 10377
03-01 18:46:17.812 29772 29772 F DEBUG   : tagged_addr_ctrl: 0000000000000001 (PR_TAGGED_ADDR_ENABLE)
03-01 18:46:17.812 29772 29772 F DEBUG   : signal 6 (SIGABRT), code -1 (SI_QUEUE), fault addr --------
03-01 18:46:17.812 29772 29772 F DEBUG   : Abort message: 'error: "/data/data/com.termux/files/home/.openfang/bin/openfang": executable's TLS segment is underaligned: alignment is 8 (skew 0), needs to be at least 64 for ARM64 Bionic'
03-01 18:46:17.813 29772 29772 F DEBUG   :     x0  0000000000000000  x1  0000000000007449  x2  0000000000000006  x3  0000007fe0202730
03-01 18:46:17.813 29772 29772 F DEBUG   :     x4  68652e77746c7164  x5  68652e77746c7164  x6  68652e77746c7164  x7  7f7f7f7f7f7f7f7f
03-01 18:46:17.813 29772 29772 F DEBUG   :     x8  00000000000000f0  x9  2ee1c63511e9d438  x10 0000000000000001  x11 00000072ebcef760
03-01 18:46:17.813 29772 29772 F DEBUG   :     x12 0000000069a4f9f9  x13 000000007fffffff  x14 000000000495b6de  x15 0000027a03907f7c
03-01 18:46:17.813 29772 29772 F DEBUG   :     x16 00000072ebdaccb0  x17 00000072ebce6340  x18 00000072eb630000  x19 0000000000007449
03-01 18:46:17.813 29772 29772 F DEBUG   :     x20 0000000000007449  x21 00000000ffffffff  x22 0000007fe0203dc8  x23 0000000000000018
03-01 18:46:17.813 29772 29772 F DEBUG   :     x24 00000072eaac9010  x25 00000072ebdbe8d0  x26 00000072ebdc6d90  x27 00000072ebdc6000
03-01 18:46:17.813 29772 29772 F DEBUG   :     x28 00000072ebdbe000  x29 0000007fe02027b0
03-01 18:46:17.813 29772 29772 F DEBUG   :     lr  00000072ebc74068  sp  0000007fe0202730  pc  00000072ebc7408c  pst 0000000000001000
03-01 18:46:17.813 29772 29772 F DEBUG   : 6 total frames
03-01 18:46:17.813 29772 29772 F DEBUG   : backtrace:
03-01 18:46:17.813 29772 29772 F DEBUG   :       #00 pc 000000000005d08c  /apex/com.android.runtime/bin/linker64 (__dl_abort+156) (BuildId: 091881ffc1e2ebc7f7aaf0cbf7c9d587)
03-01 18:46:17.813 29772 29772 F DEBUG   :       #01 pc 000000000007e834  /apex/com.android.runtime/bin/linker64 (__dl__ZN15StaticTlsLayout27reserve_exe_segment_and_tcbEPK10TlsSegmentPKc+292) (BuildId: 091881ffc1e2ebc7f7aaf0cbf7c9d587)
03-01 18:46:17.813 29772 29772 F DEBUG   :       #02 pc 000000000007e66c  /apex/com.android.runtime/bin/linker64 (__dl__Z27linker_setup_exe_static_tlsPKc+60) (BuildId: 091881ffc1e2ebc7f7aaf0cbf7c9d587)
03-01 18:46:17.813 29772 29772 F DEBUG   :       #03 pc 000000000017cdec  /apex/com.android.runtime/bin/linker64 (__dl__ZL29__linker_init_post_relocationR19KernelArgumentBlockR6soinfo+1852) (BuildId: 091881ffc1e2ebc7f7aaf0cbf7c9d587)
03-01 18:46:17.813 29772 29772 F DEBUG   :       #04 pc 000000000017c548  /apex/com.android.runtime/bin/linker64 (__dl___linker_init+776) (BuildId: 091881ffc1e2ebc7f7aaf0cbf7c9d587)
03-01 18:46:17.813 29772 29772 F DEBUG   :       #05 pc 0000000000082d84  /apex/com.android.runtime/bin/linker64 (__dl__start+4) (BuildId: 091881ffc1e2ebc7f7aaf0cbf7c9d587)
03-01 18:46:35.353 29826 29826 F libc    : error: "/data/data/com.termux/files/home/.openfang/bin/openfang": executable's TLS segment is underaligned: alignment is 8 (skew 0), needs to be at least 64 for ARM64 Bionic
03-01 18:46:35.354 29826 29826 F libc    : Fatal signal 6 (SIGABRT), code -1 (SI_QUEUE) in tid 29826 (linker64), pid 29826 (linker64)
03-01 18:46:35.392 29829 29829 F DEBUG   : *** *** *** *** *** *** *** *** *** *** *** *** *** *** *** ***
03-01 18:46:35.392 29829 29829 F DEBUG   : Build fingerprint: 'Nothing/Tetris/Tetris:16/BP2A.250605.031.A3/2601081653:user/release-keys'
03-01 18:46:35.392 29829 29829 F DEBUG   : Revision: '0'
03-01 18:46:35.392 29829 29829 F DEBUG   : ABI: 'arm64'
03-01 18:46:35.392 29829 29829 F DEBUG   : Timestamp: 2026-03-01 18:46:35.384922283-0800
03-01 18:46:35.392 29829 29829 F DEBUG   : Process uptime: 1s
03-01 18:46:35.392 29829 29829 F DEBUG   : Cmdline: openfang /data/data/com.termux/files/home/.openfang/bin/openfang
03-01 18:46:35.392 29829 29829 F DEBUG   : pid: 29826, tid: 29826, name: linker64  >>> openfang <<<
03-01 18:46:35.392 29829 29829 F DEBUG   : uid: 10377
03-01 18:46:35.392 29829 29829 F DEBUG   : tagged_addr_ctrl: 0000000000000001 (PR_TAGGED_ADDR_ENABLE)
03-01 18:46:35.392 29829 29829 F DEBUG   : signal 6 (SIGABRT), code -1 (SI_QUEUE), fault addr --------
03-01 18:46:35.392 29829 29829 F DEBUG   : Abort message: 'error: "/data/data/com.termux/files/home/.openfang/bin/openfang": executable's TLS segment is underaligned: alignment is 8 (skew 0), needs to be at least 64 for ARM64 Bionic'
03-01 18:46:35.393 29829 29829 F DEBUG   :     x0  0000000000000000  x1  0000000000007482  x2  0000000000000006  x3  0000007fc8b3e880
03-01 18:46:35.393 29829 29829 F DEBUG   :     x4  68652e77746c7164  x5  68652e77746c7164  x6  68652e77746c7164  x7  7f7f7f7f7f7f7f7f
03-01 18:46:35.393 29829 29829 F DEBUG   :     x8  00000000000000f0  x9  59979a0169b8980a  x10 0000000000000001  x11 00000074452fa760
03-01 18:46:35.393 29829 29829 F DEBUG   :     x12 0000000069a4fa0b  x13 000000007fffffff  x14 000000000495d938  x15 0000027a113b9a63
03-01 18:46:35.393 29829 29829 F DEBUG   :     x16 00000074453b7cb0  x17 00000074452f1340  x18 0000007444bb8000  x19 0000000000007482
03-01 18:46:35.393 29829 29829 F DEBUG   :     x20 0000000000007482  x21 00000000ffffffff  x22 0000007fc8b3ff18  x23 0000000000000018
03-01 18:46:35.393 29829 29829 F DEBUG   :     x24 00000074440d4010  x25 00000074453c98d0  x26 00000074453d1d90  x27 00000074453d1000
03-01 18:46:35.393 29829 29829 F DEBUG   :     x28 00000074453c9000  x29 0000007fc8b3e900
03-01 18:46:35.393 29829 29829 F DEBUG   :     lr  000000744527f068  sp  0000007fc8b3e880  pc  000000744527f08c  pst 0000000000001000
03-01 18:46:35.393 29829 29829 F DEBUG   : 6 total frames
03-01 18:46:35.393 29829 29829 F DEBUG   : backtrace:
03-01 18:46:35.393 29829 29829 F DEBUG   :       #00 pc 000000000005d08c  /apex/com.android.runtime/bin/linker64 (__dl_abort+156) (BuildId: 091881ffc1e2ebc7f7aaf0cbf7c9d587)
03-01 18:46:35.393 29829 29829 F DEBUG   :       #01 pc 000000000007e834  /apex/com.android.runtime/bin/linker64 (__dl__ZN15StaticTlsLayout27reserve_exe_segment_and_tcbEPK10TlsSegmentPKc+292) (BuildId: 091881ffc1e2ebc7f7aaf0cbf7c9d587)
03-01 18:46:35.393 29829 29829 F DEBUG   :       #02 pc 000000000007e66c  /apex/com.android.runtime/bin/linker64 (__dl__Z27linker_setup_exe_static_tlsPKc+60) (BuildId: 091881ffc1e2ebc7f7aaf0cbf7c9d587)
03-01 18:46:35.393 29829 29829 F DEBUG   :       #03 pc 000000000017cdec  /apex/com.android.runtime/bin/linker64 (__dl__ZL29__linker_init_post_relocationR19KernelArgumentBlockR6soinfo+1852) (BuildId: 091881ffc1e2ebc7f7aaf0cbf7c9d587)
03-01 18:46:35.393 29829 29829 F DEBUG   :       #04 pc 000000000017c548  /apex/com.android.runtime/bin/linker64 (__dl___linker_init+776) (BuildId: 091881ffc1e2ebc7f7aaf0cbf7c9d587)
03-01 18:46:35.393 29829 29829 F DEBUG   :       #05 pc 0000000000082d84  /apex/com.android.runtime/bin/linker64 (__dl__start+4) (BuildId: 091881ffc1e2ebc7f7aaf0cbf7c9d587)
--------- beginning of system
03-06 15:49:31.593  1661  3448 I START_DEBUG: remove START_TIMEOUT finish    ProcessRecord :ProcessRecord{a9348d7 4896:com.android.vending:com.google.android.finsky.verifier.apkanalysis.service.ApkContentsScanService/u0a139i253}
03-06 15:49:31.648  1661  1811 I START_DEBUG: remove BIND_TIMEOUT finish    ProcessRecord :ProcessRecord{a9348d7 4896:com.android.vending:com.google.android.finsky.verifier.apkanalysis.service.ApkContentsScanService/u0a139i253}
03-06 15:49:31.968  1661  2324 W JobScheduler: Job didn't exist in JobStore: 72b712 {androidx.work.systemjobscheduler} #u0a125/2442 @androidx.work.systemjobscheduler@com.google.android.apps.nbu.files/androidx.work.impl.background.systemjob.SystemJobService
03-06 15:49:32.048  1661  2324 I ActivityManager: Killing 4896:com.android.vending:com.google.android.finsky.verifier.apkanalysis.service.ApkContentsScanService/u0a139i253 (adj 0): isolated not needed
03-06 15:49:32.083  1661  2324 I START_DEBUG: remove ALL_TIMEOUT cleanup   ProcessRecord :ProcessRecord{a9348d7 4896:com.android.vending:com.google.android.finsky.verifier.apkanalysis.service.ApkContentsScanService/u0a139i253}
03-06 15:49:32.204  1661  2324 W OptProp : Cannot read opt property android.window.PROPERTY_COMPAT_ALLOW_MIN_ASPECT_RATIO_OVERRIDE
03-06 15:49:32.207  1661  2324 W OptProp : Cannot read opt property android.window.PROPERTY_COMPAT_ALLOW_RESIZEABLE_ACTIVITY_OVERRIDES
03-06 15:49:32.208  1661  2324 W OptProp : Cannot read opt property android.window.PROPERTY_COMPAT_ALLOW_ORIENTATION_OVERRIDE
03-06 15:49:32.211  1661  1661 E MBrainLocalService: notifyAppSwitch failed
03-06 15:49:32.212  1661  2324 I ActivityTaskManager: START u0 {flg=0x10000000 xflg=0x4 cmp=com.android.vending/com.google.android.finsky.protectdialogs.activity.PlayProtectDialogsActivity (has extras)} with LAUNCH_MULTIPLE from uid 10139 pid 528 (BAL_ALLOW_PERMISSION) result code=0
03-06 15:49:32.217  1661  2324 W WindowManager: Changing focus from Window{52782d3 u0 com.google.android.apps.nbu.files/com.google.android.apps.nbu.files.documentbrowser.filebrowser.FileBrowserRegularActivity} to null displayId=0 Callers=com.android.server.wm.RootWindowContainer.updateFocusedWindowLocked:494 com.android.server.wm.WindowManagerService.updateFocusedWindowLocked:6812 com.android.server.wm.ActivityTaskManagerService.setLastResumedActivityUncheckLocked:5261 com.android.server.wm.ActivityTaskSupervisor.updateTopResumedActivityIfNeeded:2419 
03-06 15:49:32.223  1661  1661 E MBrainLocalService: notifyAppSwitch failed
03-06 15:49:32.225   528  4916 I DisplayManager: Choreographer implicitly registered for the refresh rate.
03-06 15:49:32.335  1661  2394 W WindowManager: Changing focus from null to Window{5b05bc2 u0 com.android.vending/com.google.android.finsky.protectdialogs.activity.PlayProtectDialogsActivity} displayId=0 Callers=com.android.server.wm.RootWindowContainer.updateFocusedWindowLocked:494 com.android.server.wm.WindowManagerService.updateFocusedWindowLocked:6812 com.android.server.wm.WindowManagerService.addWindowInner:2008 com.android.server.wm.WindowManagerService.addWindow:1929 
03-06 15:49:32.340  1661  2394 I WindowManager: Relayout Window{a59b6f8 u0 com.android.vending/com.google.android.finsky.protectdialogs.activity.PlayProtectDialogsActivity}: oldVis=4 newVis=0 focusMayChange = true requestedWidth = 84 requestedHeight = 84 outFrames = ClientWindowFrames{frame=[498,1211][582,1295] display=[0,106][1080,2400] parentFrame=[0,0][0,0]} outSurfaceControl = Surface(name=com.android.vending/com.google.android.finsky.protectdialogs.activity.PlayProtectDialogsActivity)/@0xd41a11a
03-06 15:49:32.445  1661  2394 W PackageConfigPersister: App-specific configuration not found for packageName: com.android.vending and userId: 0
03-06 15:49:32.845  1661  1661 W AccessibilityManagerService:  wait for adding window timeout: 3632
03-06 15:49:33.660  1661  1811 I ActivityManager: com.android.providers.contacts is exempt from freezer
03-06 15:49:33.671  1661  1697 I ActivityManager: Start proc 4944:android.process.acore/u999a67 for content provider {com.android.providers.contacts/com.android.providers.contacts.ContactsProvider2}
03-06 15:49:33.671  1661  1697 I START_DEBUG: send START_TIMEOUT message    ProcessRecord :ProcessRecord{2d157e 4944:android.process.acore/u999a67}
03-06 15:49:33.671  1661  1697 I ActivityManager: ProcessObserver broadcast disabled
03-06 15:49:33.689  1661  1811 I START_DEBUG: send BINDTIMEOUT    ProcessRecord :ProcessRecord{2d157e 4944:android.process.acore/u999a67}
03-06 15:49:33.689  1661  1811 I START_DEBUG: remove START_TIMEOUT finish    ProcessRecord :ProcessRecord{2d157e 4944:android.process.acore/u999a67}
03-06 15:49:33.773  1661  2394 I START_DEBUG: remove BIND_TIMEOUT finish    ProcessRecord :ProcessRecord{2d157e 4944:android.process.acore/u999a67}
03-06 15:49:39.578  1661  1696 I ActivityManager: Killing 30371:com.google.android.gms.unstable/u0a133 (adj 985): empty #33
03-06 15:49:39.625  1661  3855 I START_DEBUG: remove ALL_TIMEOUT cleanup   ProcessRecord :ProcessRecord{e653d8c 30371:com.google.android.gms.unstable/u0a133}
03-06 15:49:40.419  1661  1661 E MBrainLocalService: notifyAppSwitch failed
03-06 15:49:40.437  1661  3855 W WindowManager: Changing focus from Window{5b05bc2 u0 com.android.vending/com.google.android.finsky.protectdialogs.activity.PlayProtectDialogsActivity} to Window{52782d3 u0 com.google.android.apps.nbu.files/com.google.android.apps.nbu.files.documentbrowser.filebrowser.FileBrowserRegularActivity} displayId=0 Callers=com.android.server.wm.RootWindowContainer.updateFocusedWindowLocked:494 com.android.server.wm.WindowManagerService.updateFocusedWindowLocked:6812 com.android.server.wm.ActivityTaskManagerService.setLastResumedActivityUncheckLocked:5261 com.android.server.wm.ActivityTaskSupervisor.updateTopResumedActivityIfNeeded:2419 
03-06 15:49:40.439  1661  1661 E MBrainLocalService: notifyAppSwitch failed
03-06 15:49:40.456  1661  1688 W ProcessStats: Tracking association SourceState{a243db8 com.vilykke.lockscreen/10361 ImpFg #565091} whose proc state 5 is better than process ProcessState{6c65ed com.google.android.webview:sandboxed_process0:org.chromium.content.app.SandboxedProcessService0:0/10361 pkg=com.vilykke.lockscreen} proc state 14 (21 skipped)
03-06 15:49:40.491  1661  1743 I PackageManager: Continuing with installation of file:///data/app/vmdl1141871900.tmp
03-06 15:49:40.601  1661  1696 I ActivityManager: Killing 30623:com.google.android.apps.turbo:aab/u0a138 (adj 975): empty #33
03-06 15:49:40.640  1661  1814 I START_DEBUG: remove ALL_TIMEOUT cleanup   ProcessRecord :ProcessRecord{c3cba1c 30623:com.google.android.apps.turbo:aab/u0a138}
03-06 15:49:40.986  1661  1661 W AccessibilityManagerService:  wait for adding window timeout: 3633
03-06 15:49:41.595   626  4894 I keystore2: system/security/keystore2/watchdog/src/lib.rs:377 - Watchdog thread idle -> terminating. Have a great day.
03-06 15:49:41.601  1661  1696 I ActivityManager: Killing 30658:com.android.chrome/u0a145 (adj 975): empty #33
03-06 15:49:41.634  1661  2324 I START_DEBUG: remove ALL_TIMEOUT cleanup   ProcessRecord :ProcessRecord{c535d7b 30658:com.android.chrome/u0a145}
03-06 15:49:41.967  1661  1743 I PackageManager: installation completed for package:com.openfang.termux. Final code path: /data/app/~~Og5PR5m5R6_SSAtIAc4vYQ==/com.openfang.termux-ZgQ4AR44Gkgz0j_1n9F9EQ==
03-06 15:49:41.967  1661  1743 I AppsFilter: interaction: PackageSetting{c09d22e com.android.microdroid.empty_payload/10314} -> PackageSetting{f3073d5 com.openfang.termux/10382} BLOCKED
03-06 15:49:41.967  1661  1743 I AppsFilter: interaction: PackageSetting{96ef75c com.termux.x11/10370} -> PackageSetting{f3073d5 com.openfang.termux/10382} BLOCKED
03-06 15:49:41.967  1661  1743 I PackageManager: Installation Boost Off
03-06 15:49:41.982  1661  1695 W PackageManager: Failed registering loading progress callback. Package is fully loaded.
03-06 15:49:41.998  1661  3411 W AppOpService: Ignored setUidMode call for runtime permission app op: uid = 10135, code = READ_CELL_BROADCASTS, mode = allow, callingUid = 1001, oldMode = allow
03-06 15:49:42.005  1661  1811 W AppOpService: Ignored setUidMode call for runtime permission app op: uid = 1001, code = READ_SMS, mode = allow, callingUid = 1001, oldMode = allow
03-06 15:49:42.005  1661  3411 W AppOpService: Ignored setUidMode call for runtime permission app op: uid = 1001, code = RECEIVE_SMS, mode = allow, callingUid = 1001, oldMode = allow
03-06 15:49:42.006  1661  2841 W AppOpService: Ignored setUidMode call for runtime permission app op: uid = 1001, code = RECEIVE_WAP_PUSH, mode = allow, callingUid = 1001, oldMode = allow
03-06 15:49:42.006  1661  1811 W AppOpService: Ignored setUidMode call for runtime permission app op: uid = 1001, code = SEND_SMS, mode = allow, callingUid = 1001, oldMode = allow
03-06 15:49:42.007  1661  1811 W AppOpService: Ignored setUidMode call for runtime permission app op: uid = 1001, code = READ_CELL_BROADCASTS, mode = allow, callingUid = 1001, oldMode = allow
03-06 15:49:42.026  1661  1943 E AppOps  : attributionTag VCN not declared in manifest of android
03-06 15:49:42.026  1661  1697 I ActivityManager: Start proc 5003:com.google.android.odad/u0a308 for service {com.google.android.odad/com.google.android.apps.miphone.odad.contentprotection.ContentProtectionService}
03-06 15:49:42.026  1661  1697 I START_DEBUG: send START_TIMEOUT message    ProcessRecord :ProcessRecord{5d0765a 5003:com.google.android.odad/u0a308}
03-06 15:49:42.026  1661  1697 I ActivityManager: ProcessObserver broadcast disabled
03-06 15:49:42.054  1661  1661 E AppStateIntentReceiver: notifyChange failed
03-06 15:49:42.060  1661  3453 W WindowManager: Changing focus from Window{52782d3 u0 com.google.android.apps.nbu.files/com.google.android.apps.nbu.files.documentbrowser.filebrowser.FileBrowserRegularActivity EXITING} to Window{f1af921 u0 com.google.android.apps.nbu.files/com.google.android.apps.nbu.files.documentbrowser.filebrowser.FileBrowserRegularActivity} displayId=0 Callers=com.android.server.wm.RootWindowContainer.updateFocusedWindowLocked:494 com.android.server.wm.WindowManagerService.updateFocusedWindowLocked:6812 com.android.server.wm.WindowState.setupWindowForRemoveOnExit:2451 com.android.server.wm.WindowState.removeIfPossible:2398 
03-06 15:49:42.081  1661  2394 I START_DEBUG: send BINDTIMEOUT    ProcessRecord :ProcessRecord{5d0765a 5003:com.google.android.odad/u0a308}
03-06 15:49:42.081  1661  2394 I START_DEBUG: remove START_TIMEOUT finish    ProcessRecord :ProcessRecord{5d0765a 5003:com.google.android.odad/u0a308}
03-06 15:49:42.100  1661  1661 I AppsFilter: interaction: PackageSetting{b74cf22 com.android.microdroid.empty_payload/10314} -> PackageSetting{e24bdb3 com.openfang.termux/10382} BLOCKED
03-06 15:49:42.100  1661  1661 I AppsFilter: interaction: PackageSetting{c5192e9 com.termux.x11/10370} -> PackageSetting{e24bdb3 com.openfang.termux/10382} BLOCKED
03-06 15:49:42.120  1661  2711 W AppOpService: Ignored setUidMode call for runtime permission app op: uid = 10121, code = FINE_LOCATION, mode = allow, callingUid = 1000, oldMode = allow
03-06 15:49:42.157  1661  3453 W PackageConfigPersister: App-specific configuration not found for packageName: com.google.android.apps.nbu.files and userId: 0
03-06 15:49:42.165  1661  2711 W AppOpService: Ignored setUidMode call for runtime permission app op: uid = 10121, code = FINE_LOCATION, mode = allow, callingUid = 1000, oldMode = allow
03-06 15:49:42.193  1661  1814 I START_DEBUG: remove BIND_TIMEOUT finish    ProcessRecord :ProcessRecord{5d0765a 5003:com.google.android.odad/u0a308}
03-06 15:49:42.221  1661  1814 W AppOpService: Ignored setUidMode call for runtime permission app op: uid = 10135, code = READ_CELL_BROADCASTS, mode = allow, callingUid = 1001, oldMode = allow
03-06 15:49:42.223  1661  1814 W AppOpService: Ignored setUidMode call for runtime permission app op: uid = 1001, code = READ_SMS, mode = allow, callingUid = 1001, oldMode = allow
03-06 15:49:42.224  1661  1814 W AppOpService: Ignored setUidMode call for runtime permission app op: uid = 1001, code = RECEIVE_SMS, mode = allow, callingUid = 1001, oldMode = allow
03-06 15:49:42.226  1661  1814 W AppOpService: Ignored setUidMode call for runtime permission app op: uid = 1001, code = RECEIVE_WAP_PUSH, mode = allow, callingUid = 1001, oldMode = allow
03-06 15:49:42.227  1661  1680 W AppOpService: Ignored setUidMode call for runtime permission app op: uid = 1001, code = SEND_SMS, mode = allow, callingUid = 1001, oldMode = allow
03-06 15:49:42.229  1661  1681 W AppOpService: Ignored setUidMode call for runtime permission app op: uid = 1001, code = READ_CELL_BROADCASTS, mode = allow, callingUid = 1001, oldMode = allow
03-06 15:49:42.291  1661  1661 I RemoteContentProtectionService: Connection status for: ComponentInfo{com.google.android.odad/com.google.android.apps.miphone.odad.contentprotection.ContentProtectionService} changed to: connected
03-06 15:49:42.429  1661  3405 W AppOpService: Ignored setUidMode call for runtime permission app op: uid = 10135, code = READ_CELL_BROADCASTS, mode = allow, callingUid = 1001, oldMode = allow
03-06 15:49:42.456  1661  3406 I ActivityManager: Background started FGS: Allowed [callingPackage: com.google.android.odad; callingUid: 10308; uidState: IMPF; uidBFSL: n/a; intent: Intent { xflg=0x4 cmp=com.google.android.odad/com.google.android.apps.miphone.odad.backgroundwork.impl.WorkService (has extras) }; code:BACKGROUND_ACTIVITY_PERMISSION; tempAllowListReason:<null>; allowWiu:58; targetSdkVersion:36; callerTargetSdkVersion:36; startForegroundCount:0; bindFromPackage:null: isBindService:false]
03-06 15:49:42.460  1661  3406 W AppOpService: Ignored setUidMode call for runtime permission app op: uid = 1001, code = READ_SMS, mode = allow, callingUid = 1001, oldMode = allow
03-06 15:49:42.475  1661  2986 W AppOpService: Ignored setUidMode call for runtime permission app op: uid = 1001, code = RECEIVE_SMS, mode = allow, callingUid = 1001, oldMode = allow
03-06 15:49:42.475  1661  2986 W AppOpService: Ignored setUidMode call for runtime permission app op: uid = 1001, code = RECEIVE_WAP_PUSH, mode = allow, callingUid = 1001, oldMode = allow
03-06 15:49:42.476  1661  2986 W AppOpService: Ignored setUidMode call for runtime permission app op: uid = 1001, code = SEND_SMS, mode = allow, callingUid = 1001, oldMode = allow
03-06 15:49:42.476  1661  2986 W AppOpService: Ignored setUidMode call for runtime permission app op: uid = 1001, code = READ_CELL_BROADCASTS, mode = allow, callingUid = 1001, oldMode = allow
03-06 15:49:42.540  1661  3411 I ActivityManager: Process com.google.android.apps.turbo (pid 13848) has died: cch+75 CEM 
03-06 15:49:42.566  1661  3411 I START_DEBUG: remove ALL_TIMEOUT cleanup   ProcessRecord :ProcessRecord{4b43900 13848:com.google.android.apps.turbo/u0a138}
03-06 15:49:42.572  1661  3855 W ForegroundServiceTypeLoggerModule: Foreground service start for UID: 10308 does not have any types
03-06 15:49:42.799  1661  1899 W MagnificationConnectionManager: requestConnection duplicated request: connect=true, mConnectionState=CONNECTED
03-06 15:49:42.806  1661  1697 I ActivityManager: Start proc 5083:com.android.vending:com.google.android.finsky.verifier.apkanalysis.service.ApkContentsScanService/u0i254 for service {com.android.vending/com.google.android.finsky.verifier.apkanalysis.service.ApkContentsScanService}
03-06 15:49:42.807  1661  1697 I START_DEBUG: send START_TIMEOUT message    ProcessRecord :ProcessRecord{ee80f73 5083:com.android.vending:com.google.android.finsky.verifier.apkanalysis.service.ApkContentsScanService/u0a139i254}
03-06 15:49:42.807  1661  1697 I ActivityManager: ProcessObserver broadcast disabled
03-06 15:49:42.839  1661  1814 I START_DEBUG: send BINDTIMEOUT    ProcessRecord :ProcessRecord{ee80f73 5083:com.android.vending:com.google.android.finsky.verifier.apkanalysis.service.ApkContentsScanService/u0a139i254}
03-06 15:49:42.839  1661  1814 I START_DEBUG: remove START_TIMEOUT finish    ProcessRecord :ProcessRecord{ee80f73 5083:com.android.vending:com.google.android.finsky.verifier.apkanalysis.service.ApkContentsScanService/u0a139i254}
03-06 15:49:42.866  1661  1899 W MagnificationConnectionManager: requestConnection duplicated request: connect=true, mConnectionState=CONNECTED
03-06 15:49:42.924  1661  3375 I START_DEBUG: remove BIND_TIMEOUT finish    ProcessRecord :ProcessRecord{ee80f73 5083:com.android.vending:com.google.android.finsky.verifier.apkanalysis.service.ApkContentsScanService/u0a139i254}
03-06 15:49:43.026  1661  2324 E AppOps  : attributionTag VCN not declared in manifest of android
03-06 15:49:43.111  1661  1661 I RemoteContentProtectionService: Connection status for: ComponentInfo{com.google.android.odad/com.google.android.apps.miphone.odad.contentprotection.ContentProtectionService} changed to: connected
03-06 15:49:43.180  2062  2156 W Looper  : Slow delivery took 1049ms when=+1s51ms SysUiBg app=com.android.systemui main=false group=RESTRICTED h=com.android.systemui.qs.tileimpl.QSTileImpl$H c=null m=5
03-06 15:49:43.428  1661  3334 E TaskPersister: File error accessing recents directory (directory doesn't exist?).
03-06 15:49:43.536  1661  1743 I AppsFilter: interaction: PackageSetting{b74cf22 com.android.microdroid.empty_payload/10314} -> PackageSetting{d3bc401 com.nothing.cardservice/10181} BLOCKED
03-06 15:49:43.537  1661  1743 I AppsFilter: interaction: PackageSetting{c5192e9 com.termux.x11/10370} -> PackageSetting{d3bc401 com.nothing.cardservice/10181} BLOCKED
03-06 15:49:43.548  2062  2156 W Looper  : Drained
03-06 15:49:43.552  1661  1899 W MagnificationConnectionManager: requestConnection duplicated request: connect=true, mConnectionState=CONNECTED
03-06 15:49:43.716  1661  1661 E MBrainLocalService: notifyAppSwitch failed
03-06 15:49:43.759  1661  1811 I WindowManager: Relayout Window{4117dff u0 com.nothing.launcher/com.android.searchlauncher.SearchLauncher}: oldVis=8 newVis=0 focusMayChange = true requestedWidth = 1080 requestedHeight = 2400 outFrames = ClientWindowFrames{frame=[0,0][1080,2400] display=[0,0][1080,2400] parentFrame=[0,0][0,0]} outSurfaceControl = Surface(name=com.nothing.launcher/com.android.searchlauncher.SearchLauncher)/@0x8b0b57f
03-06 15:49:43.805  1661  1895 E HandwritingModeController: Cannot get requestId: Handwriting was not initialized.
03-06 15:49:43.809  1661  3375 W WindowManager: Changing focus from Window{f1af921 u0 com.google.android.apps.nbu.files/com.google.android.apps.nbu.files.documentbrowser.filebrowser.FileBrowserRegularActivity} to Window{4117dff u0 com.nothing.launcher/com.android.searchlauncher.SearchLauncher} displayId=0 Callers=com.android.server.wm.RootWindowContainer.updateFocusedWindowLocked:494 com.android.server.wm.WindowManagerService.updateFocusedWindowLocked:6812 com.android.server.wm.ActivityTaskManagerService.setLastResumedActivityUncheckLocked:5261 com.android.server.wm.ActivityTaskManagerService.setFocusedTask:2166 
03-06 15:49:43.971  1661  1661 E UiModeManager: mComputedNightMode:true, mNightMode.get():2, mOverrideNightModeOn:false, mOverrideNightModeOff:falsemTwilightManager.getLastTwilightState():TwilightState { sunrise=03-06 06:39 sunset=03-06 18:05 }
03-06 15:49:44.046  1661  1814 W ForegroundServiceTypeLoggerModule: FGS stop call for: 10308 has no types!
03-06 15:49:44.218  1661  1661 E MBrainLocalService: notifyAppSwitch failed
03-06 15:49:44.248  1661  1811 W PackageConfigPersister: App-specific configuration not found for packageName: com.nothing.launcher and userId: 0
03-06 15:49:44.577  1661  2394 W PackageConfigPersister: App-specific configuration not found for packageName: com.nothing.launcher and userId: 0
03-06 15:49:44.579  1661  3375 W PackageConfigPersister: App-specific configuration not found for packageName: com.nothing.launcher and userId: 0
