03-06 15:54:18.190  1661  2344 I WindowManager: Relayout Window{67ea170 u0 com.termux/com.termux.app.TermuxActivity}: oldVis=4 newVis=0 focusMayChange = true requestedWidth = 1080 requestedHeight = 2400 outFrames = ClientWindowFrames{frame=[0,0][1080,2400] display=[0,0][1080,2400] parentFrame=[0,0][0,0]} outSurfaceControl = Surface(name=com.termux/com.termux.app.TermuxActivity)/@0x1996b15
03-06 15:54:18.286  1661  1661 W AccessibilityManagerService:  wait for adding window timeout: 3657
03-06 15:54:18.416  1661  1661 E NtNotificationManagerService: getSound supportGenerativeRingtone = false, isDefaultRingtone = true
03-06 15:54:18.420  1661  3793 W PackageConfigPersister: App-specific configuration not found for packageName: com.termux and userId: 0
03-06 15:54:18.430  1661  1661 W NotificationHistory: Attempted to add notif for locked/gone/disabled user 0
03-06 15:54:18.573  1661  1661 E NtNotificationManagerService: getSound supportGenerativeRingtone = false, isDefaultRingtone = true
03-06 15:54:18.756  1661  3793 I WindowManager: Relayout Window{43b7565 u0 InputMethod}: oldVis=8 newVis=0 focusMayChange = true requestedWidth = 1080 requestedHeight = 2294 outFrames = ClientWindowFrames{frame=[0,106][1080,2400] display=[0,106][1080,2400] parentFrame=[0,0][0,0]} outSurfaceControl = Surface(name=InputMethod)/@0xc76592
03-06 15:54:18.778  1661  1661 W AccessibilityManagerService:  wait for adding window timeout: 3129
03-06 15:54:18.895  1661  3793 I WindowManager: Relayout Window{2205b8c u0 com.jamworks.dynamicspot}: oldVis=8 newVis=0 focusMayChange = true requestedWidth = 279 requestedHeight = 128 outFrames = ClientWindowFrames{frame=[400,-22][679,106] display=[-100000,-100000][100000,100000] parentFrame=[0,0][0,0]} outSurfaceControl = Surface(name=)/@0x890dabf
03-06 15:54:18.934  1661  1688 I DisplayDeviceRepository: Display device changed render timings: "Built-in Screen", renderFrameRate=120.00001, presentationDeadlineNanos=13300000, appVsyncOffsetNanos=1099999, frameRateOverrides=[{uid=10048 frameRateHz=120.00001}]
03-06 15:54:20.328  1661  3286 W AppOps  : Noting op not finished: uid 10133 pkg com.google.android.gms code 113 startTime of in progress event=1772840898763
03-06 15:54:20.337  1661  3286 W AppOps  : Noting op not finished: uid 10133 pkg com.google.android.gms code 113 startTime of in progress event=1772835232348
03-06 15:54:20.354  1661  2841 W AppOps  : Noting op not finished: uid 10133 pkg com.google.android.gms code 79 startTime of in progress event=1772835232348
03-06 15:54:20.369  1661  2841 W AppOps  : Noting op not finished: uid 10133 pkg com.google.android.gms code 113 startTime of in progress event=1772835232348
03-06 15:54:20.716  1661  3334 E TaskPersister: File error accessing recents directory (directory doesn't exist?).
03-06 15:54:20.868  1661  2986 W NotificationService: Toast already killed. pkg=com.termux token=android.os.BinderProxy@79ff9cb
03-06 15:54:21.330  1661  2841 W AppOps  : Noting op not finished: uid 10133 pkg com.google.android.gms code 113 startTime of in progress event=1772835232348
03-06 15:54:23.290  1661  1699 I ActivityManager: Process PhantomProcessRecord {c93d743 6994:12970:dumpsys/1000} died
03-06 15:54:24.036  1661  2986 W ActivityManager: Unable to start service Intent { act=com.google.android.finsky.BIND_PLAY_MODULE_SERVICE xflg=0x4 pkg=com.android.vending } U=999: not found
03-06 15:54:24.041  1661  2986 W ActivityManager: Unable to start service Intent { act=com.google.android.finsky.BIND_PLAY_MODULE_SERVICE xflg=0x4 pkg=com.android.vending } U=999: not found
03-06 15:54:24.938  1661  1688 W AccessibilityWindowsPopulator: Windows change within in 2 frames continuously over 500 ms and notify windows changed immediately
03-06 15:54:25.394  1661  1688 W AccessibilityWindowsPopulator: Windows change within in 2 frames continuously over 500 ms and notify windows changed immediately
03-06 15:54:25.845  1661  1688 W AccessibilityWindowsPopulator: Windows change within in 2 frames continuously over 500 ms and notify windows changed immediately
03-06 15:54:26.295  1661  1688 W AccessibilityWindowsPopulator: Windows change within in 2 frames continuously over 500 ms and notify windows changed immediately
03-06 15:54:26.747  1661  1688 W AccessibilityWindowsPopulator: Windows change within in 2 frames continuously over 500 ms and notify windows changed immediately
03-06 15:54:27.199  1661  1688 W AccessibilityWindowsPopulator: Windows change within in 2 frames continuously over 500 ms and notify windows changed immediately
03-06 15:54:29.817  1661  1688 W AccessibilityWindowsPopulator: Windows change within in 2 frames continuously over 500 ms and notify windows changed immediately
03-06 15:54:33.779  1661  1923 W NetworkPolicy: shared quota unsupported; generating rule for each iface
03-06 15:54:37.062  1661  1688 W AccessibilityWindowsPopulator: Windows change within in 2 frames continuously over 500 ms and notify windows changed immediately
03-06 15:54:37.595  1661  1688 W AccessibilityWindowsPopulator: Windows change within in 2 frames continuously over 500 ms and notify windows changed immediately
03-06 15:54:38.046  1661  1688 W AccessibilityWindowsPopulator: Windows change within in 2 frames continuously over 500 ms and notify windows changed immediately
03-06 15:54:38.503  1661  1688 W AccessibilityWindowsPopulator: Windows change within in 2 frames continuously over 500 ms and notify windows changed immediately
03-06 15:54:40.436  1661  1848 I NtCharge: mLastBatteryCycleCount:139
03-06 15:54:41.056  1661  1696 I ActivityManager: Killing 4131:com.android.traceur/u0a108 (adj 985): empty #33
03-06 15:54:41.101  1661  3855 I START_DEBUG: remove ALL_TIMEOUT cleanup   ProcessRecord :ProcessRecord{bb3f3d6 4131:com.android.traceur/u0a108}
03-06 15:54:41.773  1661  1661 E MBrainLocalService: notifyAppSwitch failed
03-06 15:54:41.796  1661  1688 I DisplayDeviceRepository: Display device changed render timings: "Built-in Screen", renderFrameRate=120.00001, presentationDeadlineNanos=13300000, appVsyncOffsetNanos=1099999, frameRateOverrides=[]
03-06 15:54:41.822  1661  3286 I WindowManager: Relayout Window{4117dff u0 com.nothing.launcher/com.android.searchlauncher.SearchLauncher}: oldVis=8 newVis=0 focusMayChange = true requestedWidth = 1080 requestedHeight = 2400 outFrames = ClientWindowFrames{frame=[0,0][1080,2400] display=[0,0][1080,2400] parentFrame=[0,0][0,0]} outSurfaceControl = Surface(name=com.nothing.launcher/com.android.searchlauncher.SearchLauncher)/@0x24e6f17
03-06 15:54:41.866  1661  1688 W ProcessStats: Tracking association SourceState{a243db8 com.vilykke.lockscreen/10361 ImpFg #566970} whose proc state 5 is better than process ProcessState{6c65ed com.google.android.webview:sandboxed_process0:org.chromium.content.app.SandboxedProcessService0:0/10361 pkg=com.vilykke.lockscreen} proc state 14 (16 skipped)
03-06 15:54:41.892  1661  3286 W WindowManager: Changing focus from Window{67ea170 u0 com.termux/com.termux.app.TermuxActivity} to Window{4117dff u0 com.nothing.launcher/com.android.searchlauncher.SearchLauncher} displayId=0 Callers=com.android.server.wm.RootWindowContainer.updateFocusedWindowLocked:494 com.android.server.wm.WindowManagerService.updateFocusedWindowLocked:6812 com.android.server.wm.ActivityTaskManagerService.setLastResumedActivityUncheckLocked:5261 com.android.server.wm.ActivityTaskManagerService.setFocusedTask:2166 
03-06 15:54:41.920  1661  1895 E HandwritingModeController: Cannot get requestId: Handwriting was not initialized.
03-06 15:54:42.290  1661  1661 E MBrainLocalService: notifyAppSwitch failed
03-06 15:54:42.310  1661  3286 W ActivityTaskManager: takeTaskSnapshot: taskId=293 not found or not visible
03-06 15:54:42.316  1661  1688 I DisplayDeviceRepository: Display device changed render timings: "Built-in Screen", renderFrameRate=120.00001, presentationDeadlineNanos=13300000, appVsyncOffsetNanos=1099999, frameRateOverrides=[{uid=10048 frameRateHz=120.00001}]
03-06 15:54:42.357  1661  3793 W PackageConfigPersister: App-specific configuration not found for packageName: com.nothing.launcher and userId: 0
03-06 15:54:43.051  1661  1696 I ActivityManager: Killing 20525:com.google.android.healthconnect.controller/u0a213 (adj 975): empty #33
03-06 15:54:43.056  1661  1696 I ActivityManager: Killing 4202:com.google.android.cellbroadcastreceiver/u0a216 (adj 975): empty #34
03-06 15:54:43.057  1661  1696 I ActivityManager: Killing 4168:com.google.android.apps.safetyhub/u0a131 (adj 975): empty #35
03-06 15:54:43.059  1661  1696 I ActivityManager: Killing 4145:com.google.android.accessibility.switchaccess/u0a163 (adj 985): empty #36
03-06 15:54:43.090  1661  2986 I START_DEBUG: remove ALL_TIMEOUT cleanup   ProcessRecord :ProcessRecord{e8698c3 4202:com.google.android.cellbroadcastreceiver/u0a216}
03-06 15:54:43.096  1661  3855 I START_DEBUG: remove ALL_TIMEOUT cleanup   ProcessRecord :ProcessRecord{87890ba 4145:com.google.android.accessibility.switchaccess/u0a163}
03-06 15:54:43.108  1661  3712 I START_DEBUG: remove ALL_TIMEOUT cleanup   ProcessRecord :ProcessRecord{8f1585e 4168:com.google.android.apps.safetyhub/u0a131}
03-06 15:54:43.115  1661  3385 I START_DEBUG: remove ALL_TIMEOUT cleanup   ProcessRecord :ProcessRecord{5c844b4 20525:com.google.android.healthconnect.controller/u0a213}
03-06 15:54:43.404  1661  1661 W AccessibilityManagerService:  wait for adding window timeout: 3129
03-06 15:54:43.891  1661  3712 W PackageConfigPersister: App-specific configuration not found for packageName: com.nothing.launcher and userId: 0
03-06 15:54:43.908  1661  3385 I WindowManager: Relayout Window{43b7565 u0 InputMethod}: oldVis=8 newVis=0 focusMayChange = true requestedWidth = 1080 requestedHeight = 2294 outFrames = ClientWindowFrames{frame=[0,106][1080,2400] display=[0,106][1080,2400] parentFrame=[0,0][0,0]} outSurfaceControl = Surface(name=InputMethod)/@0xccff960
03-06 15:54:43.922  1661  3385 W PackageConfigPersister: App-specific configuration not found for packageName: com.nothing.launcher and userId: 0
03-06 15:54:44.051  1661  1696 I ActivityManager: Killing 12914:com.google.android.projection.gearhead:projection/u0a119 (adj 965): empty #33
03-06 15:54:44.058  1661  1696 I ActivityManager: Killing 4226:com.google.android.marvin.talkback/u0a173 (adj 975): empty #34
03-06 15:54:44.095  1661  3286 I START_DEBUG: remove ALL_TIMEOUT cleanup   ProcessRecord :ProcessRecord{365931e 4226:com.google.android.marvin.talkback/u0a173}
03-06 15:54:44.102  1661  3855 I START_DEBUG: remove ALL_TIMEOUT cleanup   ProcessRecord :ProcessRecord{cf230d0 12914:com.google.android.projection.gearhead:projection/u0a119}
03-06 15:54:45.021  1661  3286 W ActivityManager: pid 12145 com.nothing.launcher sent binder code 23 with flags 2 to frozen apps and got error -74
03-06 15:54:45.091  1661  1688 W AccessibilityWindowsPopulator: Windows change within in 2 frames continuously over 500 ms and notify windows changed immediately
03-06 15:54:45.859  1661  3793 W PackageConfigPersister: App-specific configuration not found for packageName: com.nothing.launcher and userId: 0
03-06 15:54:45.915  1661  3895 W OptProp : Cannot read opt property android.window.PROPERTY_COMPAT_ALLOW_RESIZEABLE_ACTIVITY_OVERRIDES
03-06 15:54:45.916  1661  3895 W OptProp : Cannot read opt property android.window.PROPERTY_COMPAT_ALLOW_MIN_ASPECT_RATIO_OVERRIDE
03-06 15:54:45.925  1661  3895 W OptProp : Cannot read opt property android.window.PROPERTY_COMPAT_ALLOW_ORIENTATION_OVERRIDE
03-06 15:54:45.930  1661  1661 E MBrainLocalService: notifyAppSwitch failed
03-06 15:54:45.931  1661  3895 I ActivityTaskManager: START u0 {act=android.intent.action.MAIN cat=[android.intent.category.LAUNCHER] flg=0x10200000 xflg=0x4 cmp=com.openfang.termux/com.nxg.OpenFangproot.MainActivity bnds=[53,117][289,427]} with LAUNCH_SINGLE_TOP from uid 10184 pid 12145 (sr=14449363) (BAL_ALLOW_VISIBLE_WINDOW) result code=0
03-06 15:54:45.954  1661  1697 I ActivityManager: Start proc 7233:com.openfang.termux/u0a383 for next-top-activity {com.openfang.termux/com.nxg.OpenFangproot.MainActivity}
03-06 15:54:45.964  1661  1697 I START_DEBUG: send START_TIMEOUT message    ProcessRecord :ProcessRecord{47672c8 7233:com.openfang.termux/u0a383}
03-06 15:54:45.964  1661  1697 I ActivityManager: ProcessObserver broadcast disabled
03-06 15:54:45.977  1661  1688 I DisplayDeviceRepository: Display device changed render timings: "Built-in Screen", renderFrameRate=120.00001, presentationDeadlineNanos=13300000, appVsyncOffsetNanos=1099999, frameRateOverrides=[]
03-06 15:54:45.990  1661  3286 W WindowManager: Changing focus from Window{4117dff u0 com.nothing.launcher/com.android.searchlauncher.SearchLauncher} to null displayId=0 Callers=com.android.server.wm.RootWindowContainer.updateFocusedWindowLocked:494 com.android.server.wm.WindowManagerService.updateFocusedWindowLocked:6812 com.android.server.wm.WindowManagerService.relayoutWindow:2786 com.android.server.wm.Session.relayout:288 
03-06 15:54:45.999  1661  2394 I START_DEBUG: send BINDTIMEOUT    ProcessRecord :ProcessRecord{47672c8 7233:com.openfang.termux/u0a383}
03-06 15:54:45.999  1661  2394 I START_DEBUG: remove START_TIMEOUT finish    ProcessRecord :ProcessRecord{47672c8 7233:com.openfang.termux/u0a383}
03-06 15:54:46.107  1661  3405 I START_DEBUG: remove BIND_TIMEOUT finish    ProcessRecord :ProcessRecord{47672c8 7233:com.openfang.termux/u0a383}
03-06 15:54:46.112  1661  1661 E MBrainLocalService: notifyAppSwitch failed
03-06 15:54:46.134  7233  7251 I DisplayManager: Choreographer implicitly registered for the refresh rate.
03-06 15:54:46.142  7233  7233 E TransactionExecutor: Failed to execute the transaction: tId:754847023 ClientTransaction{
03-06 15:54:46.142  7233  7233 E TransactionExecutor: tId:754847023   transactionItems=[
03-06 15:54:46.142  7233  7233 E TransactionExecutor: tId:754847023     LaunchActivityItem{activityToken=android.os.BinderProxy@2e7f08e,intent=Intent { act=android.intent.action.MAIN cat=[android.intent.category.LAUNCHER] flg=0x10200000 xflg=0x4 cmp=com.openfang.termux/com.nxg.OpenFangproot.MainActivity bnds=[53,117][289,427] },ident=17232937,info=ActivityInfo{c8058a8 com.nxg.OpenFangproot.MainActivity},curConfig={1.0 310mcc240mnc [en_GB] ldltr sw411dp w411dp h914dp 420dpi nrml long widecg port night finger -keyb/v/h -nav/h winConfig={ mBounds=Rect(0, 0 - 1080, 2400) mAppBounds=Rect(0, 0 - 1080, 2400) mMaxBounds=Rect(0, 0 - 1080, 2400) mDisplayRotation=ROTATION_0 mWindowingMode=fullscreen mActivityType=undefined mAlwaysOnTop=undefined mRotation=ROTATION_0} as.16 s.30795 ntfont=2 fontWeightAdjustment=300},overrideConfig={1.0 310mcc240mnc [en_GB] ldltr sw411dp w411dp h914dp 420dpi nrml long widecg port night finger -keyb/v/h -nav/h winConfig={ mBounds=Rect(0, 0 - 1080, 2400) mAppBounds=Rect(0, 0 - 1080, 2400) mMaxBounds=Rect(0, 0 - 1080, 2400) mDisplayRotation=ROTATION_0 mWindowingMode=fullscreen mActivityType=standard mAlwaysOnTop=undefined mRotation=ROTATION_0} as.16 s.2 ntfont=2 fontWeightAdjustment=300},deviceId=0,referrer=null,procState=2,state=null,persistentState=null,pendingResults=null,pendingNewIntents=null,sceneTransitionInfo=null,profilerInfo=null,assistToken=android.os.BinderProxy@eff8445,shareableActivityToken=android.os.BinderProxy@f76879a,activityWindowInfo=ActivityWindowInfo{isEmbedded=false, taskBounds=Rect(0, 0 - 1080, 2400), taskFragmentBounds=Rect(0, 0 - 1080, 2400)}}
03-06 15:54:46.142  7233  7233 E TransactionExecutor: tId:754847023     ResumeActivityItem{mActivityToken=android.os.BinderProxy@2e7f08e,procState=-1,isForward=true,shouldSendCompatFakeFocus=false}
03-06 15:54:46.142  7233  7233 E TransactionExecutor: tId:754847023     Target activity: Not found for token: android.os.BinderProxy@2e7f08e
03-06 15:54:46.142  7233  7233 E TransactionExecutor: tId:754847023   ]
03-06 15:54:46.142  7233  7233 E TransactionExecutor: tId:754847023 }
03-06 15:54:46.144  7233  7233 E AndroidRuntime: FATAL EXCEPTION: main
03-06 15:54:46.144  7233  7233 E AndroidRuntime: Process: com.openfang.termux, PID: 7233
03-06 15:54:46.144  7233  7233 E AndroidRuntime: java.lang.RuntimeException: Unable to instantiate activity ComponentInfo{com.openfang.termux/com.nxg.OpenFangproot.MainActivity}: java.lang.ClassNotFoundException: Didn't find class "com.nxg.OpenFangproot.MainActivity" on path: DexPathList[[zip file "/data/app/~~0NS-f8AGngQAw_8Z4ZWUyg==/com.openfang.termux-RCmI7EsAU8xT17nt5TXpbw==/base.apk"],nativeLibraryDirectories=[/data/app/~~0NS-f8AGngQAw_8Z4ZWUyg==/com.openfang.termux-RCmI7EsAU8xT17nt5TXpbw==/lib/arm64, /data/app/~~0NS-f8AGngQAw_8Z4ZWUyg==/com.openfang.termux-RCmI7EsAU8xT17nt5TXpbw==/base.apk!/lib/arm64-v8a, /system/lib64, /system_ext/lib64]]
03-06 15:54:46.144  7233  7233 E AndroidRuntime: 	at android.app.ActivityThread.performLaunchActivity(ActivityThread.java:4282)
03-06 15:54:46.144  7233  7233 E AndroidRuntime: 	at android.app.ActivityThread.handleLaunchActivity(ActivityThread.java:4563)
03-06 15:54:46.144  7233  7233 E AndroidRuntime: 	at android.app.servertransaction.LaunchActivityItem.execute(LaunchActivityItem.java:222)
03-06 15:54:46.144  7233  7233 E AndroidRuntime: 	at android.app.servertransaction.TransactionExecutor.executeNonLifecycleItem(TransactionExecutor.java:133)
03-06 15:54:46.144  7233  7233 E AndroidRuntime: 	at android.app.servertransaction.TransactionExecutor.executeTransactionItems(TransactionExecutor.java:103)
03-06 15:54:46.144  7233  7233 E AndroidRuntime: 	at android.app.servertransaction.TransactionExecutor.execute(TransactionExecutor.java:80)
03-06 15:54:46.144  7233  7233 E AndroidRuntime: 	at android.app.ActivityThread$H.handleMessage(ActivityThread.java:2899)
03-06 15:54:46.144  7233  7233 E AndroidRuntime: 	at android.os.Handler.dispatchMessage(Handler.java:110)
03-06 15:54:46.144  7233  7233 E AndroidRuntime: 	at android.os.Looper.loopOnce(Looper.java:283)
03-06 15:54:46.144  7233  7233 E AndroidRuntime: 	at android.os.Looper.loop(Looper.java:392)
03-06 15:54:46.144  7233  7233 E AndroidRuntime: 	at android.app.ActivityThread.main(ActivityThread.java:9231)
03-06 15:54:46.144  7233  7233 E AndroidRuntime: 	at java.lang.reflect.Method.invoke(Native Method)
03-06 15:54:46.144  7233  7233 E AndroidRuntime: 	at com.android.internal.os.RuntimeInit$MethodAndArgsCaller.run(RuntimeInit.java:633)
03-06 15:54:46.144  7233  7233 E AndroidRuntime: 	at com.android.internal.os.ZygoteInit.main(ZygoteInit.java:1026)
03-06 15:54:46.144  7233  7233 E AndroidRuntime: Caused by: java.lang.ClassNotFoundException: Didn't find class "com.nxg.OpenFangproot.MainActivity" on path: DexPathList[[zip file "/data/app/~~0NS-f8AGngQAw_8Z4ZWUyg==/com.openfang.termux-RCmI7EsAU8xT17nt5TXpbw==/base.apk"],nativeLibraryDirectories=[/data/app/~~0NS-f8AGngQAw_8Z4ZWUyg==/com.openfang.termux-RCmI7EsAU8xT17nt5TXpbw==/lib/arm64, /data/app/~~0NS-f8AGngQAw_8Z4ZWUyg==/com.openfang.termux-RCmI7EsAU8xT17nt5TXpbw==/base.apk!/lib/arm64-v8a, /system/lib64, /system_ext/lib64]]
03-06 15:54:46.144  7233  7233 E AndroidRuntime: 	at dalvik.system.BaseDexClassLoader.findClass(BaseDexClassLoader.java:259)
03-06 15:54:46.144  7233  7233 E AndroidRuntime: 	at java.lang.ClassLoader.loadClass(ClassLoader.java:642)
03-06 15:54:46.144  7233  7233 E AndroidRuntime: 	at java.lang.ClassLoader.loadClass(ClassLoader.java:578)
03-06 15:54:46.144  7233  7233 E AndroidRuntime: 	at android.app.AppComponentFactory.instantiateActivity(AppComponentFactory.java:95)
03-06 15:54:46.144  7233  7233 E AndroidRuntime: 	at androidx.core.app.CoreComponentFactory.instantiateActivity(CoreComponentFactory.java:44)
03-06 15:54:46.144  7233  7233 E AndroidRuntime: 	at android.app.Instrumentation.newActivity(Instrumentation.java:1462)
03-06 15:54:46.144  7233  7233 E AndroidRuntime: 	at android.app.ActivityThread.performLaunchActivity(ActivityThread.java:4269)
03-06 15:54:46.144  7233  7233 E AndroidRuntime: 	... 13 more
03-06 15:54:46.155  1661  7257 I DropBoxManagerService: add tag=data_app_crash isTagEnabled=true flags=0x2
03-06 15:54:46.167  1661  3712 W ActivityTaskManager:   Force finishing activity com.openfang.termux/com.nxg.OpenFangproot.MainActivity
03-06 15:54:46.173  1661  1661 E MBrainLocalService: notifyAppSwitch failed
03-06 15:54:46.210  1661  3286 I ActivityManager: Process com.openfang.termux (pid 7233) has died: fg  TOP 
03-06 15:54:46.214  1661  3286 I START_DEBUG: remove ALL_TIMEOUT cleanup   ProcessRecord :ProcessRecord{47672c8 7233:com.openfang.termux/u0a383}
03-06 15:54:46.243  1661  3286 W WindowManager: Changing focus from null to Window{4117dff u0 com.nothing.launcher/com.android.searchlauncher.SearchLauncher} displayId=0 Callers=com.android.server.wm.RootWindowContainer.updateFocusedWindowLocked:494 com.android.server.wm.WindowManagerService.updateFocusedWindowLocked:6812 com.android.server.wm.ActivityRecord.onRemovedFromDisplay:4528 com.android.server.wm.DisplayContent.removeAppToken:1599 
03-06 15:54:46.250  1661  1661 E MBrainLocalService: notifyAppSwitch failed
03-06 15:54:46.279  1661  2396 W PackageConfigPersister: App-specific configuration not found for packageName: com.nothing.launcher and userId: 0
03-06 15:54:46.433  2062  2145 V WindowManagerShell: Transition animation finished (aborted=false), notifying core (#3340) android.os.BinderProxy@a58d2b2@0
03-06 15:54:46.437  1661  1685 V WindowManager: Finish Transition (#3340): created at 03-06 15:54:46.168 collect-started=0.03ms request-sent=0.119ms started=35.107ms ready=82.905ms sent=85.254ms commit=28.931ms finished=266.471ms
03-06 15:54:46.439  1661  3712 D WindowManager: setParent old=Task{1f1a9e5 #294 type=standard I=com.openfang.termux/com.nxg.OpenFangproot.MainActivity},new=null,this window=ActivityRecord{17232937 u0 com.openfang.termux/com.nxg.OpenFangproot.MainActivity t294 f}},callers=com.android.server.wm.WindowContainer.removeChild:896 com.android.server.wm.TaskFragment.removeChild:3274 com.android.server.wm.Task.removeChild:1569 com.android.server.wm.Task.removeChild:1552 com.android.server.wm.WindowContainer.removeImmediately:949 com.android.server.wm.WindowToken.removeImmediately:337 
03-06 15:54:46.441  1661  3712 D WindowManager: setParent old=DefaultTaskDisplayArea@27782022,new=null,this window=Task{1f1a9e5 #294 type=standard I=com.openfang.termux/com.nxg.OpenFangproot.MainActivity},callers=com.android.server.wm.WindowContainer.removeChild:896 com.android.server.wm.TaskDisplayArea.removeChildTask:357 com.android.server.wm.TaskDisplayArea.removeChild:348 com.android.server.wm.WindowContainer.removeImmediately:949 com.android.server.wm.TaskFragment.removeImmediately:3358 com.android.server.wm.Task.removeImmediately:2853 
03-06 15:54:46.442  2062  2145 V WindowManagerShell: Track 0 became idle
03-06 15:54:46.442  2062  2145 V WindowManagerShell: All active transition animations finished
03-06 15:54:46.442  1661  2239 D NtBoostAdjusterImpl: tryRestoreThreadPriority: pid = 1689, counting = 1
03-06 15:54:46.449  1661  1688 I DisplayDeviceRepository: Display device changed render timings: "Built-in Screen", renderFrameRate=120.00001, presentationDeadlineNanos=13300000, appVsyncOffsetNanos=1099999, frameRateOverrides=[{uid=10048 frameRateHz=120.00001}]
03-06 15:54:46.464  1661  2239 D NtBoostAdjusterImpl: tryRestoreThreadPriority: pid = 5734, counting = 1
03-06 15:54:46.480  1661  3712 D Dragonite: release 63
03-06 15:54:46.500  1661  1661 W AccessibilityManagerService:  wait for adding window timeout: 3660
03-06 15:54:46.668  1661  1688 W ActivityTaskManager: Activity top resumed state loss timeout for ActivityRecord{17232937 u0 com.openfang.termux/com.nxg.OpenFangproot.MainActivity t-1 f}}
03-06 15:54:47.005  1661  1661 W AccessibilityManagerService:  wait for adding window timeout: 3129
03-06 15:54:49.078  1661  1688 I DisplayDeviceRepository: Display device changed render timings: "Built-in Screen", renderFrameRate=120.00001, presentationDeadlineNanos=13300000, appVsyncOffsetNanos=1099999, frameRateOverrides=[]
03-06 15:54:49.261  1661  3793 W ActivityTaskManager: callingPackage for (uid=-1, pid=-1) has no WPC
03-06 15:54:49.267  1661  1661 E MBrainLocalService: notifyAppSwitch failed
03-06 15:54:49.309  1661  3793 W WindowManager: Changing focus from Window{4117dff u0 com.nothing.launcher/com.android.searchlauncher.SearchLauncher} to null displayId=0 Callers=com.android.server.wm.RootWindowContainer.updateFocusedWindowLocked:494 com.android.server.wm.WindowManagerService.updateFocusedWindowLocked:6812 com.android.server.wm.ActivityTaskManagerService.setLastResumedActivityUncheckLocked:5261 com.android.server.wm.ActivityTaskSupervisor.updateTopResumedActivityIfNeeded:2419 
03-06 15:54:49.313  1661  1661 E MBrainLocalService: notifyAppSwitch failed
03-06 15:54:49.319  1661  3880 I WindowManager: Relayout Window{65a1daf u0 SnapshotStartingWindow for taskId=293}: oldVis=8 newVis=0 focusMayChange = true requestedWidth = -1 requestedHeight = -1 outFrames = ClientWindowFrames{frame=[0,0][1080,2400] display=[0,0][1080,2400] parentFrame=[0,0][0,0]} outSurfaceControl = Surface(name=SnapshotStartingWindow for taskId=293)/@0xb6b8945
03-06 15:54:49.340  1661  3712 W WindowManager: Changing focus from null to Window{67ea170 u0 com.termux/com.termux.app.TermuxActivity} displayId=0 Callers=com.android.server.wm.RootWindowContainer.updateFocusedWindowLocked:494 com.android.server.wm.WindowManagerService.updateFocusedWindowLocked:6812 com.android.server.wm.WindowManagerService.relayoutWindow:2786 com.android.server.wm.Session.relayout:288 
03-06 15:54:49.340  1661  3712 I WindowManager: Relayout Window{67ea170 u0 com.termux/com.termux.app.TermuxActivity}: oldVis=8 newVis=0 focusMayChange = true requestedWidth = 1080 requestedHeight = 2400 outFrames = ClientWindowFrames{frame=[0,0][1080,2400] display=[0,0][1080,2400] parentFrame=[0,0][0,0]} outSurfaceControl = Surface(name=com.termux/com.termux.app.TermuxActivity)/@0x62f1031
03-06 15:54:49.381  1661  3793 W PackageConfigPersister: App-specific configuration not found for packageName: com.termux and userId: 0
03-06 15:54:49.419  1661  3880 I WindowManager: Relayout Window{43b7565 u0 InputMethod}: oldVis=8 newVis=0 focusMayChange = true requestedWidth = 1080 requestedHeight = 2294 outFrames = ClientWindowFrames{frame=[0,106][1080,2400] display=[0,106][1080,2400] parentFrame=[0,0][0,0]} outSurfaceControl = Surface(name=InputMethod)/@0xf4125ab
03-06 15:54:50.042  1661  1661 W AccessibilityManagerService:  wait for adding window timeout: 3126
03-06 15:54:50.445  1661  3334 E TaskPersister: File error accessing recents directory (directory doesn't exist?).
03-06 15:54:57.111  1661  1699 I ActivityManager: Process PhantomProcessRecord {9266b03 7283:12970:dumpsys/1000} died
03-06 15:55:05.644  1661  3793 W ActivityManager: Unbind failed: could not find connection for android.os.BinderProxy@b61b2ba
03-06 15:55:05.655  1661  3793 W ActivityManager: Unable to start service Intent { act=android.telephony.satellite.SatelliteService xflg=0x4 pkg=com.mediatek.satellite.service } U=0: not found
03-06 15:55:14.483  1661  1661 E MBrainLocalService: notifyAppSwitch failed
03-06 15:55:14.506  1661  3385 I WindowManager: Relayout Window{4117dff u0 com.nothing.launcher/com.android.searchlauncher.SearchLauncher}: oldVis=8 newVis=0 focusMayChange = true requestedWidth = 1080 requestedHeight = 2400 outFrames = ClientWindowFrames{frame=[0,0][1080,2400] display=[0,0][1080,2400] parentFrame=[0,0][0,0]} outSurfaceControl = Surface(name=com.nothing.launcher/com.android.searchlauncher.SearchLauncher)/@0xcd29d91
03-06 15:55:14.542  1661  1688 W ProcessStats: Tracking association SourceState{a243db8 com.vilykke.lockscreen/10361 ImpFg #567083} whose proc state 5 is better than process ProcessState{6c65ed com.google.android.webview:sandboxed_process0:org.chromium.content.app.SandboxedProcessService0:0/10361 pkg=com.vilykke.lockscreen} proc state 14 (45 skipped)
03-06 15:55:14.578  1661  1661 E MBrainLocalService: notifyAppSwitch failed
03-06 15:55:15.002  1661  1661 W AccessibilityManagerService:  wait for adding window timeout: 3126
03-06 15:55:15.014  1661  1661 W AccessibilityManagerService:  wait for adding window timeout: 3126
03-06 15:55:15.061  1661  1696 W ActivityManager: Stopping service due to app idle: u0a293 -5m15s148ms org.telegram.messenger/.NotificationsService
03-06 15:55:15.124  1661  1661 W AccessibilityManagerService:  wait for adding window timeout: 3126
03-06 15:55:15.634  1661  1661 W AccessibilityManagerService:  wait for adding window timeout: 3129
03-06 15:55:16.323  1661  1686 I WindowManager: Display id=0 rotation changed to 3 from 0, lastOrientation=-1 userRotationMode=0 userRotation=0 lastSensorRotation=3
03-06 15:55:16.384  1661  1688 I ActivityTaskManager: Config changes=20000480 {1.0 310mcc240mnc [en_GB] ldltr sw411dp w914dp h411dp 420dpi nrml long widecg land night finger -keyb/v/h -nav/h winConfig={ mBounds=Rect(0, 0 - 2400, 1080) mAppBounds=Rect(0, 0 - 2400, 1080) mMaxBounds=Rect(0, 0 - 2400, 1080) mDisplayRotation=ROTATION_270 mWindowingMode=fullscreen mActivityType=undefined mAlwaysOnTop=undefined mRotation=ROTATION_270} as.16 s.30796 ntfont=2 fontWeightAdjustment=300}
03-06 15:55:16.416  1661  1688 I WindowManager: Override config changes=20000480 {1.0 310mcc240mnc [en_GB] ldltr sw411dp w914dp h411dp 420dpi nrml long widecg land night finger -keyb/v/h -nav/h winConfig={ mBounds=Rect(0, 0 - 2400, 1080) mAppBounds=Rect(0, 0 - 2400, 1080) mMaxBounds=Rect(0, 0 - 2400, 1080) mDisplayRotation=ROTATION_270 mWindowingMode=fullscreen mActivityType=undefined mAlwaysOnTop=undefined mRotation=ROTATION_270} as.16 s.30796 ntfont=2 fontWeightAdjustment=300} for displayId=0
03-06 15:55:16.551  1661  3855 I WindowManager: finishDrawing of orientation change: Window{67ea170 u0 com.termux/com.termux.app.TermuxActivity} 63ms
03-06 15:55:16.580  1661  3855 I WindowManager: finishDrawing of orientation change: Window{8c8dd0 u0 com.jamworks.dynamicspot} 92ms
03-06 15:55:16.653  1661  3895 I WindowManager: finishDrawing of orientation change: Window{2215a6a u0 Taskbar} 165ms
03-06 15:55:16.669  1661  3895 W PackageConfigPersister: App-specific configuration not found for packageName: com.termux and userId: 0
03-06 15:55:17.109  1661  1923 W NetworkPolicy: shared quota unsupported; generating rule for each iface
03-06 15:55:17.136  1661  3712 I WindowManager: finishDrawing of orientation change: Window{f3a79c3 u0 StatusBar} 648ms
03-06 15:55:17.137  2062  2062 I EmergencyButton: mLocateAtNonSecureView = false
03-06 15:55:17.140  2062  2062 I EmergencyButton: show = truevisible= true, antiTheftLocked=false, mEmergencyButtonExt.showEccInNonSecureUnlock() =false, eccShouldShow=true
03-06 15:55:17.575  1661  3334 E TaskPersister: File error accessing recents directory (directory doesn't exist?).
03-06 15:55:19.054  1661  1686 I WindowManager: Display id=0 rotation changed to 0 from 3, lastOrientation=-1 userRotationMode=0 userRotation=0 lastSensorRotation=0
03-06 15:55:19.076  1661  1688 I ActivityTaskManager: Config changes=20000480 {1.0 310mcc240mnc [en_GB] ldltr sw411dp w411dp h914dp 420dpi nrml long widecg port night finger -keyb/v/h -nav/h winConfig={ mBounds=Rect(0, 0 - 1080, 2400) mAppBounds=Rect(0, 0 - 1080, 2400) mMaxBounds=Rect(0, 0 - 1080, 2400) mDisplayRotation=ROTATION_0 mWindowingMode=fullscreen mActivityType=undefined mAlwaysOnTop=undefined mRotation=ROTATION_0} as.16 s.30890 ntfont=2 fontWeightAdjustment=300}
03-06 15:55:19.081  1661  1688 I WindowManager: Override config changes=20000480 {1.0 310mcc240mnc [en_GB] ldltr sw411dp w411dp h914dp 420dpi nrml long widecg port night finger -keyb/v/h -nav/h winConfig={ mBounds=Rect(0, 0 - 1080, 2400) mAppBounds=Rect(0, 0 - 1080, 2400) mMaxBounds=Rect(0, 0 - 1080, 2400) mDisplayRotation=ROTATION_0 mWindowingMode=fullscreen mActivityType=undefined mAlwaysOnTop=undefined mRotation=ROTATION_0} as.16 s.30890 ntfont=2 fontWeightAdjustment=300} for displayId=0
03-06 15:55:19.128  1661  3375 I WindowManager: finishDrawing of orientation change: Window{67ea170 u0 com.termux/com.termux.app.TermuxActivity} 25ms
03-06 15:55:19.138  1661  3405 I WindowManager: finishDrawing of orientation change: Window{8c8dd0 u0 com.jamworks.dynamicspot} 35ms
03-06 15:55:19.148  1661  3855 W PackageConfigPersister: App-specific configuration not found for packageName: com.termux and userId: 0
03-06 15:55:19.157  1661  3855 I WindowManager: finishDrawing of orientation change: Window{2215a6a u0 Taskbar} 54ms
03-06 15:55:19.316  1661  3855 I WindowManager: finishDrawing of orientation change: Window{f3a79c3 u0 StatusBar} 214ms
03-06 15:55:19.319  2062  2062 I EmergencyButton: mLocateAtNonSecureView = false
03-06 15:55:19.319  2062  2062 I EmergencyButton: show = truevisible= true, antiTheftLocked=false, mEmergencyButtonExt.showEccInNonSecureUnlock() =false, eccShouldShow=true
03-06 15:55:20.454  1661  1848 I NtCharge: mLastBatteryCycleCount:139
03-06 15:55:22.108  1661  3448 W AppOps  : Noting op not finished: uid 10133 pkg com.google.android.gms code 113 startTime of in progress event=1772840898763
03-06 15:55:22.112  1661  3448 W AppOps  : Noting op not finished: uid 10133 pkg com.google.android.gms code 113 startTime of in progress event=1772835232348
03-06 15:55:22.119  1661  3448 W AppOps  : Noting op not finished: uid 10133 pkg com.google.android.gms code 79 startTime of in progress event=1772835232348
03-06 15:55:22.123  1661  3448 W AppOps  : Noting op not finished: uid 10133 pkg com.google.android.gms code 113 startTime of in progress event=1772835232348
03-06 15:55:23.115  1661  3448 W AppOps  : Noting op not finished: uid 10133 pkg com.google.android.gms code 113 startTime of in progress event=1772835232348
03-06 15:55:23.116  1661  3448 W AppOps  : Noting op not finished: uid 10133 pkg com.google.android.gms code 79 startTime of in progress event=1772835232348
03-06 15:55:23.117  1661  3448 W AppOps  : Noting op not finished: uid 10133 pkg com.google.android.gms code 113 startTime of in progress event=1772835232348
03-06 15:55:23.117  1661  3448 W AppOps  : Noting op not finished: uid 10133 pkg com.google.android.gms code 113 startTime of in progress event=1772840898763
03-06 15:55:24.544  1661  3359 W ActivityManager: Unable to start service Intent { act=com.google.android.finsky.BIND_PLAY_MODULE_SERVICE xflg=0x4 pkg=com.android.vending } U=999: not found
03-06 15:55:24.553  1661  3448 W ActivityManager: Unable to start service Intent { act=com.google.android.finsky.BIND_PLAY_MODULE_SERVICE xflg=0x4 pkg=com.android.vending } U=999: not found
03-06 15:55:24.603  1661  1688 W ProcessStats: Tracking association SourceState{a243db8 com.vilykke.lockscreen/10361 ImpFg #567143} whose proc state 5 is better than process ProcessState{6c65ed com.google.android.webview:sandboxed_process0:org.chromium.content.app.SandboxedProcessService0:0/10361 pkg=com.vilykke.lockscreen} proc state 14 (28 skipped)
03-06 15:55:25.849  1661  1688 W AccessibilityWindowsPopulator: Windows change within in 2 frames continuously over 500 ms and notify windows changed immediately
03-06 15:55:25.890  1661  1661 W AccessibilityManagerService:  wait for adding window timeout: 3663
03-06 15:55:26.539  1661  1686 I WindowManager: Display id=0 rotation changed to 3 from 0, lastOrientation=-1 userRotationMode=0 userRotation=0 lastSensorRotation=3
03-06 15:55:26.560  1661  1688 I ActivityTaskManager: Config changes=20000480 {1.0 310mcc240mnc [en_GB] ldltr sw411dp w914dp h411dp 420dpi nrml long widecg land night finger -keyb/v/h -nav/h winConfig={ mBounds=Rect(0, 0 - 2400, 1080) mAppBounds=Rect(0, 0 - 2400, 1080) mMaxBounds=Rect(0, 0 - 2400, 1080) mDisplayRotation=ROTATION_270 mWindowingMode=fullscreen mActivityType=undefined mAlwaysOnTop=undefined mRotation=ROTATION_270} as.16 s.30984 ntfont=2 fontWeightAdjustment=300}
03-06 15:55:26.566  1661  1688 I WindowManager: Override config changes=20000480 {1.0 310mcc240mnc [en_GB] ldltr sw411dp w914dp h411dp 420dpi nrml long widecg land night finger -keyb/v/h -nav/h winConfig={ mBounds=Rect(0, 0 - 2400, 1080) mAppBounds=Rect(0, 0 - 2400, 1080) mMaxBounds=Rect(0, 0 - 2400, 1080) mDisplayRotation=ROTATION_270 mWindowingMode=fullscreen mActivityType=undefined mAlwaysOnTop=undefined mRotation=ROTATION_270} as.16 s.30984 ntfont=2 fontWeightAdjustment=300} for displayId=0
03-06 15:55:26.614  1661  3359 W PackageConfigPersister: App-specific configuration not found for packageName: com.termux and userId: 0
03-06 15:55:26.620  1661  3895 I WindowManager: finishDrawing of orientation change: Window{67ea170 u0 com.termux/com.termux.app.TermuxActivity} 34ms
03-06 15:55:26.635  1661  2395 I WindowManager: finishDrawing of orientation change: Window{2215a6a u0 Taskbar} 49ms
03-06 15:55:26.647  1661  3385 I WindowManager: finishDrawing of orientation change: Window{8c8dd0 u0 com.jamworks.dynamicspot} 61ms
03-06 15:55:26.757  1661  3375 I WindowManager: finishDrawing of orientation change: Window{f3a79c3 u0 StatusBar} 171ms
03-06 15:55:26.759  2062  2062 I EmergencyButton: mLocateAtNonSecureView = false
03-06 15:55:26.759  2062  2062 I EmergencyButton: show = truevisible= true, antiTheftLocked=false, mEmergencyButtonExt.showEccInNonSecureUnlock() =false, eccShouldShow=true
03-06 15:55:29.582  1661  2395 I UsbPortManager: AIDL UsbDataStatus:1
03-06 15:55:29.582  1661  2395 I UsbPortManager: ClientCallback AIDL V1: port0
03-06 15:55:29.582  1661  2395 I UsbPortManager: AIDL UsbDataStatus:1
03-06 15:55:29.582  1661  2395 I UsbPortManager: ClientCallback AIDL V1: port0
03-06 15:55:29.583  1661  2395 I UsbPortManager: AIDL UsbDataStatus:1
03-06 15:55:29.583  1661  2395 I UsbPortManager: ClientCallback AIDL V1: port0
03-06 15:55:29.586  1661  2395 I UsbPortManager: AIDL UsbDataStatus:1
03-06 15:55:29.586  1661  2395 I UsbPortManager: ClientCallback AIDL V1: port0
03-06 15:55:29.587  1661  2395 I UsbPortManager: AIDL UsbDataStatus:1
03-06 15:55:29.587  1661  2395 I UsbPortManager: ClientCallback AIDL V1: port0
03-06 15:55:29.589  1661  1685 I UsbPortManager: USB port changed: port=UsbPort{id=port0, supportedModes=dual, audio_acc, supportedContaminantProtectionModes=0, supportsEnableContaminantPresenceProtection=false, supportsEnableContaminantPresenceDetection=false, supportsComplianceWarnings=false, status=UsbPortStatus{connected=true, currentMode=ufp, currentPowerRole=sink, currentDataRole=device, supportedRoleCombinations=[source:host, sink:device], contaminantDetectionStatus=0, contaminantProtectionStatus=0, usbDataStatus=enabled, isPowerTransferLimited=false, powerBrickConnectionStatus=unknown, complianceWarnings=[], plugState=0, displayPortAltModeInfo=null}, canChangeMode=true, canChangePowerRole=false, canChangeDataRole=false, connectedAtMillis=631213879, lastConnectDurationMillis=0
03-06 15:55:29.592  1661  1685 I UsbPortManager: USB port changed: port=UsbPort{id=port0, supportedModes=dual, audio_acc, supportedContaminantProtectionModes=0, supportsEnableContaminantPresenceProtection=false, supportsEnableContaminantPresenceDetection=false, supportsComplianceWarnings=false, status=UsbPortStatus{connected=true, currentMode=ufp, currentPowerRole=sink, currentDataRole=device, supportedRoleCombinations=[source:host, source:device, sink:host, sink:device], contaminantDetectionStatus=0, contaminantProtectionStatus=0, usbDataStatus=enabled, isPowerTransferLimited=false, powerBrickConnectionStatus=unknown, complianceWarnings=[], plugState=0, displayPortAltModeInfo=null}, canChangeMode=true, canChangePowerRole=true, canChangeDataRole=true, connectedAtMillis=631213879, lastConnectDurationMillis=0
03-06 15:55:29.633  1661  2395 I UsbPortManager: AIDL UsbDataStatus:1
03-06 15:55:29.633  1661  2395 I UsbPortManager: ClientCallback AIDL V1: port0
03-06 15:55:29.750  1661  1687 I EntropyMixer: Updated seed file
03-06 15:55:29.798  1661  1661 E ChargeIntentReceiver: notifyChange failed
03-06 15:55:29.799  1661  1661 E UiModeManager: mComputedNightMode:true, mNightMode.get():2, mOverrideNightModeOn:false, mOverrideNightModeOff:falsemTwilightManager.getLastTwilightState():TwilightState { sunrise=03-06 06:39 sunset=03-06 18:05 }
03-06 15:55:29.990  1661  1685 W PermissionService: getPermissionFlags: Unknown user -1
03-06 15:55:29.990  1661  1685 W PermissionService: getPermissionFlags: Unknown user -1
03-06 15:55:29.999  1661  1685 W PermissionService: getPermissionFlags: Unknown user -1
03-06 15:55:29.999  1661  1685 W PermissionService: getPermissionFlags: Unknown user -1
03-06 15:55:30.044  6456  6471 W Looper  : Slow delivery took 107132ms when=+1m47s141ms android.bg app=android.process.media main=false group=FOREGROUND h=android.database.sqlite.SQLiteConnectionPool$IdleConnectionHandler c=null m=0
03-06 15:55:30.079  1661  3385 I UsbDeviceManager: getUsbSpeedCb speed:2 ,transactionId:483
03-06 15:55:30.175  1661  1685 W ActivityTaskManager: callingPackage for (uid=1000, pid=1661) is ambiguous: [android, com.android.providers.settings, com.android.server.telecom, com.android.location.fused, com.mediatek.location.lppe.main]
03-06 15:55:30.201  1661  1661 E NtNotificationManagerService: getSound supportGenerativeRingtone = false, isDefaultRingtone = true
03-06 15:55:30.202  1661  1661 W NotificationHistory: Attempted to add notif for locked/gone/disabled user 0
03-06 15:55:30.215  1661  1661 E NtNotificationManagerService: getSound supportGenerativeRingtone = false, isDefaultRingtone = true
03-06 15:55:30.215  1661  1661 E NtNotificationManagerService: getSound supportGenerativeRingtone = false, isDefaultRingtone = true
03-06 15:55:30.225  1661  1661 W NotificationHistory: Attempted to add notif for locked/gone/disabled user 0
03-06 15:55:30.231  1661  1685 W OptProp : Cannot read opt property android.window.PROPERTY_COMPAT_ALLOW_MIN_ASPECT_RATIO_OVERRIDE
03-06 15:55:30.233  1661  3448 W AppOps  : Noting op not finished: uid 10133 pkg com.google.android.gms code 113 startTime of in progress event=1772840898763
03-06 15:55:30.240  1661  1685 W OptProp : Cannot read opt property android.window.PROPERTY_COMPAT_ALLOW_RESIZEABLE_ACTIVITY_OVERRIDES
03-06 15:55:30.241  1661  1685 W OptProp : Cannot read opt property android.window.PROPERTY_COMPAT_ALLOW_ORIENTATION_OVERRIDE
03-06 15:55:30.253  1661  1661 E MBrainLocalService: notifyAppSwitch failed
03-06 15:55:30.256  1661  1685 I ActivityTaskManager: START u0 {flg=0x10000000 xflg=0x4 cmp=com.android.systemui/.usb.UsbDebuggingActivity (has extras)} with LAUNCH_MULTIPLE from uid 1000 pid 1661 (BAL_ALLOW_ALLOWLISTED_UID) result code=0
03-06 15:55:30.259  1661  1685 W Looper  : Slow dispatch took 165ms when=+177ms android.fg app=system_server main=false group=FOREGROUND h=com.android.server.adb.AdbDebuggingManager$AdbDebuggingHandler c=null m=5
03-06 15:55:30.272  1661  3712 W WindowManager: Changing focus from Window{67ea170 u0 com.termux/com.termux.app.TermuxActivity} to null displayId=0 Callers=com.android.server.wm.RootWindowContainer.updateFocusedWindowLocked:494 com.android.server.wm.WindowManagerService.updateFocusedWindowLocked:6812 com.android.server.wm.ActivityTaskManagerService.setLastResumedActivityUncheckLocked:5261 com.android.server.wm.ActivityTaskSupervisor.updateTopResumedActivityIfNeeded:2419 
03-06 15:55:30.308  1661  3855 W AppOps  : Noting op not finished: uid 10133 pkg com.google.android.gms code 113 startTime of in progress event=1772835232348
03-06 15:55:30.318  1661  1661 E MBrainLocalService: notifyAppSwitch failed
03-06 15:55:30.344  1661  3406 W ActivityManager: Unable to start service Intent { act=ACTION_CONSTRAINTS_CHANGED xflg=0x4 cmp=com.apkpure.aegon/androidx.work.impl.background.systemalarm.SystemAlarmService } U=0: not found
03-06 15:55:30.354  1661  3375 W AppOps  : Noting op not finished: uid 10133 pkg com.google.android.gms code 79 startTime of in progress event=1772835232348
03-06 15:55:30.355  1661  3411 W ActivityManager: Unable to start service Intent { act=com.google.android.gms.lockbox.service.START xflg=0x4 pkg=com.google.android.gms } U=999: not found
03-06 15:55:30.358  1661  3411 W ActivityManager: Unbind failed: could not find connection for android.os.BinderProxy@429777d
03-06 15:55:30.361  1661  3359 W ActivityManager: Unable to start service Intent { act=com.google.android.gms.lockbox.service.START xflg=0x4 pkg=com.google.android.gms } U=0: not found
03-06 15:55:30.361  1661  3895 W ActivityManager: Unbind failed: could not find connection for android.os.BinderProxy@fbe2672
03-06 15:55:30.382  1661  3375 W AppOps  : Noting op not finished: uid 10133 pkg com.google.android.gms code 113 startTime of in progress event=1772835232348
03-06 15:55:30.387  1661  1661 W AccessibilityManagerService:  wait for adding window timeout: 3665
03-06 15:55:30.438  1661  3880 W WindowManager: Changing focus from null to Window{1eb13b1 u0 com.android.systemui/com.android.systemui.usb.UsbDebuggingActivity} displayId=0 Callers=com.android.server.wm.RootWindowContainer.updateFocusedWindowLocked:494 com.android.server.wm.WindowManagerService.updateFocusedWindowLocked:6812 com.android.server.wm.WindowManagerService.relayoutWindow:2786 com.android.server.wm.Session.relayout:288 
03-06 15:55:30.441  1661  3880 I WindowManager: Relayout Window{1eb13b1 u0 com.android.systemui/com.android.systemui.usb.UsbDebuggingActivity}: oldVis=4 newVis=0 focusMayChange = true requestedWidth = 1559 requestedHeight = 608 outFrames = ClientWindowFrames{frame=[367,289][1926,897] display=[0,106][2294,1080] parentFrame=[0,0][0,0]} outSurfaceControl = Surface(name=com.android.systemui/com.android.systemui.usb.UsbDebuggingActivity)/@0x6767d2b
03-06 15:55:30.652  1661  2395 I WindowManager: Relayout Window{3ea02b2 u0 NotificationShade}: oldVis=4 newVis=0 focusMayChange = true requestedWidth = 1080 requestedHeight = 2400 outFrames = ClientWindowFrames{frame=[0,0][2400,1080] display=[0,0][2400,1080] parentFrame=[0,0][0,0]} outSurfaceControl = Surface(name=NotificationShade)/@0xb09988a
03-06 15:55:30.653  1661  1697 W ActivityManager: Slow operation: 59ms so far, now at startProcess: done updating battery stats
03-06 15:55:30.657  1661  1697 W ActivityManager: Slow operation: 64ms so far, now at startProcess: building log message
03-06 15:55:30.657  1661  1697 I ActivityManager: Start proc 7400:com.google.android.gms.unstable/u0a133 for service {com.google.android.gms/com.google.android.gms.droidguard.DroidGuardService}
03-06 15:55:30.657  1661  1697 W ActivityManager: Slow operation: 65ms so far, now at startProcess: starting to update pids map
03-06 15:55:30.657  1661  1697 I START_DEBUG: send START_TIMEOUT message    ProcessRecord :ProcessRecord{d61693d 7400:com.google.android.gms.unstable/u0a133}
03-06 15:55:30.657  1661  1697 I ActivityManager: ProcessObserver broadcast disabled
03-06 15:55:30.657  1661  1697 W ActivityManager: Slow operation: 65ms so far, now at startProcess: done updating pids map
03-06 15:55:30.683  2062  2062 W EmergencyButton: onConfigurationChanged, do not updated!
03-06 15:55:30.689  2062  2062 W EmergencyButton: onConfigurationChanged, do not updated!
03-06 15:55:30.714  1661  1697 I ActivityManager: Start proc 7410:com.google.android.gms.unstable/u999a133 for service {com.google.android.gms/com.google.android.gms.droidguard.DroidGuardService}
03-06 15:55:30.715  1661  1697 I START_DEBUG: send START_TIMEOUT message    ProcessRecord :ProcessRecord{9fa1365 7410:com.google.android.gms.unstable/u999a133}
03-06 15:55:30.715  1661  1697 I ActivityManager: ProcessObserver broadcast disabled
03-06 15:55:30.756  1661  1686 I WindowManager: Display id=0 rotation changed to 0 from 3, lastOrientation=-1 userRotationMode=0 userRotation=0 lastSensorRotation=0
03-06 15:55:30.781  1661  1688 I ActivityTaskManager: Config changes=20000480 {1.0 310mcc240mnc [en_GB] ldltr sw411dp w411dp h914dp 420dpi nrml long widecg port night finger -keyb/v/h -nav/h winConfig={ mBounds=Rect(0, 0 - 1080, 2400) mAppBounds=Rect(0, 0 - 1080, 2400) mMaxBounds=Rect(0, 0 - 1080, 2400) mDisplayRotation=ROTATION_0 mWindowingMode=fullscreen mActivityType=undefined mAlwaysOnTop=undefined mRotation=ROTATION_0} as.16 s.31078 ntfont=2 fontWeightAdjustment=300}
03-06 15:55:30.799  1661  1688 I WindowManager: Override config changes=20000480 {1.0 310mcc240mnc [en_GB] ldltr sw411dp w411dp h914dp 420dpi nrml long widecg port night finger -keyb/v/h -nav/h winConfig={ mBounds=Rect(0, 0 - 1080, 2400) mAppBounds=Rect(0, 0 - 1080, 2400) mMaxBounds=Rect(0, 0 - 1080, 2400) mDisplayRotation=ROTATION_0 mWindowingMode=fullscreen mActivityType=undefined mAlwaysOnTop=undefined mRotation=ROTATION_0} as.16 s.31078 ntfont=2 fontWeightAdjustment=300} for displayId=0
03-06 15:55:30.837  1661  1848 I NtCharge: mLastBatteryCycleCount:139
03-06 15:55:30.839  1661  3375 I START_DEBUG: send BINDTIMEOUT    ProcessRecord :ProcessRecord{d61693d 7400:com.google.android.gms.unstable/u0a133}
03-06 15:55:30.839  1661  3375 I START_DEBUG: remove START_TIMEOUT finish    ProcessRecord :ProcessRecord{d61693d 7400:com.google.android.gms.unstable/u0a133}
03-06 15:55:30.851  1661  2986 I WindowManager: finishDrawing of orientation change: Window{3ea02b2 u0 NotificationShade} 28ms
03-06 15:55:30.861  1661  3880 I WindowManager: finishDrawing of orientation change: Window{8c8dd0 u0 com.jamworks.dynamicspot} 39ms
03-06 15:55:30.863  1661  3359 I START_DEBUG: send BINDTIMEOUT    ProcessRecord :ProcessRecord{9fa1365 7410:com.google.android.gms.unstable/u999a133}
03-06 15:55:30.863  1661  3359 I START_DEBUG: remove START_TIMEOUT finish    ProcessRecord :ProcessRecord{9fa1365 7410:com.google.android.gms.unstable/u999a133}
03-06 15:55:30.866  1661  3385 W PackageConfigPersister: App-specific configuration not found for packageName: com.termux and userId: 0
03-06 15:55:30.897  1661  2395 I WindowManager: finishDrawing of orientation change: Window{67ea170 u0 com.termux/com.termux.app.TermuxActivity} 74ms
