03-06 15:53:11.579  1661  1743 I AppsFilter: interaction: PackageSetting{c5192e9 com.termux.x11/10370} -> PackageSetting{12be414 com.nothing.cardservice/10181} BLOCKED
03-06 15:53:11.582  2062  2156 W Looper  : Drained
03-06 15:53:11.583  1661  1697 I ActivityManager: Start proc 6271:com.google.android.documentsui/u0a78 for broadcast {com.google.android.documentsui/com.android.documentsui.PackageReceiver}
03-06 15:53:11.583  1661  1697 I START_DEBUG: send START_TIMEOUT message    ProcessRecord :ProcessRecord{79afe67 6271:com.google.android.documentsui/u0a78}
03-06 15:53:11.583  1661  1697 I ActivityManager: ProcessObserver broadcast disabled
03-06 15:53:11.609  1661  2841 I START_DEBUG: send BINDTIMEOUT    ProcessRecord :ProcessRecord{79afe67 6271:com.google.android.documentsui/u0a78}
03-06 15:53:11.609  1661  2841 I START_DEBUG: remove START_TIMEOUT finish    ProcessRecord :ProcessRecord{79afe67 6271:com.google.android.documentsui/u0a78}
03-06 15:53:11.632  1661  1899 W MagnificationConnectionManager: requestConnection duplicated request: connect=true, mConnectionState=CONNECTED
03-06 15:53:11.681  1661  3359 I START_DEBUG: remove ALL_TIMEOUT cleanup   ProcessRecord :ProcessRecord{4bc319 6235:com.brave.browser:sandboxed_process0:org.chromium.content.app.SandboxedProcessService0:57/u0a259i-8948}
03-06 15:53:11.780  1661  3359 I START_DEBUG: remove BIND_TIMEOUT finish    ProcessRecord :ProcessRecord{79afe67 6271:com.google.android.documentsui/u0a78}
03-06 15:53:11.798  1661  1697 I ActivityManager: Start proc 6307:com.google.android.rkpdapp/u0a363 for broadcast {com.google.android.rkpdapp/com.android.rkpdapp.PackageRemovalReceiver}
03-06 15:53:11.798  1661  1697 I START_DEBUG: send START_TIMEOUT message    ProcessRecord :ProcessRecord{163e57 6307:com.google.android.rkpdapp/u0a363}
03-06 15:53:11.798  1661  1697 I ActivityManager: ProcessObserver broadcast disabled
03-06 15:53:11.829  1661  3359 I START_DEBUG: send BINDTIMEOUT    ProcessRecord :ProcessRecord{163e57 6307:com.google.android.rkpdapp/u0a363}
03-06 15:53:11.829  1661  3359 I START_DEBUG: remove START_TIMEOUT finish    ProcessRecord :ProcessRecord{163e57 6307:com.google.android.rkpdapp/u0a363}
03-06 15:53:11.845  1661  1697 I ActivityManager: Start proc 6319:com.brave.browser:sandboxed_process0:org.chromium.content.app.SandboxedProcessService0:58/u0ai53 for  {com.brave.browser/org.chromium.content.app.SandboxedProcessService0:58}
03-06 15:53:11.845  1661  1697 I START_DEBUG: send START_TIMEOUT message    ProcessRecord :ProcessRecord{cf4036b 6319:com.brave.browser:sandboxed_process0:org.chromium.content.app.SandboxedProcessService0:58/u0a259i-8947}
03-06 15:53:11.845  1661  1697 I ActivityManager: ProcessObserver broadcast disabled
03-06 15:53:11.862  1661  2323 I START_DEBUG: send BINDTIMEOUT    ProcessRecord :ProcessRecord{cf4036b 6319:com.brave.browser:sandboxed_process0:org.chromium.content.app.SandboxedProcessService0:58/u0a259i-8947}
03-06 15:53:11.862  1661  2323 I START_DEBUG: remove START_TIMEOUT finish    ProcessRecord :ProcessRecord{cf4036b 6319:com.brave.browser:sandboxed_process0:org.chromium.content.app.SandboxedProcessService0:58/u0a259i-8947}
03-06 15:53:11.888  1661  2841 I START_DEBUG: remove BIND_TIMEOUT finish    ProcessRecord :ProcessRecord{cf4036b 6319:com.brave.browser:sandboxed_process0:org.chromium.content.app.SandboxedProcessService0:58/u0a259i-8947}
03-06 15:53:11.906  1661  1697 I ActivityManager: Start proc 6331:com.google.android.apps.docs/u0a147 for content provider {com.google.android.apps.docs/com.google.android.apps.docs.common.storagebackend.StorageBackendContentProvider}
03-06 15:53:11.906  1661  1697 I START_DEBUG: send START_TIMEOUT message    ProcessRecord :ProcessRecord{4d41ac5 6331:com.google.android.apps.docs/u0a147}
03-06 15:53:11.906  1661  1697 I ActivityManager: ProcessObserver broadcast disabled
03-06 15:53:11.911  1661  2324 I START_DEBUG: remove BIND_TIMEOUT finish    ProcessRecord :ProcessRecord{163e57 6307:com.google.android.rkpdapp/u0a363}
03-06 15:53:11.932  1661  2324 I START_DEBUG: send BINDTIMEOUT    ProcessRecord :ProcessRecord{4d41ac5 6331:com.google.android.apps.docs/u0a147}
03-06 15:53:11.932  1661  2324 I START_DEBUG: remove START_TIMEOUT finish    ProcessRecord :ProcessRecord{4d41ac5 6331:com.google.android.apps.docs/u0a147}
03-06 15:53:11.934  1661  1697 I ActivityManager: Start proc 6353:com.google.android.videos/u0a166 for broadcast {com.google.android.videos/com.google.android.libraries.social.peoplekit.thirdparty.viewcontrollers.ThirdPartyReceiver}
03-06 15:53:11.934  1661  1697 I START_DEBUG: send START_TIMEOUT message    ProcessRecord :ProcessRecord{a548d40 6353:com.google.android.videos/u0a166}
03-06 15:53:11.934  1661  1697 I ActivityManager: ProcessObserver broadcast disabled
03-06 15:53:11.957  1661  2841 I START_DEBUG: send BINDTIMEOUT    ProcessRecord :ProcessRecord{a548d40 6353:com.google.android.videos/u0a166}
03-06 15:53:11.957  1661  2841 I START_DEBUG: remove START_TIMEOUT finish    ProcessRecord :ProcessRecord{a548d40 6353:com.google.android.videos/u0a166}
03-06 15:53:11.980  1661  2841 I ActivityManager: Killing 6319:com.brave.browser:sandboxed_process0:org.chromium.content.app.SandboxedProcessService0:58/u0a259i-8947 (adj 0): isolated not needed
03-06 15:53:12.120  1661  3359 I START_DEBUG: remove ALL_TIMEOUT cleanup   ProcessRecord :ProcessRecord{cf4036b 6319:com.brave.browser:sandboxed_process0:org.chromium.content.app.SandboxedProcessService0:58/u0a259i-8947}
03-06 15:53:12.154  1661  2395 W PackageConfigPersister: App-specific configuration not found for packageName: com.nothing.launcher and userId: 0
03-06 15:53:12.158  1661  1680 W PackageConfigPersister: App-specific configuration not found for packageName: com.nothing.launcher and userId: 0
03-06 15:53:12.192  1661  2029 I WindowManager: Relayout Window{43b7565 u0 InputMethod}: oldVis=8 newVis=0 focusMayChange = true requestedWidth = 1080 requestedHeight = 2294 outFrames = ClientWindowFrames{frame=[0,106][1080,2400] display=[0,106][1080,2400] parentFrame=[0,0][0,0]} outSurfaceControl = Surface(name=InputMethod)/@0xf020ff6
03-06 15:53:12.542  1661  2394 I MediaSessionStack: addSession to bottom of stack | record: com.google.android.videos/play_movies_media/160 (userId=0)
03-06 15:53:12.565  1661  2029 I START_DEBUG: remove BIND_TIMEOUT finish    ProcessRecord :ProcessRecord{4d41ac5 6331:com.google.android.apps.docs/u0a147}
03-06 15:53:12.712  1661  2029 I START_DEBUG: remove BIND_TIMEOUT finish    ProcessRecord :ProcessRecord{a548d40 6353:com.google.android.videos/u0a166}
03-06 15:53:12.730  1661  1697 I ActivityManager: Start proc 6456:android.process.media/u0a74 for broadcast {com.android.providers.downloads/com.android.providers.downloads.DownloadReceiver}
03-06 15:53:12.730  1661  1697 I START_DEBUG: send START_TIMEOUT message    ProcessRecord :ProcessRecord{291eae6 6456:android.process.media/u0a74}
03-06 15:53:12.730  1661  1697 I ActivityManager: ProcessObserver broadcast disabled
03-06 15:53:12.760  1661  2029 I START_DEBUG: send BINDTIMEOUT    ProcessRecord :ProcessRecord{291eae6 6456:android.process.media/u0a74}
03-06 15:53:12.760  1661  2029 I START_DEBUG: remove START_TIMEOUT finish    ProcessRecord :ProcessRecord{291eae6 6456:android.process.media/u0a74}
03-06 15:53:12.885  1661  3359 I START_DEBUG: remove BIND_TIMEOUT finish    ProcessRecord :ProcessRecord{291eae6 6456:android.process.media/u0a74}
03-06 15:53:13.096  1661  1661 I RemoteContentProtectionService: Connection status for: ComponentInfo{com.google.android.odad/com.google.android.apps.miphone.odad.contentprotection.ContentProtectionService} changed to: disconnected
03-06 15:53:13.354  1661  1743 I AppsFilter: interaction: PackageSetting{b74cf22 com.android.microdroid.empty_payload/10314} -> PackageSetting{3316db6 com.google.android.apps.docs/10147} BLOCKED
03-06 15:53:13.354  1661  1743 I AppsFilter: interaction: PackageSetting{c5192e9 com.termux.x11/10370} -> PackageSetting{3316db6 com.google.android.apps.docs/10147} BLOCKED
03-06 15:53:13.429  1661  3453 W AppOpService: Ignored setUidMode call for runtime permission app op: uid = 10135, code = READ_CELL_BROADCASTS, mode = allow, callingUid = 1001, oldMode = allow
03-06 15:53:13.433  1661  3359 W AppOpService: Ignored setUidMode call for runtime permission app op: uid = 1001, code = READ_SMS, mode = allow, callingUid = 1001, oldMode = allow
03-06 15:53:13.434  1661  3359 W AppOpService: Ignored setUidMode call for runtime permission app op: uid = 1001, code = RECEIVE_SMS, mode = allow, callingUid = 1001, oldMode = allow
03-06 15:53:13.435  1661  3359 W AppOpService: Ignored setUidMode call for runtime permission app op: uid = 1001, code = RECEIVE_WAP_PUSH, mode = allow, callingUid = 1001, oldMode = allow
03-06 15:53:13.435  1661  3359 W AppOpService: Ignored setUidMode call for runtime permission app op: uid = 1001, code = SEND_SMS, mode = allow, callingUid = 1001, oldMode = allow
03-06 15:53:13.435  1661  3359 W AppOpService: Ignored setUidMode call for runtime permission app op: uid = 1001, code = READ_CELL_BROADCASTS, mode = allow, callingUid = 1001, oldMode = allow
03-06 15:53:13.454  1661  1899 W MagnificationConnectionManager: requestConnection duplicated request: connect=true, mConnectionState=CONNECTED
03-06 15:53:13.457  1661  2711 W AppOpService: Ignored setUidMode call for runtime permission app op: uid = 10121, code = FINE_LOCATION, mode = allow, callingUid = 1000, oldMode = allow
03-06 15:53:13.482  1661  2711 W AppOpService: Ignored setUidMode call for runtime permission app op: uid = 10121, code = FINE_LOCATION, mode = allow, callingUid = 1000, oldMode = allow
03-06 15:53:13.516  1661  2324 W AppOpService: Ignored setUidMode call for runtime permission app op: uid = 10135, code = READ_CELL_BROADCASTS, mode = allow, callingUid = 1001, oldMode = allow
03-06 15:53:13.519  1661  1680 W AppOpService: Ignored setUidMode call for runtime permission app op: uid = 1001, code = READ_SMS, mode = allow, callingUid = 1001, oldMode = allow
03-06 15:53:13.519  1661  1680 W AppOpService: Ignored setUidMode call for runtime permission app op: uid = 1001, code = RECEIVE_SMS, mode = allow, callingUid = 1001, oldMode = allow
03-06 15:53:13.520  1661  1680 W AppOpService: Ignored setUidMode call for runtime permission app op: uid = 1001, code = RECEIVE_WAP_PUSH, mode = allow, callingUid = 1001, oldMode = allow
03-06 15:53:13.520  1661  3359 W AppOpService: Ignored setUidMode call for runtime permission app op: uid = 1001, code = SEND_SMS, mode = allow, callingUid = 1001, oldMode = allow
03-06 15:53:13.521  1661  3359 W AppOpService: Ignored setUidMode call for runtime permission app op: uid = 1001, code = READ_CELL_BROADCASTS, mode = allow, callingUid = 1001, oldMode = allow
03-06 15:53:13.542  1661  2841 W NotificationService: Toast already killed. pkg=com.google.android.packageinstaller token=android.os.BinderProxy@4032d1a
03-06 15:53:16.191  1661  3453 W PackageConfigPersister: App-specific configuration not found for packageName: com.nothing.launcher and userId: 0
03-06 15:53:16.272  1661  2394 W OptProp : Cannot read opt property android.window.PROPERTY_COMPAT_ALLOW_RESIZEABLE_ACTIVITY_OVERRIDES
03-06 15:53:16.273  1661  2394 W OptProp : Cannot read opt property android.window.PROPERTY_COMPAT_ALLOW_MIN_ASPECT_RATIO_OVERRIDE
03-06 15:53:16.284  1661  1661 E MBrainLocalService: notifyAppSwitch failed
03-06 15:53:16.287  1661  2394 I ActivityTaskManager: START u0 {act=android.intent.action.MAIN cat=[android.intent.category.LAUNCHER] flg=0x10200000 xflg=0x4 cmp=com.google.android.apps.nbu.files/.home.HomeActivity bnds=[53,117][289,427]} with LAUNCH_SINGLE_TOP from uid 10184 pid 12145 (sr=14449363) (BAL_ALLOW_VISIBLE_WINDOW) result code=2
03-06 15:53:16.302  1661  2395 W WindowManager: Changing focus from Window{4117dff u0 com.nothing.launcher/com.android.searchlauncher.SearchLauncher} to null displayId=0 Callers=com.android.server.wm.RootWindowContainer.updateFocusedWindowLocked:494 com.android.server.wm.WindowManagerService.updateFocusedWindowLocked:6812 com.android.server.wm.ActivityTaskManagerService.setLastResumedActivityUncheckLocked:5261 com.android.server.wm.ActivityTaskSupervisor.updateTopResumedActivityIfNeeded:2419 
03-06 15:53:16.304  1661  1661 E MBrainLocalService: notifyAppSwitch failed
03-06 15:53:16.359  1661  3286 I WindowManager: Relayout Window{956e89d u0 SnapshotStartingWindow for taskId=283}: oldVis=8 newVis=0 focusMayChange = true requestedWidth = -1 requestedHeight = -1 outFrames = ClientWindowFrames{frame=[0,0][1080,2400] display=[0,0][1080,2400] parentFrame=[0,0][0,0]} outSurfaceControl = Surface(name=SnapshotStartingWindow for taskId=283)/@0xf5cdad2
03-06 15:53:16.404  1661  3448 W WindowManager: Changing focus from null to Window{f1af921 u0 com.google.android.apps.nbu.files/com.google.android.apps.nbu.files.documentbrowser.filebrowser.FileBrowserRegularActivity} displayId=0 Callers=com.android.server.wm.RootWindowContainer.updateFocusedWindowLocked:494 com.android.server.wm.WindowManagerService.updateFocusedWindowLocked:6812 com.android.server.wm.WindowManagerService.relayoutWindow:2786 com.android.server.wm.Session.relayout:288 
03-06 15:53:16.405  1661  3448 I WindowManager: Relayout Window{f1af921 u0 com.google.android.apps.nbu.files/com.google.android.apps.nbu.files.documentbrowser.filebrowser.FileBrowserRegularActivity}: oldVis=8 newVis=0 focusMayChange = true requestedWidth = 1080 requestedHeight = 2400 outFrames = ClientWindowFrames{frame=[0,0][1080,2400] display=[0,0][1080,2400] parentFrame=[0,0][0,0]} outSurfaceControl = Surface(name=com.google.android.apps.nbu.files/com.google.android.apps.nbu.files.documentbrowser.filebrowser.FileBrowserRegularActivity)/@0x4676f93
03-06 15:53:16.558  1661  3286 W PackageConfigPersister: App-specific configuration not found for packageName: com.google.android.apps.nbu.files and userId: 0
03-06 15:53:17.346  1661  1661 W AccessibilityManagerService:  wait for adding window timeout: 3129
03-06 15:53:19.289  1661  3334 E TaskPersister: File error accessing recents directory (directory doesn't exist?).
03-06 15:53:19.721  1661  2024 W FileUtils: Failed to chmod(AtomicFile[/data/system_de/0/system/game-manager-service.xml]): android.system.ErrnoException: chmod failed: ENOENT (No such file or directory)
03-06 15:53:19.809  1661  3448 W WindowManager: Changing focus from Window{f1af921 u0 com.google.android.apps.nbu.files/com.google.android.apps.nbu.files.documentbrowser.filebrowser.FileBrowserRegularActivity} to Window{c156ac u0 com.google.android.apps.nbu.files/com.google.android.apps.nbu.files.documentbrowser.filebrowser.FileBrowserRegularActivity} displayId=0 Callers=com.android.server.wm.RootWindowContainer.updateFocusedWindowLocked:494 com.android.server.wm.WindowManagerService.updateFocusedWindowLocked:6812 com.android.server.wm.WindowManagerService.addWindowInner:2008 com.android.server.wm.WindowManagerService.addWindow:1929 
03-06 15:53:19.822  1661  3448 I PackageInstaller: Installation Boost On
03-06 15:53:20.121  1661  1680 W OptProp : Cannot read opt property android.window.PROPERTY_COMPAT_ALLOW_MIN_ASPECT_RATIO_OVERRIDE
03-06 15:53:20.121  1661  1680 W OptProp : Cannot read opt property android.window.PROPERTY_COMPAT_ALLOW_ORIENTATION_OVERRIDE
03-06 15:53:20.121  1661  1680 W OptProp : Cannot read opt property android.window.PROPERTY_COMPAT_ALLOW_RESIZEABLE_ACTIVITY_OVERRIDES
03-06 15:53:20.125  1661  1661 E MBrainLocalService: notifyAppSwitch failed
03-06 15:53:20.126  1661  1680 I ActivityTaskManager: START u0 {act=android.content.pm.action.CONFIRM_INSTALL xflg=0x4 pkg=com.google.android.packageinstaller cmp=com.google.android.packageinstaller/com.android.packageinstaller.InstallStart (has extras)} with LAUNCH_MULTIPLE from uid 10125 pid 2870 (rr=210203800) (BAL_ALLOW_VISIBLE_WINDOW) result code=0
03-06 15:53:20.150  1661  2394 W WindowManager: Changing focus from Window{c156ac u0 com.google.android.apps.nbu.files/com.google.android.apps.nbu.files.documentbrowser.filebrowser.FileBrowserRegularActivity} to null displayId=0 Callers=com.android.server.wm.RootWindowContainer.updateFocusedWindowLocked:494 com.android.server.wm.WindowManagerService.updateFocusedWindowLocked:6812 com.android.server.wm.ActivityTaskManagerService.setLastResumedActivityUncheckLocked:5261 com.android.server.wm.ActivityTaskSupervisor.updateTopResumedActivityIfNeeded:2419 
03-06 15:53:20.156  1661  1661 E MBrainLocalService: notifyAppSwitch failed
03-06 15:53:20.178  1661  2376 W OptProp : Cannot read opt property android.window.PROPERTY_COMPAT_ALLOW_MIN_ASPECT_RATIO_OVERRIDE
03-06 15:53:20.178  1661  2376 W OptProp : Cannot read opt property android.window.PROPERTY_COMPAT_ALLOW_ORIENTATION_OVERRIDE
03-06 15:53:20.178  1661  2376 W OptProp : Cannot read opt property android.window.PROPERTY_COMPAT_ALLOW_RESIZEABLE_ACTIVITY_OVERRIDES
03-06 15:53:20.180  1661  1661 E MBrainLocalService: notifyAppSwitch failed
03-06 15:53:20.182  1661  2376 I ActivityTaskManager: START u0 {act=android.content.pm.action.CONFIRM_INSTALL flg=0x2010001 xflg=0x4 pkg=com.google.android.packageinstaller cmp=com.google.android.packageinstaller/com.android.packageinstaller.PackageInstallerActivity (has extras)} with LAUNCH_MULTIPLE from uid 10077 pid 4841 (sr=223926466) (BAL_ALLOW_VISIBLE_WINDOW) result code=0
03-06 15:53:20.236  1661  2394 W WindowManager: Changing focus from null to Window{b2dbc0b u0 com.google.android.packageinstaller/com.android.packageinstaller.PackageInstallerActivity} displayId=0 Callers=com.android.server.wm.RootWindowContainer.updateFocusedWindowLocked:494 com.android.server.wm.WindowManagerService.updateFocusedWindowLocked:6812 com.android.server.wm.WindowManagerService.addWindowInner:2008 com.android.server.wm.WindowManagerService.addWindow:1929 
03-06 15:53:20.289  1661  2394 I WindowManager: Relayout Window{f4fa183 u0 com.google.android.packageinstaller/com.android.packageinstaller.PackageInstallerActivity}: oldVis=4 newVis=0 focusMayChange = true requestedWidth = 1024 requestedHeight = 84 outFrames = ClientWindowFrames{frame=[28,1211][1052,1295] display=[0,106][1080,2400] parentFrame=[0,0][0,0]} outSurfaceControl = Surface(name=com.google.android.packageinstaller/com.android.packageinstaller.PackageInstallerActivity)/@0xc0ab9f5
03-06 15:53:20.313  1661  1688 W ProcessStats: Tracking association SourceState{a243db8 com.vilykke.lockscreen/10361 ImpFg #566321} whose proc state 5 is better than process ProcessState{6c65ed com.google.android.webview:sandboxed_process0:org.chromium.content.app.SandboxedProcessService0:0/10361 pkg=com.vilykke.lockscreen} proc state 14 (103 skipped)
03-06 15:53:20.463  1661  1848 I NtCharge: mLastBatteryCycleCount:139
03-06 15:53:20.712  1661  3448 W AppOps  : Noting op not finished: uid 10133 pkg com.google.android.gms code 113 startTime of in progress event=1772840898763
03-06 15:53:20.716  1661  3895 W AppOps  : Noting op not finished: uid 10133 pkg com.google.android.gms code 113 startTime of in progress event=1772835232348
03-06 15:53:20.721  1661  3895 W AppOps  : Noting op not finished: uid 10133 pkg com.google.android.gms code 79 startTime of in progress event=1772835232348
03-06 15:53:20.725  1661  3448 W AppOps  : Noting op not finished: uid 10133 pkg com.google.android.gms code 113 startTime of in progress event=1772835232348
03-06 15:53:20.792  1661  1661 W AccessibilityManagerService:  wait for adding window timeout: 3647
03-06 15:53:21.197  1661  2376 W WindowManager: Changing focus from Window{b2dbc0b u0 com.google.android.packageinstaller/com.android.packageinstaller.PackageInstallerActivity EXITING} to null displayId=0 Callers=com.android.server.wm.RootWindowContainer.updateFocusedWindowLocked:494 com.android.server.wm.WindowManagerService.updateFocusedWindowLocked:6812 com.android.server.wm.WindowState.setupWindowForRemoveOnExit:2451 com.android.server.wm.WindowState.removeIfPossible:2398 
03-06 15:53:21.201  1661  3448 W WindowManager: Changing focus from null to Window{c156ac u0 com.google.android.apps.nbu.files/com.google.android.apps.nbu.files.documentbrowser.filebrowser.FileBrowserRegularActivity} displayId=0 Callers=com.android.server.wm.RootWindowContainer.updateFocusedWindowLocked:494 com.android.server.wm.WindowManagerService.updateFocusedWindowLocked:6812 com.android.server.wm.ActivityTaskManagerService.setLastResumedActivityUncheckLocked:5261 com.android.server.wm.ActivityTaskSupervisor.updateTopResumedActivityIfNeeded:2419 
03-06 15:53:21.205  1661  1661 E MBrainLocalService: notifyAppSwitch failed
03-06 15:53:21.493   626  5968 I keystore2: system/security/keystore2/watchdog/src/lib.rs:377 - Watchdog thread idle -> terminating. Have a great day.
03-06 15:53:21.714  1661  2394 W AppOps  : Noting op not finished: uid 10133 pkg com.google.android.gms code 113 startTime of in progress event=1772835232348
03-06 15:53:21.714  1661  2394 W AppOps  : Noting op not finished: uid 10133 pkg com.google.android.gms code 79 startTime of in progress event=1772835232348
03-06 15:53:21.714  1661  2394 W AppOps  : Noting op not finished: uid 10133 pkg com.google.android.gms code 113 startTime of in progress event=1772835232348
03-06 15:53:21.714  1661  2394 W AppOps  : Noting op not finished: uid 10133 pkg com.google.android.gms code 113 startTime of in progress event=1772840898763
03-06 15:53:22.575  1661  1697 I ActivityManager: Start proc 6581:com.android.vending:com.google.android.finsky.verifier.apkanalysis.service.ApkContentsScanService/u0i255 for service {com.android.vending/com.google.android.finsky.verifier.apkanalysis.service.ApkContentsScanService}
03-06 15:53:22.575  1661  1697 I START_DEBUG: send START_TIMEOUT message    ProcessRecord :ProcessRecord{2e6440c 6581:com.android.vending:com.google.android.finsky.verifier.apkanalysis.service.ApkContentsScanService/u0a139i255}
03-06 15:53:22.575  1661  1697 I ActivityManager: ProcessObserver broadcast disabled
03-06 15:53:22.606  1661  2394 I START_DEBUG: send BINDTIMEOUT    ProcessRecord :ProcessRecord{2e6440c 6581:com.android.vending:com.google.android.finsky.verifier.apkanalysis.service.ApkContentsScanService/u0a139i255}
03-06 15:53:22.606  1661  2394 I START_DEBUG: remove START_TIMEOUT finish    ProcessRecord :ProcessRecord{2e6440c 6581:com.android.vending:com.google.android.finsky.verifier.apkanalysis.service.ApkContentsScanService/u0a139i255}
03-06 15:53:22.672  1661  1680 I START_DEBUG: remove BIND_TIMEOUT finish    ProcessRecord :ProcessRecord{2e6440c 6581:com.android.vending:com.google.android.finsky.verifier.apkanalysis.service.ApkContentsScanService/u0a139i255}
03-06 15:53:23.471  1661  3448 I ActivityManager: Killing 6581:com.android.vending:com.google.android.finsky.verifier.apkanalysis.service.ApkContentsScanService/u0a139i255 (adj 0): isolated not needed
03-06 15:53:23.504  1661  3895 I START_DEBUG: remove ALL_TIMEOUT cleanup   ProcessRecord :ProcessRecord{2e6440c 6581:com.android.vending:com.google.android.finsky.verifier.apkanalysis.service.ApkContentsScanService/u0a139i255}
03-06 15:53:23.618  1661  3895 W OptProp : Cannot read opt property android.window.PROPERTY_COMPAT_ALLOW_MIN_ASPECT_RATIO_OVERRIDE
03-06 15:53:23.621  1661  3895 W OptProp : Cannot read opt property android.window.PROPERTY_COMPAT_ALLOW_RESIZEABLE_ACTIVITY_OVERRIDES
03-06 15:53:23.622  1661  3895 W OptProp : Cannot read opt property android.window.PROPERTY_COMPAT_ALLOW_ORIENTATION_OVERRIDE
03-06 15:53:23.624  1661  1661 E MBrainLocalService: notifyAppSwitch failed
03-06 15:53:23.625  1661  3895 I ActivityTaskManager: START u0 {flg=0x10000000 xflg=0x4 cmp=com.android.vending/com.google.android.finsky.protectdialogs.activity.PlayProtectDialogsActivity (has extras)} with LAUNCH_MULTIPLE from uid 10139 pid 528 (BAL_ALLOW_PERMISSION) result code=0
03-06 15:53:23.631  1661  3895 W WindowManager: Changing focus from Window{c156ac u0 com.google.android.apps.nbu.files/com.google.android.apps.nbu.files.documentbrowser.filebrowser.FileBrowserRegularActivity} to null displayId=0 Callers=com.android.server.wm.RootWindowContainer.updateFocusedWindowLocked:494 com.android.server.wm.WindowManagerService.updateFocusedWindowLocked:6812 com.android.server.wm.ActivityTaskManagerService.setLastResumedActivityUncheckLocked:5261 com.android.server.wm.ActivityTaskSupervisor.updateTopResumedActivityIfNeeded:2419 
03-06 15:53:23.637  1661  1661 E MBrainLocalService: notifyAppSwitch failed
03-06 15:53:23.683  1661  3334 E TaskPersister: File error accessing recents directory (directory doesn't exist?).
03-06 15:53:23.702  1661  2394 W WindowManager: Changing focus from null to Window{321ed24 u0 com.android.vending/com.google.android.finsky.protectdialogs.activity.PlayProtectDialogsActivity} displayId=0 Callers=com.android.server.wm.RootWindowContainer.updateFocusedWindowLocked:494 com.android.server.wm.WindowManagerService.updateFocusedWindowLocked:6812 com.android.server.wm.WindowManagerService.addWindowInner:2008 com.android.server.wm.WindowManagerService.addWindow:1929 
03-06 15:53:23.706  1661  2394 I WindowManager: Relayout Window{97752db u0 com.android.vending/com.google.android.finsky.protectdialogs.activity.PlayProtectDialogsActivity}: oldVis=4 newVis=0 focusMayChange = true requestedWidth = 84 requestedHeight = 84 outFrames = ClientWindowFrames{frame=[498,1211][582,1295] display=[0,106][1080,2400] parentFrame=[0,0][0,0]} outSurfaceControl = Surface(name=com.android.vending/com.google.android.finsky.protectdialogs.activity.PlayProtectDialogsActivity)/@0x623bcbc
03-06 15:53:23.782  1661  3448 W PackageConfigPersister: App-specific configuration not found for packageName: com.android.vending and userId: 0
03-06 15:53:23.857  1661  3448 W ActivityManager: Unable to start service Intent { act=com.google.android.finsky.BIND_PLAY_MODULE_SERVICE xflg=0x4 pkg=com.android.vending } U=999: not found
03-06 15:53:23.860  1661  2394 W ActivityManager: Unable to start service Intent { act=com.google.android.finsky.BIND_PLAY_MODULE_SERVICE xflg=0x4 pkg=com.android.vending } U=999: not found
03-06 15:53:24.210  1661  1661 W AccessibilityManagerService:  wait for adding window timeout: 3648
03-06 15:53:25.859  1661  1923 W NetworkPolicy: shared quota unsupported; generating rule for each iface
03-06 15:53:30.826  1661  1661 E MBrainLocalService: notifyAppSwitch failed
03-06 15:53:30.842  1661  3286 W WindowManager: Changing focus from Window{321ed24 u0 com.android.vending/com.google.android.finsky.protectdialogs.activity.PlayProtectDialogsActivity} to Window{c156ac u0 com.google.android.apps.nbu.files/com.google.android.apps.nbu.files.documentbrowser.filebrowser.FileBrowserRegularActivity} displayId=0 Callers=com.android.server.wm.RootWindowContainer.updateFocusedWindowLocked:494 com.android.server.wm.WindowManagerService.updateFocusedWindowLocked:6812 com.android.server.wm.ActivityTaskManagerService.setLastResumedActivityUncheckLocked:5261 com.android.server.wm.ActivityTaskSupervisor.updateTopResumedActivityIfNeeded:2419 
03-06 15:53:30.846  1661  1661 E MBrainLocalService: notifyAppSwitch failed
03-06 15:53:30.871  1661  1688 W ProcessStats: Tracking association SourceState{a243db8 com.vilykke.lockscreen/10361 ImpFg #566427} whose proc state 5 is better than process ProcessState{6c65ed com.google.android.webview:sandboxed_process0:org.chromium.content.app.SandboxedProcessService0:0/10361 pkg=com.vilykke.lockscreen} proc state 14 (26 skipped)
03-06 15:53:30.891  1661  3895 I ActivityManager: Killing 3654:com.google.android.youtube/u0a172 (adj 985): empty #33
03-06 15:53:30.911  1661  1743 I PackageManager: Continuing with installation of file:///data/app/vmdl1652888877.tmp
03-06 15:53:31.013  1661  3448 I START_DEBUG: remove ALL_TIMEOUT cleanup   ProcessRecord :ProcessRecord{319c407 3654:com.google.android.youtube/u0a172}
03-06 15:53:31.408  1661  1661 W AccessibilityManagerService:  wait for adding window timeout: 3649
03-06 15:53:32.420  1661  1743 I PackageManager: installation completed for package:com.openfang.termux. Final code path: /data/app/~~0NS-f8AGngQAw_8Z4ZWUyg==/com.openfang.termux-RCmI7EsAU8xT17nt5TXpbw==
03-06 15:53:32.421  1661  1743 I AppsFilter: interaction: PackageSetting{b74cf22 com.android.microdroid.empty_payload/10314} -> PackageSetting{49fa546 com.openfang.termux/10383} BLOCKED
03-06 15:53:32.421  1661  1743 I AppsFilter: interaction: PackageSetting{c5192e9 com.termux.x11/10370} -> PackageSetting{49fa546 com.openfang.termux/10383} BLOCKED
03-06 15:53:32.421  1661  1743 I PackageManager: Installation Boost Off
03-06 15:53:32.442  1661  1943 E AppOps  : attributionTag VCN not declared in manifest of android
03-06 15:53:32.446  1661  2029 W AppOpService: Ignored setUidMode call for runtime permission app op: uid = 10135, code = READ_CELL_BROADCASTS, mode = allow, callingUid = 1001, oldMode = allow
03-06 15:53:32.452  1661  2841 W AppOpService: Ignored setUidMode call for runtime permission app op: uid = 1001, code = READ_SMS, mode = allow, callingUid = 1001, oldMode = allow
03-06 15:53:32.455  1661  1661 E AppStateIntentReceiver: notifyChange failed
03-06 15:53:32.463  1661  2841 W AppOpService: Ignored setUidMode call for runtime permission app op: uid = 1001, code = RECEIVE_SMS, mode = allow, callingUid = 1001, oldMode = allow
03-06 15:53:32.463  1661  2394 W AppOpService: Ignored setUidMode call for runtime permission app op: uid = 1001, code = RECEIVE_WAP_PUSH, mode = allow, callingUid = 1001, oldMode = allow
03-06 15:53:32.463  1661  2394 W AppOpService: Ignored setUidMode call for runtime permission app op: uid = 1001, code = SEND_SMS, mode = allow, callingUid = 1001, oldMode = allow
03-06 15:53:32.464  1661  2394 W AppOpService: Ignored setUidMode call for runtime permission app op: uid = 1001, code = READ_CELL_BROADCASTS, mode = allow, callingUid = 1001, oldMode = allow
03-06 15:53:32.467  1661  2841 W WindowManager: Changing focus from Window{c156ac u0 com.google.android.apps.nbu.files/com.google.android.apps.nbu.files.documentbrowser.filebrowser.FileBrowserRegularActivity EXITING} to Window{f1af921 u0 com.google.android.apps.nbu.files/com.google.android.apps.nbu.files.documentbrowser.filebrowser.FileBrowserRegularActivity} displayId=0 Callers=com.android.server.wm.RootWindowContainer.updateFocusedWindowLocked:494 com.android.server.wm.WindowManagerService.updateFocusedWindowLocked:6812 com.android.server.wm.WindowState.setupWindowForRemoveOnExit:2451 com.android.server.wm.WindowState.removeIfPossible:2398 
03-06 15:53:32.514  1661  1811 W PackageConfigPersister: App-specific configuration not found for packageName: com.google.android.apps.nbu.files and userId: 0
03-06 15:53:32.516  1661  1661 I AppsFilter: interaction: PackageSetting{ddab7b9 com.android.microdroid.empty_payload/10314} -> PackageSetting{c30c7fe com.openfang.termux/10383} BLOCKED
03-06 15:53:32.519  1661  1661 I AppsFilter: interaction: PackageSetting{f661675 com.termux.x11/10370} -> PackageSetting{c30c7fe com.openfang.termux/10383} BLOCKED
03-06 15:53:32.551  1661  2711 W AppOpService: Ignored setUidMode call for runtime permission app op: uid = 10121, code = FINE_LOCATION, mode = allow, callingUid = 1000, oldMode = allow
03-06 15:53:32.603  1661  2698 W AppOpService: Ignored setUidMode call for runtime permission app op: uid = 10135, code = READ_CELL_BROADCASTS, mode = allow, callingUid = 1001, oldMode = allow
03-06 15:53:32.617  1661  1811 W AppOpService: Ignored setUidMode call for runtime permission app op: uid = 1001, code = READ_SMS, mode = allow, callingUid = 1001, oldMode = allow
03-06 15:53:32.624  1661  2711 W AppOpService: Ignored setUidMode call for runtime permission app op: uid = 10121, code = FINE_LOCATION, mode = allow, callingUid = 1000, oldMode = allow
03-06 15:53:32.626  1661  2395 W AppOpService: Ignored setUidMode call for runtime permission app op: uid = 1001, code = RECEIVE_SMS, mode = allow, callingUid = 1001, oldMode = allow
03-06 15:53:32.626  1661  2029 W AppOpService: Ignored setUidMode call for runtime permission app op: uid = 1001, code = RECEIVE_WAP_PUSH, mode = allow, callingUid = 1001, oldMode = allow
03-06 15:53:32.626  1661  2029 W AppOpService: Ignored setUidMode call for runtime permission app op: uid = 1001, code = SEND_SMS, mode = allow, callingUid = 1001, oldMode = allow
03-06 15:53:32.627  1661  2395 W AppOpService: Ignored setUidMode call for runtime permission app op: uid = 1001, code = READ_CELL_BROADCASTS, mode = allow, callingUid = 1001, oldMode = allow
03-06 15:53:32.679  1661  3453 W AppOpService: Ignored setUidMode call for runtime permission app op: uid = 10135, code = READ_CELL_BROADCASTS, mode = allow, callingUid = 1001, oldMode = allow
03-06 15:53:32.683  1661  3448 W AppOpService: Ignored setUidMode call for runtime permission app op: uid = 1001, code = READ_SMS, mode = allow, callingUid = 1001, oldMode = allow
03-06 15:53:32.684  1661  2394 W AppOpService: Ignored setUidMode call for runtime permission app op: uid = 1001, code = RECEIVE_SMS, mode = allow, callingUid = 1001, oldMode = allow
03-06 15:53:32.685  1661  2394 W AppOpService: Ignored setUidMode call for runtime permission app op: uid = 1001, code = RECEIVE_WAP_PUSH, mode = allow, callingUid = 1001, oldMode = allow
03-06 15:53:32.686  1661  2394 W AppOpService: Ignored setUidMode call for runtime permission app op: uid = 1001, code = SEND_SMS, mode = allow, callingUid = 1001, oldMode = allow
03-06 15:53:32.686  1661  2698 W AppOpService: Ignored setUidMode call for runtime permission app op: uid = 1001, code = READ_CELL_BROADCASTS, mode = allow, callingUid = 1001, oldMode = allow
03-06 15:53:32.971  1661  1899 W MagnificationConnectionManager: requestConnection duplicated request: connect=true, mConnectionState=CONNECTED
03-06 15:53:32.973  1661  1697 I ActivityManager: Start proc 6652:com.android.vending:com.google.android.finsky.verifier.apkanalysis.service.ApkContentsScanService/u0i256 for service {com.android.vending/com.google.android.finsky.verifier.apkanalysis.service.ApkContentsScanService}
03-06 15:53:32.973  1661  1697 I START_DEBUG: send START_TIMEOUT message    ProcessRecord :ProcessRecord{37c19fd 6652:com.android.vending:com.google.android.finsky.verifier.apkanalysis.service.ApkContentsScanService/u0a139i256}
03-06 15:53:32.973  1661  1697 I ActivityManager: ProcessObserver broadcast disabled
03-06 15:53:33.010  1661  1899 W MagnificationConnectionManager: requestConnection duplicated request: connect=true, mConnectionState=CONNECTED
03-06 15:53:33.044  1661  2324 I START_DEBUG: send BINDTIMEOUT    ProcessRecord :ProcessRecord{37c19fd 6652:com.android.vending:com.google.android.finsky.verifier.apkanalysis.service.ApkContentsScanService/u0a139i256}
03-06 15:53:33.044  1661  2324 I START_DEBUG: remove START_TIMEOUT finish    ProcessRecord :ProcessRecord{37c19fd 6652:com.android.vending:com.google.android.finsky.verifier.apkanalysis.service.ApkContentsScanService/u0a139i256}
03-06 15:53:33.118  1661  3448 I START_DEBUG: remove BIND_TIMEOUT finish    ProcessRecord :ProcessRecord{37c19fd 6652:com.android.vending:com.google.android.finsky.verifier.apkanalysis.service.ApkContentsScanService/u0a139i256}
03-06 15:53:33.209  1661  1695 W PackageManager: Failed registering loading progress callback. Package is fully loaded.
03-06 15:53:33.227  1661  1661 I RemoteContentProtectionService: Connection status for: ComponentInfo{com.google.android.odad/com.google.android.apps.miphone.odad.contentprotection.ContentProtectionService} changed to: connected
03-06 15:53:33.277  1661  1811 I ActivityManager: Background started FGS: Allowed [callingPackage: com.google.android.odad; callingUid: 10308; uidState: IMPF; uidBFSL: n/a; intent: Intent { xflg=0x4 cmp=com.google.android.odad/com.google.android.apps.miphone.odad.backgroundwork.impl.WorkService (has extras) }; code:BACKGROUND_ACTIVITY_PERMISSION; tempAllowListReason:<null>; allowWiu:58; targetSdkVersion:36; callerTargetSdkVersion:36; startForegroundCount:0; bindFromPackage:null: isBindService:false]
03-06 15:53:33.288  1661  1811 W ForegroundServiceTypeLoggerModule: Foreground service start for UID: 10308 does not have any types
03-06 15:53:33.443  1661  3793 E AppOps  : attributionTag VCN not declared in manifest of android
03-06 15:53:33.483  2062  2156 W Looper  : Slow delivery took 1035ms when=+1s38ms SysUiBg app=com.android.systemui main=false group=RESTRICTED h=com.android.systemui.qs.tileimpl.QSTileImpl$H c=null m=5
03-06 15:53:33.836  1661  3334 E TaskPersister: File error accessing recents directory (directory doesn't exist?).
03-06 15:53:33.998  1661  1743 I AppsFilter: interaction: PackageSetting{ddab7b9 com.android.microdroid.empty_payload/10314} -> PackageSetting{9627160 com.nothing.cardservice/10181} BLOCKED
03-06 15:53:34.000  1661  1743 I AppsFilter: interaction: PackageSetting{f661675 com.termux.x11/10370} -> PackageSetting{9627160 com.nothing.cardservice/10181} BLOCKED
03-06 15:53:34.018  2062  2156 W Looper  : Drained
03-06 15:53:34.043  1661  1661 E MBrainLocalService: notifyAppSwitch failed
03-06 15:53:34.056  1661  1899 W MagnificationConnectionManager: requestConnection duplicated request: connect=true, mConnectionState=CONNECTED
03-06 15:53:34.078  1661  2029 I WindowManager: Relayout Window{4117dff u0 com.nothing.launcher/com.android.searchlauncher.SearchLauncher}: oldVis=8 newVis=0 focusMayChange = true requestedWidth = 1080 requestedHeight = 2400 outFrames = ClientWindowFrames{frame=[0,0][1080,2400] display=[0,0][1080,2400] parentFrame=[0,0][0,0]} outSurfaceControl = Surface(name=com.nothing.launcher/com.android.searchlauncher.SearchLauncher)/@0x71f3fbb
03-06 15:53:34.131  1661  1895 E HandwritingModeController: Cannot get requestId: Handwriting was not initialized.
03-06 15:53:34.150  1661  2376 W WindowManager: Changing focus from Window{f1af921 u0 com.google.android.apps.nbu.files/com.google.android.apps.nbu.files.documentbrowser.filebrowser.FileBrowserRegularActivity} to Window{4117dff u0 com.nothing.launcher/com.android.searchlauncher.SearchLauncher} displayId=0 Callers=com.android.server.wm.RootWindowContainer.updateFocusedWindowLocked:494 com.android.server.wm.WindowManagerService.updateFocusedWindowLocked:6812 com.android.server.wm.ActivityTaskManagerService.setLastResumedActivityUncheckLocked:5261 com.android.server.wm.ActivityTaskManagerService.setFocusedTask:2166 
03-06 15:53:34.400  1661  2029 W ForegroundServiceTypeLoggerModule: FGS stop call for: 10308 has no types!
03-06 15:53:34.543  1661  1661 E MBrainLocalService: notifyAppSwitch failed
03-06 15:53:34.586  1661  2376 W PackageConfigPersister: App-specific configuration not found for packageName: com.nothing.launcher and userId: 0
03-06 15:53:34.836  1661  2698 W PackageConfigPersister: App-specific configuration not found for packageName: com.nothing.launcher and userId: 0
03-06 15:53:34.838  1661  2698 W PackageConfigPersister: App-specific configuration not found for packageName: com.nothing.launcher and userId: 0
03-06 15:53:34.940  1661  2029 I WindowManager: Relayout Window{43b7565 u0 InputMethod}: oldVis=8 newVis=0 focusMayChange = true requestedWidth = 1080 requestedHeight = 2294 outFrames = ClientWindowFrames{frame=[0,106][1080,2400] display=[0,106][1080,2400] parentFrame=[0,0][0,0]} outSurfaceControl = Surface(name=InputMethod)/@0xd4cbaba
03-06 15:53:35.692  1661  3453 W ActivityManager: Unbind failed: could not find connection for android.os.BinderProxy@8101328
03-06 15:53:35.700  1661  3453 W ActivityManager: Unable to start service Intent { act=android.telephony.satellite.SatelliteService xflg=0x4 pkg=com.mediatek.satellite.service } U=0: not found
03-06 15:53:35.900  1661  2376 W ActivityManager: pid 12145 com.nothing.launcher sent binder code 23 with flags 2 to frozen apps and got error -74
03-06 15:53:36.231  1661  1661 I RemoteContentProtectionService: Connection status for: ComponentInfo{com.google.android.odad/com.google.android.apps.miphone.odad.contentprotection.ContentProtectionService} changed to: disconnected
03-06 15:53:36.696  1661  2324 W PackageConfigPersister: App-specific configuration not found for packageName: com.nothing.launcher and userId: 0
03-06 15:53:36.736  1661  2394 W OptProp : Cannot read opt property android.window.PROPERTY_COMPAT_ALLOW_RESIZEABLE_ACTIVITY_OVERRIDES
03-06 15:53:36.737  1661  2394 W OptProp : Cannot read opt property android.window.PROPERTY_COMPAT_ALLOW_MIN_ASPECT_RATIO_OVERRIDE
03-06 15:53:36.744  1661  2394 W OptProp : Cannot read opt property android.window.PROPERTY_COMPAT_ALLOW_ORIENTATION_OVERRIDE
03-06 15:53:36.748  1661  1661 E MBrainLocalService: notifyAppSwitch failed
03-06 15:53:36.749  1661  2394 I ActivityTaskManager: START u0 {act=android.intent.action.MAIN cat=[android.intent.category.LAUNCHER] flg=0x10200000 xflg=0x4 cmp=com.openfang.termux/com.nxg.OpenFangproot.MainActivity bnds=[300,117][535,427]} with LAUNCH_SINGLE_TOP from uid 10184 pid 12145 (sr=14449363) (BAL_ALLOW_VISIBLE_WINDOW) result code=0
03-06 15:53:36.776  1661  3286 I AppsFilter: interaction: PackageSetting{ddab7b9 com.android.microdroid.empty_payload/10314} -> PackageSetting{2a5fa97 com.openfang.termux/10383} BLOCKED
03-06 15:53:36.777  1661  3286 I AppsFilter: interaction: PackageSetting{f661675 com.termux.x11/10370} -> PackageSetting{2a5fa97 com.openfang.termux/10383} BLOCKED
03-06 15:53:36.790  1661  1697 I ActivityManager: Start proc 6692:com.openfang.termux/u0a383 for next-top-activity {com.openfang.termux/com.nxg.OpenFangproot.MainActivity}
03-06 15:53:36.791  1661  1697 I START_DEBUG: send START_TIMEOUT message    ProcessRecord :ProcessRecord{38b3dbb 6692:com.openfang.termux/u0a383}
03-06 15:53:36.791  1661  1697 I ActivityManager: ProcessObserver broadcast disabled
03-06 15:53:36.799  1661  3895 W WindowManager: Changing focus from Window{4117dff u0 com.nothing.launcher/com.android.searchlauncher.SearchLauncher} to null displayId=0 Callers=com.android.server.wm.RootWindowContainer.updateFocusedWindowLocked:494 com.android.server.wm.WindowManagerService.updateFocusedWindowLocked:6812 com.android.server.wm.WindowManagerService.relayoutWindow:2786 com.android.server.wm.Session.relayout:288 
03-06 15:53:36.870  1661  2376 I START_DEBUG: send BINDTIMEOUT    ProcessRecord :ProcessRecord{38b3dbb 6692:com.openfang.termux/u0a383}
03-06 15:53:36.870  1661  2376 I START_DEBUG: remove START_TIMEOUT finish    ProcessRecord :ProcessRecord{38b3dbb 6692:com.openfang.termux/u0a383}
03-06 15:53:36.885  1661  1661 E UiModeManager: mComputedNightMode:true, mNightMode.get():2, mOverrideNightModeOn:false, mOverrideNightModeOff:falsemTwilightManager.getLastTwilightState():TwilightState { sunrise=03-06 06:39 sunset=03-06 18:05 }
03-06 15:53:36.954  1661  2698 I START_DEBUG: remove BIND_TIMEOUT finish    ProcessRecord :ProcessRecord{38b3dbb 6692:com.openfang.termux/u0a383}
03-06 15:53:36.958  1661  1661 E MBrainLocalService: notifyAppSwitch failed
03-06 15:53:36.997  6692  6709 I DisplayManager: Choreographer implicitly registered for the refresh rate.
03-06 15:53:37.004  6692  6692 E TransactionExecutor: Failed to execute the transaction: tId:-1814410861 ClientTransaction{
03-06 15:53:37.004  6692  6692 E TransactionExecutor: tId:-1814410861   transactionItems=[
03-06 15:53:37.004  6692  6692 E TransactionExecutor: tId:-1814410861     LaunchActivityItem{activityToken=android.os.BinderProxy@18f2cbc,intent=Intent { act=android.intent.action.MAIN cat=[android.intent.category.LAUNCHER] flg=0x10200000 xflg=0x4 cmp=com.openfang.termux/com.nxg.OpenFangproot.MainActivity bnds=[300,117][535,427] },ident=88540326,info=ActivityInfo{4258366 com.nxg.OpenFangproot.MainActivity},curConfig={1.0 310mcc240mnc [en_GB] ldltr sw411dp w411dp h914dp 420dpi nrml long widecg port night finger -keyb/v/h -nav/h winConfig={ mBounds=Rect(0, 0 - 1080, 2400) mAppBounds=Rect(0, 0 - 1080, 2400) mMaxBounds=Rect(0, 0 - 1080, 2400) mDisplayRotation=ROTATION_0 mWindowingMode=fullscreen mActivityType=undefined mAlwaysOnTop=undefined mRotation=ROTATION_0} as.16 s.30791 ntfont=2 fontWeightAdjustment=300},overrideConfig={1.0 310mcc240mnc [en_GB] ldltr sw411dp w411dp h914dp 420dpi nrml long widecg port night finger -keyb/v/h -nav/h winConfig={ mBounds=Rect(0, 0 - 1080, 2400) mAppBounds=Rect(0, 0 - 1080, 2400) mMaxBounds=Rect(0, 0 - 1080, 2400) mDisplayRotation=ROTATION_0 mWindowingMode=fullscreen mActivityType=standard mAlwaysOnTop=undefined mRotation=ROTATION_0} as.16 s.2 ntfont=2 fontWeightAdjustment=300},deviceId=0,referrer=null,procState=2,state=null,persistentState=null,pendingResults=null,pendingNewIntents=null,sceneTransitionInfo=null,profilerInfo=null,assistToken=android.os.BinderProxy@de4d8cb,shareableActivityToken=android.os.BinderProxy@c8058a8,activityWindowInfo=ActivityWindowInfo{isEmbedded=false, taskBounds=Rect(0, 0 - 1080, 2400), taskFragmentBounds=Rect(0, 0 - 1080, 2400)}}
03-06 15:53:37.004  6692  6692 E TransactionExecutor: tId:-1814410861     ResumeActivityItem{mActivityToken=android.os.BinderProxy@18f2cbc,procState=-1,isForward=true,shouldSendCompatFakeFocus=false}
03-06 15:53:37.004  6692  6692 E TransactionExecutor: tId:-1814410861     Target activity: Not found for token: android.os.BinderProxy@18f2cbc
03-06 15:53:37.004  6692  6692 E TransactionExecutor: tId:-1814410861   ]
03-06 15:53:37.004  6692  6692 E TransactionExecutor: tId:-1814410861 }
03-06 15:53:37.018  6692  6692 E AndroidRuntime: FATAL EXCEPTION: main
03-06 15:53:37.018  6692  6692 E AndroidRuntime: Process: com.openfang.termux, PID: 6692
03-06 15:53:37.018  6692  6692 E AndroidRuntime: java.lang.RuntimeException: Unable to instantiate activity ComponentInfo{com.openfang.termux/com.nxg.OpenFangproot.MainActivity}: java.lang.ClassNotFoundException: Didn't find class "com.nxg.OpenFangproot.MainActivity" on path: DexPathList[[zip file "/data/app/~~0NS-f8AGngQAw_8Z4ZWUyg==/com.openfang.termux-RCmI7EsAU8xT17nt5TXpbw==/base.apk"],nativeLibraryDirectories=[/data/app/~~0NS-f8AGngQAw_8Z4ZWUyg==/com.openfang.termux-RCmI7EsAU8xT17nt5TXpbw==/lib/arm64, /data/app/~~0NS-f8AGngQAw_8Z4ZWUyg==/com.openfang.termux-RCmI7EsAU8xT17nt5TXpbw==/base.apk!/lib/arm64-v8a, /system/lib64, /system_ext/lib64]]
03-06 15:53:37.018  6692  6692 E AndroidRuntime: 	at android.app.ActivityThread.performLaunchActivity(ActivityThread.java:4282)
03-06 15:53:37.018  6692  6692 E AndroidRuntime: 	at android.app.ActivityThread.handleLaunchActivity(ActivityThread.java:4563)
03-06 15:53:37.018  6692  6692 E AndroidRuntime: 	at android.app.servertransaction.LaunchActivityItem.execute(LaunchActivityItem.java:222)
03-06 15:53:37.018  6692  6692 E AndroidRuntime: 	at android.app.servertransaction.TransactionExecutor.executeNonLifecycleItem(TransactionExecutor.java:133)
03-06 15:53:37.018  6692  6692 E AndroidRuntime: 	at android.app.servertransaction.TransactionExecutor.executeTransactionItems(TransactionExecutor.java:103)
03-06 15:53:37.018  6692  6692 E AndroidRuntime: 	at android.app.servertransaction.TransactionExecutor.execute(TransactionExecutor.java:80)
03-06 15:53:37.018  6692  6692 E AndroidRuntime: 	at android.app.ActivityThread$H.handleMessage(ActivityThread.java:2899)
03-06 15:53:37.018  6692  6692 E AndroidRuntime: 	at android.os.Handler.dispatchMessage(Handler.java:110)
03-06 15:53:37.018  6692  6692 E AndroidRuntime: 	at android.os.Looper.loopOnce(Looper.java:283)
03-06 15:53:37.018  6692  6692 E AndroidRuntime: 	at android.os.Looper.loop(Looper.java:392)
03-06 15:53:37.018  6692  6692 E AndroidRuntime: 	at android.app.ActivityThread.main(ActivityThread.java:9231)
03-06 15:53:37.018  6692  6692 E AndroidRuntime: 	at java.lang.reflect.Method.invoke(Native Method)
03-06 15:53:37.018  6692  6692 E AndroidRuntime: 	at com.android.internal.os.RuntimeInit$MethodAndArgsCaller.run(RuntimeInit.java:633)
03-06 15:53:37.018  6692  6692 E AndroidRuntime: 	at com.android.internal.os.ZygoteInit.main(ZygoteInit.java:1026)
03-06 15:53:37.018  6692  6692 E AndroidRuntime: Caused by: java.lang.ClassNotFoundException: Didn't find class "com.nxg.OpenFangproot.MainActivity" on path: DexPathList[[zip file "/data/app/~~0NS-f8AGngQAw_8Z4ZWUyg==/com.openfang.termux-RCmI7EsAU8xT17nt5TXpbw==/base.apk"],nativeLibraryDirectories=[/data/app/~~0NS-f8AGngQAw_8Z4ZWUyg==/com.openfang.termux-RCmI7EsAU8xT17nt5TXpbw==/lib/arm64, /data/app/~~0NS-f8AGngQAw_8Z4ZWUyg==/com.openfang.termux-RCmI7EsAU8xT17nt5TXpbw==/base.apk!/lib/arm64-v8a, /system/lib64, /system_ext/lib64]]
03-06 15:53:37.018  6692  6692 E AndroidRuntime: 	at dalvik.system.BaseDexClassLoader.findClass(BaseDexClassLoader.java:259)
03-06 15:53:37.018  6692  6692 E AndroidRuntime: 	at java.lang.ClassLoader.loadClass(ClassLoader.java:642)
03-06 15:53:37.018  6692  6692 E AndroidRuntime: 	at java.lang.ClassLoader.loadClass(ClassLoader.java:578)
03-06 15:53:37.018  6692  6692 E AndroidRuntime: 	at android.app.AppComponentFactory.instantiateActivity(AppComponentFactory.java:95)
03-06 15:53:37.018  6692  6692 E AndroidRuntime: 	at androidx.core.app.CoreComponentFactory.instantiateActivity(CoreComponentFactory.java:44)
03-06 15:53:37.018  6692  6692 E AndroidRuntime: 	at android.app.Instrumentation.newActivity(Instrumentation.java:1462)
03-06 15:53:37.018  6692  6692 E AndroidRuntime: 	at android.app.ActivityThread.performLaunchActivity(ActivityThread.java:4269)
03-06 15:53:37.018  6692  6692 E AndroidRuntime: 	... 13 more
03-06 15:53:37.027  1661  6711 I DropBoxManagerService: add tag=data_app_crash isTagEnabled=true flags=0x2
03-06 15:53:37.033  1661  3286 W ActivityTaskManager:   Force finishing activity com.openfang.termux/com.nxg.OpenFangproot.MainActivity
03-06 15:53:37.039  1661  1661 E MBrainLocalService: notifyAppSwitch failed
03-06 15:53:37.072  1661  1811 I ActivityManager: Process com.openfang.termux (pid 6692) has died: fg  TOP 
03-06 15:53:37.083  1661  2394 W PackageConfigPersister: App-specific configuration not found for packageName: com.nothing.launcher and userId: 0
