03-06 15:53:37.085  1661  1811 I START_DEBUG: remove ALL_TIMEOUT cleanup   ProcessRecord :ProcessRecord{38b3dbb 6692:com.openfang.termux/u0a383}
03-06 15:53:37.090  1661  1811 W WindowManager: Changing focus from null to Window{4117dff u0 com.nothing.launcher/com.android.searchlauncher.SearchLauncher} displayId=0 Callers=com.android.server.wm.RootWindowContainer.updateFocusedWindowLocked:494 com.android.server.wm.WindowManagerService.updateFocusedWindowLocked:6812 com.android.server.wm.ActivityRecord.onRemovedFromDisplay:4528 com.android.server.wm.DisplayContent.removeAppToken:1599 
03-06 15:53:37.096  1661  1661 E MBrainLocalService: notifyAppSwitch failed
03-06 15:53:37.117  1661  2394 W ActivityTaskManager: Request to remove task ignored for non-existent task 288
03-06 15:53:37.178  1661  2841 W PackageConfigPersister: App-specific configuration not found for packageName: com.nothing.launcher and userId: 0
03-06 15:53:37.305  1661  1661 W AccessibilityManagerService:  wait for adding window timeout: 3650
03-06 15:53:37.310  2062  2145 V WindowManagerShell: Transition animation finished (aborted=false), notifying core (#3325) android.os.BinderProxy@88f5baf@0
03-06 15:53:37.311  1661  1868 D ActivityManager: freezing 12721 com.google.android.apps.messaging
03-06 15:53:37.312  1661  1685 V WindowManager: Finish Transition (#3325): created at 03-06 15:53:37.033 collect-started=0.039ms request-sent=0.527ms started=33.149ms ready=64.135ms sent=69.121ms commit=35.964ms finished=279.121ms
03-06 15:53:37.316  1661  3793 D WindowManager: setParent old=Task{eb2593d #289 type=standard I=com.openfang.termux/com.nxg.OpenFangproot.MainActivity},new=null,this window=ActivityRecord{88540326 u0 com.openfang.termux/com.nxg.OpenFangproot.MainActivity t289 f}},callers=com.android.server.wm.WindowContainer.removeChild:896 com.android.server.wm.TaskFragment.removeChild:3274 com.android.server.wm.Task.removeChild:1569 com.android.server.wm.Task.removeChild:1552 com.android.server.wm.WindowContainer.removeImmediately:949 com.android.server.wm.WindowToken.removeImmediately:337 
03-06 15:53:37.318  1661  3793 D WindowManager: setParent old=DefaultTaskDisplayArea@27782022,new=null,this window=Task{eb2593d #289 type=standard I=com.openfang.termux/com.nxg.OpenFangproot.MainActivity},callers=com.android.server.wm.WindowContainer.removeChild:896 com.android.server.wm.TaskDisplayArea.removeChildTask:357 com.android.server.wm.TaskDisplayArea.removeChild:348 com.android.server.wm.WindowContainer.removeImmediately:949 com.android.server.wm.TaskFragment.removeImmediately:3358 com.android.server.wm.Task.removeImmediately:2853 
03-06 15:53:37.319  2062  2145 V WindowManagerShell: Track 0 became idle
03-06 15:53:37.319  2062  2145 V WindowManagerShell: All active transition animations finished
03-06 15:53:37.337  1661  3286 D Dragonite: release 40
03-06 15:53:37.534  1661  1688 W ActivityTaskManager: Activity top resumed state loss timeout for ActivityRecord{88540326 u0 com.openfang.termux/com.nxg.OpenFangproot.MainActivity t-1 f}}
03-06 15:53:37.841  1661  1661 W AccessibilityManagerService:  wait for adding window timeout: 3129
03-06 15:53:37.876  1661  3880 W OptProp : Cannot read opt property android.window.PROPERTY_COMPAT_ALLOW_RESIZEABLE_ACTIVITY_OVERRIDES
03-06 15:53:37.877  1661  3880 W OptProp : Cannot read opt property android.window.PROPERTY_COMPAT_ALLOW_MIN_ASPECT_RATIO_OVERRIDE
03-06 15:53:37.885  1661  3880 W OptProp : Cannot read opt property android.window.PROPERTY_COMPAT_ALLOW_ORIENTATION_OVERRIDE
03-06 15:53:37.893  1661  3880 I ActivityTaskManager: START u0 {act=android.intent.action.MAIN cat=[android.intent.category.LAUNCHER] flg=0x10200000 xflg=0x4 cmp=com.openfang.termux/com.nxg.OpenFangproot.MainActivity bnds=[300,117][535,427]} with LAUNCH_SINGLE_TOP from uid 10184 pid 12145 (sr=14449363) (BAL_ALLOW_VISIBLE_WINDOW) result code=0
03-06 15:53:37.902  1661  1661 E MBrainLocalService: notifyAppSwitch failed
03-06 15:53:37.926  1661  3880 W WindowManager: Changing focus from Window{4117dff u0 com.nothing.launcher/com.android.searchlauncher.SearchLauncher} to null displayId=0 Callers=com.android.server.wm.RootWindowContainer.updateFocusedWindowLocked:494 com.android.server.wm.WindowManagerService.updateFocusedWindowLocked:6812 com.android.server.wm.WindowManagerService.relayoutWindow:2786 com.android.server.wm.Session.relayout:288 
03-06 15:53:37.927  1661  1697 I ActivityManager: Start proc 6737:com.openfang.termux/u0a383 for next-top-activity {com.openfang.termux/com.nxg.OpenFangproot.MainActivity}
03-06 15:53:37.927  1661  1697 I START_DEBUG: send START_TIMEOUT message    ProcessRecord :ProcessRecord{303bde4 6737:com.openfang.termux/u0a383}
03-06 15:53:37.927  1661  1697 I ActivityManager: ProcessObserver broadcast disabled
03-06 15:53:37.959  1661  3712 I START_DEBUG: send BINDTIMEOUT    ProcessRecord :ProcessRecord{303bde4 6737:com.openfang.termux/u0a383}
03-06 15:53:37.959  1661  3712 I START_DEBUG: remove START_TIMEOUT finish    ProcessRecord :ProcessRecord{303bde4 6737:com.openfang.termux/u0a383}
03-06 15:53:38.000  1661  3712 I START_DEBUG: remove BIND_TIMEOUT finish    ProcessRecord :ProcessRecord{303bde4 6737:com.openfang.termux/u0a383}
03-06 15:53:38.004  1661  1661 E MBrainLocalService: notifyAppSwitch failed
03-06 15:53:38.013  6737  6753 I DisplayManager: Choreographer implicitly registered for the refresh rate.
03-06 15:53:38.021  6737  6737 E TransactionExecutor: Failed to execute the transaction: tId:-725283471 ClientTransaction{
03-06 15:53:38.021  6737  6737 E TransactionExecutor: tId:-725283471   transactionItems=[
03-06 15:53:38.021  6737  6737 E TransactionExecutor: tId:-725283471     LaunchActivityItem{activityToken=android.os.BinderProxy@2e7f08e,intent=Intent { act=android.intent.action.MAIN cat=[android.intent.category.LAUNCHER] flg=0x10200000 xflg=0x4 cmp=com.openfang.termux/com.nxg.OpenFangproot.MainActivity bnds=[300,117][535,427] },ident=238920938,info=ActivityInfo{c8058a8 com.nxg.OpenFangproot.MainActivity},curConfig={1.0 310mcc240mnc [en_GB] ldltr sw411dp w411dp h914dp 420dpi nrml long widecg port night finger -keyb/v/h -nav/h winConfig={ mBounds=Rect(0, 0 - 1080, 2400) mAppBounds=Rect(0, 0 - 1080, 2400) mMaxBounds=Rect(0, 0 - 1080, 2400) mDisplayRotation=ROTATION_0 mWindowingMode=fullscreen mActivityType=undefined mAlwaysOnTop=undefined mRotation=ROTATION_0} as.16 s.30792 ntfont=2 fontWeightAdjustment=300},overrideConfig={1.0 310mcc240mnc [en_GB] ldltr sw411dp w411dp h914dp 420dpi nrml long widecg port night finger -keyb/v/h -nav/h winConfig={ mBounds=Rect(0, 0 - 1080, 2400) mAppBounds=Rect(0, 0 - 1080, 2400) mMaxBounds=Rect(0, 0 - 1080, 2400) mDisplayRotation=ROTATION_0 mWindowingMode=fullscreen mActivityType=standard mAlwaysOnTop=undefined mRotation=ROTATION_0} as.16 s.2 ntfont=2 fontWeightAdjustment=300},deviceId=0,referrer=null,procState=2,state=null,persistentState=null,pendingResults=null,pendingNewIntents=null,sceneTransitionInfo=null,profilerInfo=null,assistToken=android.os.BinderProxy@eff8445,shareableActivityToken=android.os.BinderProxy@f76879a,activityWindowInfo=ActivityWindowInfo{isEmbedded=false, taskBounds=Rect(0, 0 - 1080, 2400), taskFragmentBounds=Rect(0, 0 - 1080, 2400)}}
03-06 15:53:38.021  6737  6737 E TransactionExecutor: tId:-725283471     ResumeActivityItem{mActivityToken=android.os.BinderProxy@2e7f08e,procState=-1,isForward=true,shouldSendCompatFakeFocus=false}
03-06 15:53:38.021  6737  6737 E TransactionExecutor: tId:-725283471     Target activity: Not found for token: android.os.BinderProxy@2e7f08e
03-06 15:53:38.021  6737  6737 E TransactionExecutor: tId:-725283471   ]
03-06 15:53:38.021  6737  6737 E TransactionExecutor: tId:-725283471 }
03-06 15:53:38.021  6737  6737 E AndroidRuntime: FATAL EXCEPTION: main
03-06 15:53:38.021  6737  6737 E AndroidRuntime: Process: com.openfang.termux, PID: 6737
03-06 15:53:38.021  6737  6737 E AndroidRuntime: java.lang.RuntimeException: Unable to instantiate activity ComponentInfo{com.openfang.termux/com.nxg.OpenFangproot.MainActivity}: java.lang.ClassNotFoundException: Didn't find class "com.nxg.OpenFangproot.MainActivity" on path: DexPathList[[zip file "/data/app/~~0NS-f8AGngQAw_8Z4ZWUyg==/com.openfang.termux-RCmI7EsAU8xT17nt5TXpbw==/base.apk"],nativeLibraryDirectories=[/data/app/~~0NS-f8AGngQAw_8Z4ZWUyg==/com.openfang.termux-RCmI7EsAU8xT17nt5TXpbw==/lib/arm64, /data/app/~~0NS-f8AGngQAw_8Z4ZWUyg==/com.openfang.termux-RCmI7EsAU8xT17nt5TXpbw==/base.apk!/lib/arm64-v8a, /system/lib64, /system_ext/lib64]]
03-06 15:53:38.021  6737  6737 E AndroidRuntime: 	at android.app.ActivityThread.performLaunchActivity(ActivityThread.java:4282)
03-06 15:53:38.021  6737  6737 E AndroidRuntime: 	at android.app.ActivityThread.handleLaunchActivity(ActivityThread.java:4563)
03-06 15:53:38.021  6737  6737 E AndroidRuntime: 	at android.app.servertransaction.LaunchActivityItem.execute(LaunchActivityItem.java:222)
03-06 15:53:38.021  6737  6737 E AndroidRuntime: 	at android.app.servertransaction.TransactionExecutor.executeNonLifecycleItem(TransactionExecutor.java:133)
03-06 15:53:38.021  6737  6737 E AndroidRuntime: 	at android.app.servertransaction.TransactionExecutor.executeTransactionItems(TransactionExecutor.java:103)
03-06 15:53:38.021  6737  6737 E AndroidRuntime: 	at android.app.servertransaction.TransactionExecutor.execute(TransactionExecutor.java:80)
03-06 15:53:38.021  6737  6737 E AndroidRuntime: 	at android.app.ActivityThread$H.handleMessage(ActivityThread.java:2899)
03-06 15:53:38.021  6737  6737 E AndroidRuntime: 	at android.os.Handler.dispatchMessage(Handler.java:110)
03-06 15:53:38.021  6737  6737 E AndroidRuntime: 	at android.os.Looper.loopOnce(Looper.java:283)
03-06 15:53:38.021  6737  6737 E AndroidRuntime: 	at android.os.Looper.loop(Looper.java:392)
03-06 15:53:38.021  6737  6737 E AndroidRuntime: 	at android.app.ActivityThread.main(ActivityThread.java:9231)
03-06 15:53:38.021  6737  6737 E AndroidRuntime: 	at java.lang.reflect.Method.invoke(Native Method)
03-06 15:53:38.021  6737  6737 E AndroidRuntime: 	at com.android.internal.os.RuntimeInit$MethodAndArgsCaller.run(RuntimeInit.java:633)
03-06 15:53:38.021  6737  6737 E AndroidRuntime: 	at com.android.internal.os.ZygoteInit.main(ZygoteInit.java:1026)
03-06 15:53:38.021  6737  6737 E AndroidRuntime: Caused by: java.lang.ClassNotFoundException: Didn't find class "com.nxg.OpenFangproot.MainActivity" on path: DexPathList[[zip file "/data/app/~~0NS-f8AGngQAw_8Z4ZWUyg==/com.openfang.termux-RCmI7EsAU8xT17nt5TXpbw==/base.apk"],nativeLibraryDirectories=[/data/app/~~0NS-f8AGngQAw_8Z4ZWUyg==/com.openfang.termux-RCmI7EsAU8xT17nt5TXpbw==/lib/arm64, /data/app/~~0NS-f8AGngQAw_8Z4ZWUyg==/com.openfang.termux-RCmI7EsAU8xT17nt5TXpbw==/base.apk!/lib/arm64-v8a, /system/lib64, /system_ext/lib64]]
03-06 15:53:38.021  6737  6737 E AndroidRuntime: 	at dalvik.system.BaseDexClassLoader.findClass(BaseDexClassLoader.java:259)
03-06 15:53:38.021  6737  6737 E AndroidRuntime: 	at java.lang.ClassLoader.loadClass(ClassLoader.java:642)
03-06 15:53:38.021  6737  6737 E AndroidRuntime: 	at java.lang.ClassLoader.loadClass(ClassLoader.java:578)
03-06 15:53:38.021  6737  6737 E AndroidRuntime: 	at android.app.AppComponentFactory.instantiateActivity(AppComponentFactory.java:95)
03-06 15:53:38.021  6737  6737 E AndroidRuntime: 	at androidx.core.app.CoreComponentFactory.instantiateActivity(CoreComponentFactory.java:44)
03-06 15:53:38.021  6737  6737 E AndroidRuntime: 	at android.app.Instrumentation.newActivity(Instrumentation.java:1462)
03-06 15:53:38.021  6737  6737 E AndroidRuntime: 	at android.app.ActivityThread.performLaunchActivity(ActivityThread.java:4269)
03-06 15:53:38.021  6737  6737 E AndroidRuntime: 	... 13 more
03-06 15:53:38.026  1661  6758 I DropBoxManagerService: add tag=data_app_crash isTagEnabled=true flags=0x2
03-06 15:53:38.026  1661  3880 W ActivityTaskManager:   Force finishing activity com.openfang.termux/com.nxg.OpenFangproot.MainActivity
03-06 15:53:38.033  1661  1661 E MBrainLocalService: notifyAppSwitch failed
03-06 15:53:38.058  1661  1686 I ActivityManager: Showing crash dialog for package com.openfang.termux u0
03-06 15:53:38.118  1661  3453 W PackageConfigPersister: App-specific configuration not found for packageName: com.nothing.launcher and userId: 0
03-06 15:53:38.131  1661  1686 W WindowManager: Changing focus from null to Window{a693ff u0 Application Error: com.openfang.termux} displayId=0 Callers=com.android.server.wm.RootWindowContainer.updateFocusedWindowLocked:494 com.android.server.wm.WindowManagerService.updateFocusedWindowLocked:6812 com.android.server.wm.WindowManagerService.addWindowInner:2008 com.android.server.wm.WindowManagerService.addWindow:1929 
03-06 15:53:38.430  1661  1661 W AccessibilityManagerService:  wait for adding window timeout: 3651
03-06 15:53:38.528  1661  1688 W ActivityTaskManager: Activity top resumed state loss timeout for ActivityRecord{238920938 u0 com.openfang.termux/com.nxg.OpenFangproot.MainActivity t290 f}}
03-06 15:53:38.530  1661  1688 W ActivityTaskManager: Activity pause timeout for ActivityRecord{238920938 u0 com.openfang.termux/com.nxg.OpenFangproot.MainActivity t290 f}}
03-06 15:53:38.534  1661  1661 E MBrainLocalService: notifyAppSwitch failed
03-06 15:53:39.630  1661  3880 W ActivityTaskManager: callingPackage for (uid=1000, pid=1661) is ambiguous: [android, com.android.providers.settings, com.android.server.telecom, com.android.location.fused, com.mediatek.location.lppe.main]
03-06 15:53:39.633  1661  3880 W OptProp : Cannot read opt property android.window.PROPERTY_COMPAT_ALLOW_MIN_ASPECT_RATIO_OVERRIDE
03-06 15:53:39.635  1661  3880 W OptProp : Cannot read opt property android.window.PROPERTY_COMPAT_ALLOW_RESIZEABLE_ACTIVITY_OVERRIDES
03-06 15:53:39.636  1661  3880 W OptProp : Cannot read opt property android.window.PROPERTY_COMPAT_ALLOW_ORIENTATION_OVERRIDE
03-06 15:53:39.641  1661  3880 I ActivityTaskManager: START u0 {act=android.settings.APPLICATION_DETAILS_SETTINGS dat=package: flg=0x10000000 xflg=0x4 cmp=com.android.settings/.applications.InstalledAppDetails} with LAUNCH_MULTIPLE from uid 1000 pid 1661 (BAL_ALLOW_NON_APP_VISIBLE_WINDOW) result code=0
03-06 15:53:39.643  1661  1661 E MBrainLocalService: notifyAppSwitch failed
03-06 15:53:39.675  1661  1661 E MBrainLocalService: notifyAppSwitch failed
03-06 15:53:39.691  1661  3793 I ActivityManager: Process com.openfang.termux (pid 6737) has died: cch CRE 
03-06 15:53:39.695  1661  3793 I START_DEBUG: remove ALL_TIMEOUT cleanup   ProcessRecord :ProcessRecord{303bde4 6737:com.openfang.termux/u0a383}
03-06 15:53:39.965  1661  1686 W WindowManager: Changing focus from Window{a693ff u0 Application Error: com.openfang.termux EXITING} to null displayId=0 Callers=com.android.server.wm.RootWindowContainer.updateFocusedWindowLocked:494 com.android.server.wm.WindowManagerService.updateFocusedWindowLocked:6812 com.android.server.wm.WindowState.setupWindowForRemoveOnExit:2451 com.android.server.wm.WindowState.removeIfPossible:2398 
03-06 15:53:39.970  1661  1686 W Looper  : Slow dispatch took 341ms when=+342ms android.ui app=system_server main=false group=TOP_APP h=com.android.server.am.AppErrorDialog$1 c=null m=8
03-06 15:53:39.970  1661  1686 W Looper  : Slow delivery took 341ms when=+341ms android.ui app=system_server main=false group=TOP_APP h=android.os.Handler c=android.window.WindowOnBackInvokedDispatcher$$ExternalSyntheticLambda3@18c7bf m=0
03-06 15:53:39.974  1661  1686 W Looper  : Drained
03-06 15:53:40.130  1661  3793 W OptProp : Cannot read opt property android.window.PROPERTY_COMPAT_ALLOW_MIN_ASPECT_RATIO_OVERRIDE
03-06 15:53:40.131  1661  3793 W OptProp : Cannot read opt property android.window.PROPERTY_COMPAT_ALLOW_ORIENTATION_OVERRIDE
03-06 15:53:40.134  1661  1661 E MBrainLocalService: notifyAppSwitch failed
03-06 15:53:40.135  1661  3793 I ActivityTaskManager: START u0 {xflg=0x4 cmp=com.android.settings/.spa.SpaActivity (has extras)} with LAUNCH_MULTIPLE from uid 1000 pid 12464 (sr=187644981) (BAL_ALLOW_VISIBLE_WINDOW) result code=0
03-06 15:53:40.152  1661  3793 W OptProp : Cannot read opt property android.window.PROPERTY_COMPAT_ALLOW_RESIZEABLE_ACTIVITY_OVERRIDES
03-06 15:53:40.191  1661  1661 W AccessibilityManagerService:  wait for adding window timeout: 3653
03-06 15:53:40.271  1661  2395 W WindowManager: Changing focus from null to Window{6db03bf u0 com.android.settings/com.android.settings.spa.SpaActivity} displayId=0 Callers=com.android.server.wm.RootWindowContainer.updateFocusedWindowLocked:494 com.android.server.wm.WindowManagerService.updateFocusedWindowLocked:6812 com.android.server.wm.WindowManagerService.relayoutWindow:2786 com.android.server.wm.Session.relayout:288 
03-06 15:53:40.273  1661  2395 I WindowManager: Relayout Window{6db03bf u0 com.android.settings/com.android.settings.spa.SpaActivity}: oldVis=4 newVis=0 focusMayChange = true requestedWidth = 1080 requestedHeight = 2400 outFrames = ClientWindowFrames{frame=[0,0][1080,2400] display=[0,0][1080,2400] parentFrame=[0,0][0,0]} outSurfaceControl = Surface(name=com.android.settings/com.android.settings.spa.SpaActivity)/@0x378f990
03-06 15:53:40.523  1661  2395 I ActivityManager: Killing 6652:com.android.vending:com.google.android.finsky.verifier.apkanalysis.service.ApkContentsScanService/u0a139i256 (adj 0): isolated not needed
03-06 15:53:40.527  1661  1661 E MBrainLocalService: notifyAppSwitch failed
03-06 15:53:40.531  1661  1661 E MBrainLocalService: notifyAppSwitch failed
03-06 15:53:40.602  1661  3359 W PackageConfigPersister: App-specific configuration not found for packageName: com.android.settings and userId: 0
03-06 15:53:40.748  1661  3793 I START_DEBUG: remove ALL_TIMEOUT cleanup   ProcessRecord :ProcessRecord{37c19fd 6652:com.android.vending:com.google.android.finsky.verifier.apkanalysis.service.ApkContentsScanService/u0a139i256}
03-06 15:53:41.018  1661  1688 W ProcessStats: Tracking association SourceState{a243db8 com.vilykke.lockscreen/10361 ImpFg #566659} whose proc state 5 is better than process ProcessState{6c65ed com.google.android.webview:sandboxed_process0:org.chromium.content.app.SandboxedProcessService0:0/10361 pkg=com.vilykke.lockscreen} proc state 14 (89 skipped)
03-06 15:53:41.086  1661  1923 W NetworkPolicy: shared quota unsupported; generating rule for each iface
03-06 15:53:41.771  1661  3334 E TaskPersister: File error accessing recents directory (directory doesn't exist?).
03-06 15:53:42.833   626  6578 I keystore2: system/security/keystore2/watchdog/src/lib.rs:377 - Watchdog thread idle -> terminating. Have a great day.
03-06 15:53:47.099  1661  1699 I ActivityManager: Process PhantomProcessRecord {9cd24e3 6769:12970:dumpsys/1000} died
03-06 15:53:49.312  1661  3359 W WindowManager: Changing focus from Window{6db03bf u0 com.android.settings/com.android.settings.spa.SpaActivity} to Window{69cd9f8 u0 com.android.settings/com.android.settings.spa.SpaActivity} displayId=0 Callers=com.android.server.wm.RootWindowContainer.updateFocusedWindowLocked:494 com.android.server.wm.WindowManagerService.updateFocusedWindowLocked:6812 com.android.server.wm.WindowManagerService.addWindowInner:2008 com.android.server.wm.WindowManagerService.addWindow:1929 
03-06 15:53:49.452  1661  3411 W PackageConfigPersister: App-specific configuration not found for packageName: com.android.settings and userId: 0
03-06 15:53:50.834  1661  3411 I ActivityManager: Force stopping com.openfang.termux appid=10383 user=0: from pid 12464 (com.android.settings)
03-06 15:53:50.850  1661  3359 W WindowManager: Changing focus from Window{69cd9f8 u0 com.android.settings/com.android.settings.spa.SpaActivity EXITING} to Window{6db03bf u0 com.android.settings/com.android.settings.spa.SpaActivity} displayId=0 Callers=com.android.server.wm.RootWindowContainer.updateFocusedWindowLocked:494 com.android.server.wm.WindowManagerService.updateFocusedWindowLocked:6812 com.android.server.wm.WindowState.setupWindowForRemoveOnExit:2451 com.android.server.wm.WindowState.removeIfPossible:2398 
03-06 15:53:50.854  1661  3411 I AppsFilter: interaction: PackageSetting{ddab7b9 com.android.microdroid.empty_payload/10314} -> PackageSetting{784be04 com.openfang.termux/10383} BLOCKED
03-06 15:53:50.854  1661  3411 I AppsFilter: interaction: PackageSetting{f661675 com.termux.x11/10370} -> PackageSetting{784be04 com.openfang.termux/10383} BLOCKED
03-06 15:53:50.885  1661  2376 W PackageConfigPersister: App-specific configuration not found for packageName: com.android.settings and userId: 0
03-06 15:53:50.943  1661  1923 W NetworkPolicy: shared quota unsupported; generating rule for each iface
03-06 15:53:52.700  1661  1688 I ActivityManager: updateOomAdj start time is before than pendingPid added, don't delete it
03-06 15:53:52.724  1661  1661 E MBrainLocalService: notifyAppSwitch failed
03-06 15:53:52.774  1661  3855 I WindowManager: Relayout Window{4117dff u0 com.nothing.launcher/com.android.searchlauncher.SearchLauncher}: oldVis=8 newVis=0 focusMayChange = true requestedWidth = 1080 requestedHeight = 2400 outFrames = ClientWindowFrames{frame=[0,0][1080,2400] display=[0,0][1080,2400] parentFrame=[0,0][0,0]} outSurfaceControl = Surface(name=com.nothing.launcher/com.android.searchlauncher.SearchLauncher)/@0xa8cfff8
03-06 15:53:52.818  1661  1688 W ProcessStats: Tracking association SourceState{a243db8 com.vilykke.lockscreen/10361 ImpFg #566715} whose proc state 5 is better than process ProcessState{6c65ed com.google.android.webview:sandboxed_process0:org.chromium.content.app.SandboxedProcessService0:0/10361 pkg=com.vilykke.lockscreen} proc state 14 (14 skipped)
03-06 15:53:52.836  1661  1895 E HandwritingModeController: Cannot get requestId: Handwriting was not initialized.
03-06 15:53:52.860  1661  3411 W WindowManager: Changing focus from Window{6db03bf u0 com.android.settings/com.android.settings.spa.SpaActivity} to Window{4117dff u0 com.nothing.launcher/com.android.searchlauncher.SearchLauncher} displayId=0 Callers=com.android.server.wm.RootWindowContainer.updateFocusedWindowLocked:494 com.android.server.wm.WindowManagerService.updateFocusedWindowLocked:6812 com.android.server.wm.ActivityTaskManagerService.setLastResumedActivityUncheckLocked:5261 com.android.server.wm.ActivityTaskManagerService.setFocusedTask:2166 
03-06 15:53:53.271  1661  3411 W PackageConfigPersister: App-specific configuration not found for packageName: com.nothing.launcher and userId: 0
03-06 15:53:53.790  1661  2395 W PackageConfigPersister: App-specific configuration not found for packageName: com.nothing.launcher and userId: 0
03-06 15:53:53.791  1661  2395 W PackageConfigPersister: App-specific configuration not found for packageName: com.nothing.launcher and userId: 0
03-06 15:53:53.872  1661  2395 I WindowManager: Relayout Window{43b7565 u0 InputMethod}: oldVis=8 newVis=0 focusMayChange = true requestedWidth = 1080 requestedHeight = 2294 outFrames = ClientWindowFrames{frame=[0,106][1080,2400] display=[0,106][1080,2400] parentFrame=[0,0][0,0]} outSurfaceControl = Surface(name=InputMethod)/@0xb3637df
03-06 15:53:54.907  1661  1923 W NetworkPolicy: shared quota unsupported; generating rule for each iface
03-06 15:53:55.142  1661  3793 D OomAdjuster: process : com.nothing.gallery.media.proxy, pid = 4557, isTop = false, uid = 10310, hasActivity = false
03-06 15:53:55.142  1661  3793 D OomAdjuster: system app not need limit!
03-06 15:53:55.145  1661  1983 D BackgroundInstallControlService: Package event received: 0
03-06 15:53:55.188  1661  3286 W ActivityManager: pid 12145 com.nothing.launcher sent binder code 23 with flags 2 to frozen apps and got error -74
03-06 15:53:55.993  1661  3895 W PackageConfigPersister: App-specific configuration not found for packageName: com.nothing.launcher and userId: 0
03-06 15:53:56.064  1661  3895 W OptProp : Cannot read opt property android.window.PROPERTY_COMPAT_ALLOW_RESIZEABLE_ACTIVITY_OVERRIDES
03-06 15:53:56.070  1661  3895 W OptProp : Cannot read opt property android.window.PROPERTY_COMPAT_ALLOW_MIN_ASPECT_RATIO_OVERRIDE
03-06 15:53:56.078  1661  3895 W OptProp : Cannot read opt property android.window.PROPERTY_COMPAT_ALLOW_ORIENTATION_OVERRIDE
03-06 15:53:56.085  1661  1661 E MBrainLocalService: notifyAppSwitch failed
03-06 15:53:56.088  1661  3895 I ActivityTaskManager: START u0 {act=android.intent.action.MAIN cat=[android.intent.category.LAUNCHER] flg=0x10200000 xflg=0x4 cmp=com.openfang.termux/com.nxg.OpenFangproot.MainActivity bnds=[300,117][535,427]} with LAUNCH_SINGLE_TOP from uid 10184 pid 12145 (sr=14449363) (BAL_ALLOW_VISIBLE_WINDOW) result code=0
03-06 15:53:56.115  1661  1697 I ActivityManager: Start proc 6897:com.openfang.termux/u0a383 for next-top-activity {com.openfang.termux/com.nxg.OpenFangproot.MainActivity}
03-06 15:53:56.119  1661  1697 I START_DEBUG: send START_TIMEOUT message    ProcessRecord :ProcessRecord{bc3a918 6897:com.openfang.termux/u0a383}
03-06 15:53:56.119  1661  1697 I ActivityManager: ProcessObserver broadcast disabled
03-06 15:53:56.127  1661  3453 I AppsFilter: interaction: PackageSetting{ddab7b9 com.android.microdroid.empty_payload/10314} -> PackageSetting{391c0d8 com.openfang.termux/10383} BLOCKED
03-06 15:53:56.128  1661  3453 I AppsFilter: interaction: PackageSetting{f661675 com.termux.x11/10370} -> PackageSetting{391c0d8 com.openfang.termux/10383} BLOCKED
03-06 15:53:56.153  1661  3880 W WindowManager: Changing focus from Window{4117dff u0 com.nothing.launcher/com.android.searchlauncher.SearchLauncher} to null displayId=0 Callers=com.android.server.wm.RootWindowContainer.updateFocusedWindowLocked:494 com.android.server.wm.WindowManagerService.updateFocusedWindowLocked:6812 com.android.server.wm.WindowManagerService.relayoutWindow:2786 com.android.server.wm.Session.relayout:288 
03-06 15:53:56.244  1661  3448 I START_DEBUG: send BINDTIMEOUT    ProcessRecord :ProcessRecord{bc3a918 6897:com.openfang.termux/u0a383}
03-06 15:53:56.244  1661  3448 I START_DEBUG: remove START_TIMEOUT finish    ProcessRecord :ProcessRecord{bc3a918 6897:com.openfang.termux/u0a383}
03-06 15:53:56.377  1661  3855 I START_DEBUG: remove BIND_TIMEOUT finish    ProcessRecord :ProcessRecord{bc3a918 6897:com.openfang.termux/u0a383}
03-06 15:53:56.388  1661  1661 E MBrainLocalService: notifyAppSwitch failed
03-06 15:53:56.412  6897  6915 I DisplayManager: Choreographer implicitly registered for the refresh rate.
03-06 15:53:56.417  6897  6897 E TransactionExecutor: Failed to execute the transaction: tId:855663903 ClientTransaction{
03-06 15:53:56.417  6897  6897 E TransactionExecutor: tId:855663903   transactionItems=[
03-06 15:53:56.417  6897  6897 E TransactionExecutor: tId:855663903     LaunchActivityItem{activityToken=android.os.BinderProxy@18f2cbc,intent=Intent { act=android.intent.action.MAIN cat=[android.intent.category.LAUNCHER] flg=0x10200000 xflg=0x4 cmp=com.openfang.termux/com.nxg.OpenFangproot.MainActivity bnds=[300,117][535,427] },ident=109139500,info=ActivityInfo{4258366 com.nxg.OpenFangproot.MainActivity},curConfig={1.0 310mcc240mnc [en_GB] ldltr sw411dp w411dp h914dp 420dpi nrml long widecg port night finger -keyb/v/h -nav/h winConfig={ mBounds=Rect(0, 0 - 1080, 2400) mAppBounds=Rect(0, 0 - 1080, 2400) mMaxBounds=Rect(0, 0 - 1080, 2400) mDisplayRotation=ROTATION_0 mWindowingMode=fullscreen mActivityType=undefined mAlwaysOnTop=undefined mRotation=ROTATION_0} as.16 s.30793 ntfont=2 fontWeightAdjustment=300},overrideConfig={1.0 310mcc240mnc [en_GB] ldltr sw411dp w411dp h914dp 420dpi nrml long widecg port night finger -keyb/v/h -nav/h winConfig={ mBounds=Rect(0, 0 - 1080, 2400) mAppBounds=Rect(0, 0 - 1080, 2400) mMaxBounds=Rect(0, 0 - 1080, 2400) mDisplayRotation=ROTATION_0 mWindowingMode=fullscreen mActivityType=standard mAlwaysOnTop=undefined mRotation=ROTATION_0} as.16 s.2 ntfont=2 fontWeightAdjustment=300},deviceId=0,referrer=null,procState=2,state=null,persistentState=null,pendingResults=null,pendingNewIntents=null,sceneTransitionInfo=null,profilerInfo=null,assistToken=android.os.BinderProxy@de4d8cb,shareableActivityToken=android.os.BinderProxy@c8058a8,activityWindowInfo=ActivityWindowInfo{isEmbedded=false, taskBounds=Rect(0, 0 - 1080, 2400), taskFragmentBounds=Rect(0, 0 - 1080, 2400)}}
03-06 15:53:56.417  6897  6897 E TransactionExecutor: tId:855663903     ResumeActivityItem{mActivityToken=android.os.BinderProxy@18f2cbc,procState=-1,isForward=true,shouldSendCompatFakeFocus=false}
03-06 15:53:56.417  6897  6897 E TransactionExecutor: tId:855663903     Target activity: Not found for token: android.os.BinderProxy@18f2cbc
03-06 15:53:56.417  6897  6897 E TransactionExecutor: tId:855663903   ]
03-06 15:53:56.417  6897  6897 E TransactionExecutor: tId:855663903 }
03-06 15:53:56.418  6897  6897 E AndroidRuntime: FATAL EXCEPTION: main
03-06 15:53:56.418  6897  6897 E AndroidRuntime: Process: com.openfang.termux, PID: 6897
03-06 15:53:56.418  6897  6897 E AndroidRuntime: java.lang.RuntimeException: Unable to instantiate activity ComponentInfo{com.openfang.termux/com.nxg.OpenFangproot.MainActivity}: java.lang.ClassNotFoundException: Didn't find class "com.nxg.OpenFangproot.MainActivity" on path: DexPathList[[zip file "/data/app/~~0NS-f8AGngQAw_8Z4ZWUyg==/com.openfang.termux-RCmI7EsAU8xT17nt5TXpbw==/base.apk"],nativeLibraryDirectories=[/data/app/~~0NS-f8AGngQAw_8Z4ZWUyg==/com.openfang.termux-RCmI7EsAU8xT17nt5TXpbw==/lib/arm64, /data/app/~~0NS-f8AGngQAw_8Z4ZWUyg==/com.openfang.termux-RCmI7EsAU8xT17nt5TXpbw==/base.apk!/lib/arm64-v8a, /system/lib64, /system_ext/lib64]]
03-06 15:53:56.418  6897  6897 E AndroidRuntime: 	at android.app.ActivityThread.performLaunchActivity(ActivityThread.java:4282)
03-06 15:53:56.418  6897  6897 E AndroidRuntime: 	at android.app.ActivityThread.handleLaunchActivity(ActivityThread.java:4563)
03-06 15:53:56.418  6897  6897 E AndroidRuntime: 	at android.app.servertransaction.LaunchActivityItem.execute(LaunchActivityItem.java:222)
03-06 15:53:56.418  6897  6897 E AndroidRuntime: 	at android.app.servertransaction.TransactionExecutor.executeNonLifecycleItem(TransactionExecutor.java:133)
03-06 15:53:56.418  6897  6897 E AndroidRuntime: 	at android.app.servertransaction.TransactionExecutor.executeTransactionItems(TransactionExecutor.java:103)
03-06 15:53:56.418  6897  6897 E AndroidRuntime: 	at android.app.servertransaction.TransactionExecutor.execute(TransactionExecutor.java:80)
03-06 15:53:56.418  6897  6897 E AndroidRuntime: 	at android.app.ActivityThread$H.handleMessage(ActivityThread.java:2899)
03-06 15:53:56.418  6897  6897 E AndroidRuntime: 	at android.os.Handler.dispatchMessage(Handler.java:110)
03-06 15:53:56.418  6897  6897 E AndroidRuntime: 	at android.os.Looper.loopOnce(Looper.java:283)
03-06 15:53:56.418  6897  6897 E AndroidRuntime: 	at android.os.Looper.loop(Looper.java:392)
03-06 15:53:56.418  6897  6897 E AndroidRuntime: 	at android.app.ActivityThread.main(ActivityThread.java:9231)
03-06 15:53:56.418  6897  6897 E AndroidRuntime: 	at java.lang.reflect.Method.invoke(Native Method)
03-06 15:53:56.418  6897  6897 E AndroidRuntime: 	at com.android.internal.os.RuntimeInit$MethodAndArgsCaller.run(RuntimeInit.java:633)
03-06 15:53:56.418  6897  6897 E AndroidRuntime: 	at com.android.internal.os.ZygoteInit.main(ZygoteInit.java:1026)
03-06 15:53:56.418  6897  6897 E AndroidRuntime: Caused by: java.lang.ClassNotFoundException: Didn't find class "com.nxg.OpenFangproot.MainActivity" on path: DexPathList[[zip file "/data/app/~~0NS-f8AGngQAw_8Z4ZWUyg==/com.openfang.termux-RCmI7EsAU8xT17nt5TXpbw==/base.apk"],nativeLibraryDirectories=[/data/app/~~0NS-f8AGngQAw_8Z4ZWUyg==/com.openfang.termux-RCmI7EsAU8xT17nt5TXpbw==/lib/arm64, /data/app/~~0NS-f8AGngQAw_8Z4ZWUyg==/com.openfang.termux-RCmI7EsAU8xT17nt5TXpbw==/base.apk!/lib/arm64-v8a, /system/lib64, /system_ext/lib64]]
03-06 15:53:56.418  6897  6897 E AndroidRuntime: 	at dalvik.system.BaseDexClassLoader.findClass(BaseDexClassLoader.java:259)
03-06 15:53:56.418  6897  6897 E AndroidRuntime: 	at java.lang.ClassLoader.loadClass(ClassLoader.java:642)
03-06 15:53:56.418  6897  6897 E AndroidRuntime: 	at java.lang.ClassLoader.loadClass(ClassLoader.java:578)
03-06 15:53:56.418  6897  6897 E AndroidRuntime: 	at android.app.AppComponentFactory.instantiateActivity(AppComponentFactory.java:95)
03-06 15:53:56.418  6897  6897 E AndroidRuntime: 	at androidx.core.app.CoreComponentFactory.instantiateActivity(CoreComponentFactory.java:44)
03-06 15:53:56.418  6897  6897 E AndroidRuntime: 	at android.app.Instrumentation.newActivity(Instrumentation.java:1462)
03-06 15:53:56.418  6897  6897 E AndroidRuntime: 	at android.app.ActivityThread.performLaunchActivity(ActivityThread.java:4269)
03-06 15:53:56.418  6897  6897 E AndroidRuntime: 	... 13 more
03-06 15:53:56.424  1661  6917 I DropBoxManagerService: add tag=data_app_crash isTagEnabled=true flags=0x2
03-06 15:53:56.424  1661  3712 W ActivityTaskManager:   Force finishing activity com.openfang.termux/com.nxg.OpenFangproot.MainActivity
03-06 15:53:56.427  1661  1661 E MBrainLocalService: notifyAppSwitch failed
03-06 15:53:56.473  1661  3411 I ActivityManager: Process com.openfang.termux (pid 6897) has died: fg  TOP 
03-06 15:53:56.476  1661  3411 I START_DEBUG: remove ALL_TIMEOUT cleanup   ProcessRecord :ProcessRecord{bc3a918 6897:com.openfang.termux/u0a383}
03-06 15:53:56.483  1661  3453 W PackageConfigPersister: App-specific configuration not found for packageName: com.nothing.launcher and userId: 0
03-06 15:53:56.484  1661  3411 W WindowManager: Changing focus from null to Window{4117dff u0 com.nothing.launcher/com.android.searchlauncher.SearchLauncher} displayId=0 Callers=com.android.server.wm.RootWindowContainer.updateFocusedWindowLocked:494 com.android.server.wm.WindowManagerService.updateFocusedWindowLocked:6812 com.android.server.wm.ActivityRecord.onRemovedFromDisplay:4528 com.android.server.wm.DisplayContent.removeAppToken:1599 
03-06 15:53:56.502  1661  1661 E MBrainLocalService: notifyAppSwitch failed
03-06 15:53:56.581  1661  3359 W PackageConfigPersister: App-specific configuration not found for packageName: com.nothing.launcher and userId: 0
03-06 15:53:56.670  1661  1661 W AccessibilityManagerService:  wait for adding window timeout: 3656
03-06 15:53:56.926  1661  1688 W ActivityTaskManager: Activity top resumed state loss timeout for ActivityRecord{109139500 u0 com.openfang.termux/com.nxg.OpenFangproot.MainActivity t-1 f}}
03-06 15:53:57.165  1661  1661 W AccessibilityManagerService:  wait for adding window timeout: 3129
03-06 15:53:57.564  1661  3406 W OptProp : Cannot read opt property android.window.PROPERTY_COMPAT_ALLOW_RESIZEABLE_ACTIVITY_OVERRIDES
03-06 15:53:57.565  1661  3406 W OptProp : Cannot read opt property android.window.PROPERTY_COMPAT_ALLOW_MIN_ASPECT_RATIO_OVERRIDE
03-06 15:53:57.575  1661  1661 E MBrainLocalService: notifyAppSwitch failed
03-06 15:53:57.577  1661  3406 I ActivityTaskManager: START u0 {act=android.intent.action.MAIN cat=[android.intent.category.LAUNCHER] flg=0x10200000 xflg=0x4 cmp=com.nxg.openclawproot/.MainActivity bnds=[53,117][289,427]} with LAUNCH_SINGLE_TOP from uid 10184 pid 12145 (sr=14449363) (BAL_ALLOW_VISIBLE_WINDOW) result code=2
03-06 15:53:57.598  1661  3406 W WindowManager: Changing focus from Window{4117dff u0 com.nothing.launcher/com.android.searchlauncher.SearchLauncher} to null displayId=0 Callers=com.android.server.wm.RootWindowContainer.updateFocusedWindowLocked:494 com.android.server.wm.WindowManagerService.updateFocusedWindowLocked:6812 com.android.server.wm.ActivityTaskManagerService.setLastResumedActivityUncheckLocked:5261 com.android.server.wm.ActivityTaskSupervisor.updateTopResumedActivityIfNeeded:2419 
03-06 15:53:57.604  1661  1661 E MBrainLocalService: notifyAppSwitch failed
03-06 15:53:57.614  1661  3895 I WindowManager: Relayout Window{193f88f u0 SnapshotStartingWindow for taskId=280}: oldVis=8 newVis=0 focusMayChange = true requestedWidth = -1 requestedHeight = -1 outFrames = ClientWindowFrames{frame=[0,0][1080,2400] display=[0,0][1080,2400] parentFrame=[0,0][0,0]} outSurfaceControl = Surface(name=SnapshotStartingWindow for taskId=280)/@0x5910f25
03-06 15:53:57.664  1661  2400 W WindowManager: Changing focus from null to Window{c786737 u0 com.nxg.openclawproot/com.nxg.openclawproot.MainActivity} displayId=0 Callers=com.android.server.wm.RootWindowContainer.updateFocusedWindowLocked:494 com.android.server.wm.WindowManagerService.updateFocusedWindowLocked:6812 com.android.server.wm.WindowManagerService.relayoutWindow:2786 com.android.server.wm.Session.relayout:288 
03-06 15:53:57.664  1661  2400 I WindowManager: Relayout Window{c786737 u0 com.nxg.openclawproot/com.nxg.openclawproot.MainActivity}: oldVis=8 newVis=0 focusMayChange = true requestedWidth = 1080 requestedHeight = 2400 outFrames = ClientWindowFrames{frame=[0,0][1080,2400] display=[0,0][1080,2400] parentFrame=[0,0][0,0]} outSurfaceControl = Surface(name=com.nxg.openclawproot/com.nxg.openclawproot.MainActivity)/@0x28f120
03-06 15:53:57.716  1661  2400 W PackageConfigPersister: App-specific configuration not found for packageName: com.nxg.openclawproot and userId: 0
03-06 15:53:59.445  1661  1661 E UiModeManager: mComputedNightMode:true, mNightMode.get():2, mOverrideNightModeOn:false, mOverrideNightModeOff:falsemTwilightManager.getLastTwilightState():TwilightState { sunrise=03-06 06:39 sunset=03-06 18:05 }
03-06 15:53:59.680  1661  1688 I ActivityManager: updateOomAdj start time is before than pendingPid added, don't delete it
03-06 15:53:59.686  1661  1661 E MBrainLocalService: notifyAppSwitch failed
03-06 15:53:59.711  1661  3406 I WindowManager: Relayout Window{4117dff u0 com.nothing.launcher/com.android.searchlauncher.SearchLauncher}: oldVis=8 newVis=0 focusMayChange = true requestedWidth = 1080 requestedHeight = 2400 outFrames = ClientWindowFrames{frame=[0,0][1080,2400] display=[0,0][1080,2400] parentFrame=[0,0][0,0]} outSurfaceControl = Surface(name=com.nothing.launcher/com.android.searchlauncher.SearchLauncher)/@0x55c0615
03-06 15:53:59.737  1661  1895 E HandwritingModeController: Cannot get requestId: Handwriting was not initialized.
03-06 15:53:59.751  1661  3895 W WindowManager: Changing focus from Window{c786737 u0 com.nxg.openclawproot/com.nxg.openclawproot.MainActivity} to Window{4117dff u0 com.nothing.launcher/com.android.searchlauncher.SearchLauncher} displayId=0 Callers=com.android.server.wm.RootWindowContainer.updateFocusedWindowLocked:494 com.android.server.wm.WindowManagerService.updateFocusedWindowLocked:6812 com.android.server.wm.ActivityTaskManagerService.setLastResumedActivityUncheckLocked:5261 com.android.server.wm.ActivityTaskManagerService.setFocusedTask:2166 
03-06 15:54:00.098  1661  3334 E TaskPersister: File error accessing recents directory (directory doesn't exist?).
03-06 15:54:00.139  1661  1661 E MBrainLocalService: notifyAppSwitch failed
03-06 15:54:00.172  1661  3406 W PackageConfigPersister: App-specific configuration not found for packageName: com.nothing.launcher and userId: 0
03-06 15:54:00.434  1661  1848 I NtCharge: mLastBatteryCycleCount:139
03-06 15:54:00.658  1661  1661 W AccessibilityManagerService:  wait for adding window timeout: 3582
03-06 15:54:02.595  1661  1688 W AccessibilityWindowsPopulator: Windows change within in 2 frames continuously over 500 ms and notify windows changed immediately
03-06 15:54:04.886  1661  1699 I ActivityManager: Process PhantomProcessRecord {cf4b3f2 6885:12970:dumpsys/1000} died
03-06 15:54:06.249  1661  3406 W ActivityTaskManager: callingPackage for (uid=-1, pid=-1) has no WPC
03-06 15:54:06.258  1661  1661 E MBrainLocalService: notifyAppSwitch failed
03-06 15:54:06.267  1661  3448 I WindowManager: Relayout Window{6599fd8 u0 SnapshotStartingWindow for taskId=287}: oldVis=8 newVis=0 focusMayChange = true requestedWidth = -1 requestedHeight = -1 outFrames = ClientWindowFrames{frame=[0,0][1080,2400] display=[0,0][1080,2400] parentFrame=[0,0][0,0]} outSurfaceControl = Surface(name=SnapshotStartingWindow for taskId=287)/@0xbed0f31
03-06 15:54:06.274  1661  2841 W WindowManager: Changing focus from Window{4117dff u0 com.nothing.launcher/com.android.searchlauncher.SearchLauncher} to null displayId=0 Callers=com.android.server.wm.RootWindowContainer.updateFocusedWindowLocked:494 com.android.server.wm.WindowManagerService.updateFocusedWindowLocked:6812 com.android.server.wm.ActivityTaskManagerService.setLastResumedActivityUncheckLocked:5261 com.android.server.wm.ActivityTaskSupervisor.updateTopResumedActivityIfNeeded:2419 
03-06 15:54:06.276  1661  1661 E MBrainLocalService: notifyAppSwitch failed
03-06 15:54:06.313  1661  1688 W ProcessStats: Tracking association SourceState{a243db8 com.vilykke.lockscreen/10361 ImpFg #566818} whose proc state 5 is better than process ProcessState{6c65ed com.google.android.webview:sandboxed_process0:org.chromium.content.app.SandboxedProcessService0:0/10361 pkg=com.vilykke.lockscreen} proc state 14 (61 skipped)
03-06 15:54:06.444  1661  3895 W WindowManager: Changing focus from null to Window{b2d099d u0 org.telegram.messenger/org.telegram.messenger.AquaIcon} displayId=0 Callers=com.android.server.wm.RootWindowContainer.updateFocusedWindowLocked:494 com.android.server.wm.WindowManagerService.updateFocusedWindowLocked:6812 com.android.server.wm.WindowManagerService.relayoutWindow:2786 com.android.server.wm.Session.relayout:288 
03-06 15:54:06.444  1661  3895 I WindowManager: Relayout Window{b2d099d u0 org.telegram.messenger/org.telegram.messenger.AquaIcon}: oldVis=8 newVis=0 focusMayChange = true requestedWidth = 1080 requestedHeight = 2400 outFrames = ClientWindowFrames{frame=[0,0][1080,2400] display=[0,0][1080,2400] parentFrame=[0,0][0,0]} outSurfaceControl = Surface(name=org.telegram.messenger/org.telegram.messenger.AquaIcon)/@0xc6ef85e
03-06 15:54:06.728  1661  2400 W PackageConfigPersister: App-specific configuration not found for packageName: org.telegram.messenger and userId: 0
03-06 15:54:07.021  1661  1661 W AccessibilityManagerService:  wait for adding window timeout: 3126
03-06 15:54:07.028  1661  3359 W PackageConfigPersister: App-specific configuration not found for packageName: org.telegram.messenger and userId: 0
03-06 15:54:08.229  1661  2841 I WindowManager: Relayout Window{43b7565 u0 InputMethod}: oldVis=8 newVis=0 focusMayChange = true requestedWidth = 1080 requestedHeight = 2294 outFrames = ClientWindowFrames{frame=[0,106][1080,2400] display=[0,106][1080,2400] parentFrame=[0,0][0,0]} outSurfaceControl = Surface(name=InputMethod)/@0x6dbf622
03-06 15:54:09.260  1661  3334 E TaskPersister: File error accessing recents directory (directory doesn't exist?).
03-06 15:54:14.578  1661  1688 I ActivityManager: updateOomAdj start time is before than pendingPid added, don't delete it
03-06 15:54:14.579  1661  1661 E MBrainLocalService: notifyAppSwitch failed
03-06 15:54:14.600  1661  3406 I WindowManager: Relayout Window{4117dff u0 com.nothing.launcher/com.android.searchlauncher.SearchLauncher}: oldVis=8 newVis=0 focusMayChange = true requestedWidth = 1080 requestedHeight = 2400 outFrames = ClientWindowFrames{frame=[0,0][1080,2400] display=[0,0][1080,2400] parentFrame=[0,0][0,0]} outSurfaceControl = Surface(name=com.nothing.launcher/com.android.searchlauncher.SearchLauncher)/@0xadba1e4
03-06 15:54:14.644  1661  1895 E HandwritingModeController: Cannot get requestId: Handwriting was not initialized.
03-06 15:54:14.650  1661  3880 W WindowManager: Changing focus from Window{b2d099d u0 org.telegram.messenger/org.telegram.messenger.AquaIcon} to Window{4117dff u0 com.nothing.launcher/com.android.searchlauncher.SearchLauncher} displayId=0 Callers=com.android.server.wm.RootWindowContainer.updateFocusedWindowLocked:494 com.android.server.wm.WindowManagerService.updateFocusedWindowLocked:6812 com.android.server.wm.ActivityTaskManagerService.setLastResumedActivityUncheckLocked:5261 com.android.server.wm.ActivityTaskManagerService.setFocusedTask:2166 
03-06 15:54:15.033  1661  1661 E MBrainLocalService: notifyAppSwitch failed
03-06 15:54:15.046  1661  3793 W ActivityTaskManager: takeTaskSnapshot: taskId=287 not found or not visible
03-06 15:54:15.092  1661  3895 W PackageConfigPersister: App-specific configuration not found for packageName: com.nothing.launcher and userId: 0
03-06 15:54:15.295  1661  3880 W ActivityManager: Unbind failed: could not find connection for android.os.BinderProxy@de29355
03-06 15:54:15.303  1661  3880 W ActivityManager: Unable to start service Intent { act=android.telephony.satellite.SatelliteService xflg=0x4 pkg=com.mediatek.satellite.service } U=0: not found
03-06 15:54:15.701  1661  3406 W PackageConfigPersister: App-specific configuration not found for packageName: com.nothing.launcher and userId: 0
03-06 15:54:15.721  1661  3405 I WindowManager: Relayout Window{43b7565 u0 InputMethod}: oldVis=8 newVis=0 focusMayChange = true requestedWidth = 1080 requestedHeight = 2294 outFrames = ClientWindowFrames{frame=[0,106][1080,2400] display=[0,106][1080,2400] parentFrame=[0,0][0,0]} outSurfaceControl = Surface(name=InputMethod)/@0x36ede7d
03-06 15:54:15.735  1661  3880 W PackageConfigPersister: App-specific configuration not found for packageName: com.nothing.launcher and userId: 0
03-06 15:54:16.864  1661  2986 W ActivityManager: pid 12145 com.nothing.launcher sent binder code 23 with flags 2 to frozen apps and got error -74
03-06 15:54:16.930  1661  1688 W AccessibilityWindowsPopulator: Windows change within in 2 frames continuously over 500 ms and notify windows changed immediately
03-06 15:54:17.623  1661  3405 W PackageConfigPersister: App-specific configuration not found for packageName: com.nothing.launcher and userId: 0
03-06 15:54:17.685  1661  3375 W OptProp : Cannot read opt property android.window.PROPERTY_COMPAT_ALLOW_RESIZEABLE_ACTIVITY_OVERRIDES
03-06 15:54:17.686  1661  3375 W OptProp : Cannot read opt property android.window.PROPERTY_COMPAT_ALLOW_MIN_ASPECT_RATIO_OVERRIDE
03-06 15:54:17.699  1661  3375 W OptProp : Cannot read opt property android.window.PROPERTY_COMPAT_ALLOW_ORIENTATION_OVERRIDE
03-06 15:54:17.706  1661  3375 I ActivityTaskManager: START u0 {act=android.intent.action.MAIN cat=[android.intent.category.LAUNCHER] flg=0x10200000 xflg=0x4 cmp=com.termux/.app.TermuxActivity bnds=[53,117][289,427]} with LAUNCH_SINGLE_TASK from uid 10184 pid 12145 (sr=14449363) (BAL_ALLOW_VISIBLE_WINDOW) result code=0
03-06 15:54:17.709  1661  1661 E MBrainLocalService: notifyAppSwitch failed
03-06 15:54:17.743  1661  3405 W ProcessStats: Tracking association SourceState{a243db8 com.vilykke.lockscreen/10361 ImpFg #566876} whose proc state 5 is better than process ProcessState{6c65ed com.google.android.webview:sandboxed_process0:org.chromium.content.app.SandboxedProcessService0:0/10361 pkg=com.vilykke.lockscreen} proc state 14 (31 skipped)
03-06 15:54:17.757  1661  1697 I ActivityManager: Start proc 7012:com.termux/u0a377 for next-top-activity {com.termux/com.termux.app.TermuxActivity}
03-06 15:54:17.757  1661  1697 I START_DEBUG: send START_TIMEOUT message    ProcessRecord :ProcessRecord{69f6bc6 7012:com.termux/u0a377}
03-06 15:54:17.757  1661  1697 I ActivityManager: ProcessObserver broadcast disabled
03-06 15:54:17.777  1661  3453 W WindowManager: Changing focus from Window{4117dff u0 com.nothing.launcher/com.android.searchlauncher.SearchLauncher} to null displayId=0 Callers=com.android.server.wm.RootWindowContainer.updateFocusedWindowLocked:494 com.android.server.wm.WindowManagerService.updateFocusedWindowLocked:6812 com.android.server.wm.WindowManagerService.relayoutWindow:2786 com.android.server.wm.Session.relayout:288 
03-06 15:54:17.905  1661  2986 I START_DEBUG: send BINDTIMEOUT    ProcessRecord :ProcessRecord{69f6bc6 7012:com.termux/u0a377}
03-06 15:54:17.905  1661  2986 I START_DEBUG: remove START_TIMEOUT finish    ProcessRecord :ProcessRecord{69f6bc6 7012:com.termux/u0a377}
03-06 15:54:17.987  1661  2841 I START_DEBUG: remove BIND_TIMEOUT finish    ProcessRecord :ProcessRecord{69f6bc6 7012:com.termux/u0a377}
03-06 15:54:17.995  1661  1661 E MBrainLocalService: notifyAppSwitch failed
03-06 15:54:18.017  7012  7031 I DisplayManager: Choreographer implicitly registered for the refresh rate.
03-06 15:54:18.099  1661  2986 I ActivityManager: Background started FGS: Allowed [callingPackage: com.termux; callingUid: 10377; uidState: TOP ; uidBFSL: [BFSL]; intent: Intent { xflg=0x4 cmp=com.termux/.app.TermuxService }; code:PROC_STATE_TOP; tempAllowListReason:<,reasonCode:SYSTEM_ALLOW_LISTED,duration:9223372036854775807,callingUid:-1>; allowWiu:12; targetSdkVersion:36; callerTargetSdkVersion:36; startForegroundCount:0; bindFromPackage:null: isBindService:false]
03-06 15:54:18.180  1661  2986 I ActivityManager: Background started FGS: Allowed [callingPackage: com.termux; callingUid: 10377; uidState: TOP ; uidBFSL: [BFSL]; intent: Intent { xflg=0x4 cmp=com.termux/.app.TermuxService }; code:PROC_STATE_TOP; tempAllowListReason:<,reasonCode:SYSTEM_ALLOW_LISTED,duration:9223372036854775807,callingUid:-1>; allowWiu:12; targetSdkVersion:36; callerTargetSdkVersion:36; startForegroundCount:0; bindFromPackage:null: isBindService:true]
03-06 15:54:18.181  1661  2986 W ForegroundServiceTypeLoggerModule: Foreground service start for UID: 10377 does not have any types
03-06 15:54:18.188  1661  2344 W WindowManager: Changing focus from null to Window{67ea170 u0 com.termux/com.termux.app.TermuxActivity} displayId=0 Callers=com.android.server.wm.RootWindowContainer.updateFocusedWindowLocked:494 com.android.server.wm.WindowManagerService.updateFocusedWindowLocked:6812 com.android.server.wm.WindowManagerService.relayoutWindow:2786 com.android.server.wm.Session.relayout:288 
